Archive member included to satisfy reference by file (symbol)

C:/Software/Clion/Arm_GNU/14EFD8~1.2RE/bin/../lib/gcc/arm-none-eabi/14.2.1/thumb/v7e-m/nofp\libgcc.a(_arm_muldf3.o)
                              CMakeFiles/ui.elf.dir/myDrivers/myTimeIR.c.obj (__aeabi_dmul)
C:/Software/Clion/Arm_GNU/14EFD8~1.2RE/bin/../lib/gcc/arm-none-eabi/14.2.1/thumb/v7e-m/nofp\libgcc.a(_arm_mulsf3.o)
                              CMakeFiles/ui.elf.dir/Core/Src/system_stm32h7xx.c.obj (__aeabi_fmul)
C:/Software/Clion/Arm_GNU/14EFD8~1.2RE/bin/../lib/gcc/arm-none-eabi/14.2.1/thumb/v7e-m/nofp\libgcc.a(_arm_addsubdf3.o)
                              CMakeFiles/ui.elf.dir/myGui/pageGui_volt.c.obj (__aeabi_dsub)
C:/Software/Clion/Arm_GNU/14EFD8~1.2RE/bin/../lib/gcc/arm-none-eabi/14.2.1/thumb/v7e-m/nofp\libgcc.a(_arm_muldivdf3.o)
                              CMakeFiles/ui.elf.dir/myDrivers/myStreamParser.c.obj (__aeabi_ddiv)
C:/Software/Clion/Arm_GNU/14EFD8~1.2RE/bin/../lib/gcc/arm-none-eabi/14.2.1/thumb/v7e-m/nofp\libgcc.a(_arm_cmpdf2.o)
                              CMakeFiles/ui.elf.dir/myDrivers/myStreamParser.c.obj (__aeabi_dcmpeq)
C:/Software/Clion/Arm_GNU/14EFD8~1.2RE/bin/../lib/gcc/arm-none-eabi/14.2.1/thumb/v7e-m/nofp\libgcc.a(_arm_truncdfsf2.o)
                              CMakeFiles/ui.elf.dir/myGui/menu.c.obj (__aeabi_d2f)
C:/Software/Clion/Arm_GNU/14EFD8~1.2RE/bin/../lib/gcc/arm-none-eabi/14.2.1/thumb/v7e-m/nofp\libgcc.a(_arm_addsubsf3.o)
                              CMakeFiles/ui.elf.dir/myDrivers/myAdc.c.obj (__aeabi_fsub)
C:/Software/Clion/Arm_GNU/14EFD8~1.2RE/bin/../lib/gcc/arm-none-eabi/14.2.1/thumb/v7e-m/nofp\libgcc.a(_arm_muldivsf3.o)
                              CMakeFiles/ui.elf.dir/Core/Src/system_stm32h7xx.c.obj (__aeabi_fdiv)
C:/Software/Clion/Arm_GNU/14EFD8~1.2RE/bin/../lib/gcc/arm-none-eabi/14.2.1/thumb/v7e-m/nofp\libgcc.a(_arm_cmpsf2.o)
                              CMakeFiles/ui.elf.dir/myGui/menu.c.obj (__aeabi_fcmpeq)
C:/Software/Clion/Arm_GNU/14EFD8~1.2RE/bin/../lib/gcc/arm-none-eabi/14.2.1/thumb/v7e-m/nofp\libgcc.a(_arm_fixsfsi.o)
                              CMakeFiles/ui.elf.dir/myDrivers/myAdc.c.obj (__aeabi_f2iz)
C:/Software/Clion/Arm_GNU/14EFD8~1.2RE/bin/../lib/gcc/arm-none-eabi/14.2.1/thumb/v7e-m/nofp\libgcc.a(_arm_fixunssfsi.o)
                              CMakeFiles/ui.elf.dir/Core/Src/system_stm32h7xx.c.obj (__aeabi_f2uiz)
C:/Software/Clion/Arm_GNU/14EFD8~1.2RE/bin/../lib/gcc/arm-none-eabi/14.2.1/thumb/v7e-m/nofp\libgcc.a(_aeabi_uldivmod.o)
                              CMakeFiles/ui.elf.dir/Drivers/STM32H7xx_HAL_Driver/Src/stm32h7xx_hal_uart.c.obj (__aeabi_uldivmod)
C:/Software/Clion/Arm_GNU/14EFD8~1.2RE/bin/../lib/gcc/arm-none-eabi/14.2.1/thumb/v7e-m/nofp\libgcc.a(_udivmoddi4.o)
                              C:/Software/Clion/Arm_GNU/14EFD8~1.2RE/bin/../lib/gcc/arm-none-eabi/14.2.1/thumb/v7e-m/nofp\libgcc.a(_aeabi_uldivmod.o) (__udivmoddi4)
C:/Software/Clion/Arm_GNU/14EFD8~1.2RE/bin/../lib/gcc/arm-none-eabi/14.2.1/thumb/v7e-m/nofp\libgcc.a(_dvmd_tls.o)
                              C:/Software/Clion/Arm_GNU/14EFD8~1.2RE/bin/../lib/gcc/arm-none-eabi/14.2.1/thumb/v7e-m/nofp\libgcc.a(_aeabi_uldivmod.o) (__aeabi_ldiv0)
C:/Software/Clion/Arm_GNU/14EFD8~1.2RE/bin/../lib/gcc/arm-none-eabi/14.2.1/thumb/v7e-m/nofp\libg.a(libc_a-exit.o)
                              C:/Software/Clion/Arm_GNU/14EFD8~1.2RE/bin/../lib/gcc/arm-none-eabi/14.2.1/thumb/v7e-m/nofp/crt0.o (exit)
C:/Software/Clion/Arm_GNU/14EFD8~1.2RE/bin/../lib/gcc/arm-none-eabi/14.2.1/thumb/v7e-m/nofp\libg.a(libc_a-malloc.o)
                              CMakeFiles/ui.elf.dir/myGui/pageGui_serial.c.obj (malloc)
C:/Software/Clion/Arm_GNU/14EFD8~1.2RE/bin/../lib/gcc/arm-none-eabi/14.2.1/thumb/v7e-m/nofp\libg.a(libc_a-mallocr.o)
                              C:/Software/Clion/Arm_GNU/14EFD8~1.2RE/bin/../lib/gcc/arm-none-eabi/14.2.1/thumb/v7e-m/nofp\libg.a(libc_a-malloc.o) (_malloc_r)
C:/Software/Clion/Arm_GNU/14EFD8~1.2RE/bin/../lib/gcc/arm-none-eabi/14.2.1/thumb/v7e-m/nofp\libg.a(libc_a-mlock.o)
                              C:/Software/Clion/Arm_GNU/14EFD8~1.2RE/bin/../lib/gcc/arm-none-eabi/14.2.1/thumb/v7e-m/nofp\libg.a(libc_a-mallocr.o) (__malloc_lock)
C:/Software/Clion/Arm_GNU/14EFD8~1.2RE/bin/../lib/gcc/arm-none-eabi/14.2.1/thumb/v7e-m/nofp\libg.a(libc_a-findfp.o)
                              C:/Software/Clion/Arm_GNU/14EFD8~1.2RE/bin/../lib/gcc/arm-none-eabi/14.2.1/thumb/v7e-m/nofp\libg.a(libc_a-exit.o) (__stdio_exit_handler)
C:/Software/Clion/Arm_GNU/14EFD8~1.2RE/bin/../lib/gcc/arm-none-eabi/14.2.1/thumb/v7e-m/nofp\libg.a(libc_a-fwalk.o)
                              C:/Software/Clion/Arm_GNU/14EFD8~1.2RE/bin/../lib/gcc/arm-none-eabi/14.2.1/thumb/v7e-m/nofp\libg.a(libc_a-findfp.o) (_fwalk_sglue)
C:/Software/Clion/Arm_GNU/14EFD8~1.2RE/bin/../lib/gcc/arm-none-eabi/14.2.1/thumb/v7e-m/nofp\libg.a(libc_a-sprintf.o)
                              CMakeFiles/ui.elf.dir/myDrivers/myLib.c.obj (sprintf)
[...]
Memory Configuration

Name             Origin             Length             Attributes
FLASH            0x08000000         0x00020000         xr
DTCMRAM          0x20000000         0x00020000         xrw
RAM_D1           0x24000000         0x00080000         xrw
RAM_D2           0x30000000         0x00048000         xrw
RAM_D3           0x38000000         0x00010000         xrw
ITCMRAM          0x00000000         0x00010000         xrw
*default*        0x00000000         0xffffffff

Linker script and memory map

LOAD C:/Software/Clion/Arm_GNU/14EFD8~1.2RE/bin/../lib/gcc/arm-none-eabi/14.2.1/thumb/v7e-m/nofp/crti.o
LOAD C:/Software/Clion/Arm_GNU/14EFD8~1.2RE/bin/../lib/gcc/arm-none-eabi/14.2.1/thumb/v7e-m/nofp/crtbegin.o
LOAD C:/Software/Clion/Arm_GNU/14EFD8~1.2RE/bin/../lib/gcc/arm-none-eabi/14.2.1/thumb/v7e-m/nofp/crt0.o
LOAD CMakeFiles/ui.elf.dir/Core/Src/adc.c.obj
LOAD CMakeFiles/ui.elf.dir/Core/Src/dma.c.obj
LOAD CMakeFiles/ui.elf.dir/Core/Src/gpio.c.obj
LOAD CMakeFiles/ui.elf.dir/Core/Src/main.c.obj
LOAD CMakeFiles/ui.elf.dir/Core/Src/memorymap.c.obj
LOAD CMakeFiles/ui.elf.dir/Core/Src/spi.c.obj
LOAD CMakeFiles/ui.elf.dir/Core/Src/stm32h7xx_hal_msp.c.obj
LOAD CMakeFiles/ui.elf.dir/Core/Src/stm32h7xx_it.c.obj
LOAD CMakeFiles/ui.elf.dir/Core/Src/syscalls.c.obj
LOAD CMakeFiles/ui.elf.dir/Core/Src/sysmem.c.obj
LOAD CMakeFiles/ui.elf.dir/Core/Src/system_stm32h7xx.c.obj
LOAD CMakeFiles/ui.elf.dir/Core/Src/tim.c.obj
LOAD CMakeFiles/ui.elf.dir/Core/Src/usart.c.obj
LOAD CMakeFiles/ui.elf.dir/Core/Startup/startup_stm32h750vbtx.s.obj
LOAD CMakeFiles/ui.elf.dir/Drivers/STM32H7xx_HAL_Driver/Src/stm32h7xx_hal.c.obj
LOAD CMakeFiles/ui.elf.dir/Drivers/STM32H7xx_HAL_Driver/Src/stm32h7xx_hal_adc.c.obj
LOAD CMakeFiles/ui.elf.dir/Drivers/STM32H7xx_HAL_Driver/Src/stm32h7xx_hal_adc_ex.c.obj
LOAD CMakeFiles/ui.elf.dir/Drivers/STM32H7xx_HAL_Driver/Src/stm32h7xx_hal_cortex.c.obj
LOAD CMakeFiles/ui.elf.dir/Drivers/STM32H7xx_HAL_Driver/Src/stm32h7xx_hal_dma.c.obj
LOAD CMakeFiles/ui.elf.dir/Drivers/STM32H7xx_HAL_Driver/Src/stm32h7xx_hal_dma_ex.c.obj
LOAD CMakeFiles/ui.elf.dir/Drivers/STM32H7xx_HAL_Driver/Src/stm32h7xx_hal_exti.c.obj
LOAD CMakeFiles/ui.elf.dir/Drivers/STM32H7xx_HAL_Driver/Src/stm32h7xx_hal_flash.c.obj
LOAD CMakeFiles/ui.elf.dir/Drivers/STM32H7xx_HAL_Driver/Src/stm32h7xx_hal_flash_ex.c.obj
LOAD CMakeFiles/ui.elf.dir/Drivers/STM32H7xx_HAL_Driver/Src/stm32h7xx_hal_gpio.c.obj
LOAD CMakeFiles/ui.elf.dir/Drivers/STM32H7xx_HAL_Driver/Src/stm32h7xx_hal_hsem.c.obj
LOAD CMakeFiles/ui.elf.dir/Drivers/STM32H7xx_HAL_Driver/Src/stm32h7xx_hal_i2c.c.obj
LOAD CMakeFiles/ui.elf.dir/Drivers/STM32H7xx_HAL_Driver/Src/stm32h7xx_hal_i2c_ex.c.obj
LOAD CMakeFiles/ui.elf.dir/Drivers/STM32H7xx_HAL_Driver/Src/stm32h7xx_hal_mdma.c.obj
LOAD CMakeFiles/ui.elf.dir/Drivers/STM32H7xx_HAL_Driver/Src/stm32h7xx_hal_pwr.c.obj
LOAD CMakeFiles/ui.elf.dir/Drivers/STM32H7xx_HAL_Driver/Src/stm32h7xx_hal_pwr_ex.c.obj
LOAD CMakeFiles/ui.elf.dir/Drivers/STM32H7xx_HAL_Driver/Src/stm32h7xx_hal_rcc.c.obj
LOAD CMakeFiles/ui.elf.dir/Drivers/STM32H7xx_HAL_Driver/Src/stm32h7xx_hal_rcc_ex.c.obj
LOAD CMakeFiles/ui.elf.dir/Drivers/STM32H7xx_HAL_Driver/Src/stm32h7xx_hal_spi.c.obj
LOAD CMakeFiles/ui.elf.dir/Drivers/STM32H7xx_HAL_Driver/Src/stm32h7xx_hal_spi_ex.c.obj
LOAD CMakeFiles/ui.elf.dir/Drivers/STM32H7xx_HAL_Driver/Src/stm32h7xx_hal_tim.c.obj
LOAD CMakeFiles/ui.elf.dir/Drivers/STM32H7xx_HAL_Driver/Src/stm32h7xx_hal_tim_ex.c.obj
LOAD CMakeFiles/ui.elf.dir/Drivers/STM32H7xx_HAL_Driver/Src/stm32h7xx_hal_uart.c.obj
LOAD CMakeFiles/ui.elf.dir/Drivers/STM32H7xx_HAL_Driver/Src/stm32h7xx_hal_uart_ex.c.obj
LOAD CMakeFiles/ui.elf.dir/U8g2/mui.c.obj
LOAD CMakeFiles/ui.elf.dir/U8g2/mui_u8g2.c.obj
LOAD CMakeFiles/ui.elf.dir/U8g2/u8g2_bitmap.c.obj
LOAD CMakeFiles/ui.elf.dir/U8g2/u8g2_box.c.obj
LOAD CMakeFiles/ui.elf.dir/U8g2/u8g2_buffer.c.obj
LOAD CMakeFiles/ui.elf.dir/U8g2/u8g2_button.c.obj
LOAD CMakeFiles/ui.elf.dir/U8g2/u8g2_circle.c.obj
LOAD CMakeFiles/ui.elf.dir/U8g2/u8g2_cleardisplay.c.obj
LOAD CMakeFiles/ui.elf.dir/U8g2/u8g2_d_memory.c.obj
LOAD CMakeFiles/ui.elf.dir/U8g2/u8g2_d_setup.c.obj
LOAD CMakeFiles/ui.elf.dir/U8g2/u8g2_font.c.obj
LOAD CMakeFiles/ui.elf.dir/U8g2/u8g2_fonts.c.obj
LOAD CMakeFiles/ui.elf.dir/U8g2/u8g2_hvline.c.obj
LOAD CMakeFiles/ui.elf.dir/U8g2/u8g2_input_value.c.obj
LOAD CMakeFiles/ui.elf.dir/U8g2/u8g2_intersection.c.obj
LOAD CMakeFiles/ui.elf.dir/U8g2/u8g2_kerning.c.obj
LOAD CMakeFiles/ui.elf.dir/U8g2/u8g2_line.c.obj
LOAD CMakeFiles/ui.elf.dir/U8g2/u8g2_ll_hvline.c.obj
LOAD CMakeFiles/ui.elf.dir/U8g2/u8g2_message.c.obj
LOAD CMakeFiles/ui.elf.dir/U8g2/u8g2_polygon.c.obj
LOAD CMakeFiles/ui.elf.dir/U8g2/u8g2_selection_list.c.obj
LOAD CMakeFiles/ui.elf.dir/U8g2/u8g2_setup.c.obj
LOAD CMakeFiles/ui.elf.dir/U8g2/u8log.c.obj
LOAD CMakeFiles/ui.elf.dir/U8g2/u8log_u8g2.c.obj
LOAD CMakeFiles/ui.elf.dir/U8g2/u8log_u8x8.c.obj
LOAD CMakeFiles/ui.elf.dir/U8g2/u8x8_8x8.c.obj
LOAD CMakeFiles/ui.elf.dir/U8g2/u8x8_byte.c.obj
LOAD CMakeFiles/ui.elf.dir/U8g2/u8x8_cad.c.obj
LOAD CMakeFiles/ui.elf.dir/U8g2/u8x8_capture.c.obj
LOAD CMakeFiles/ui.elf.dir/U8g2/u8x8_d_ssd1306_128x64_noname.c.obj
LOAD CMakeFiles/ui.elf.dir/U8g2/u8x8_debounce.c.obj
LOAD CMakeFiles/ui.elf.dir/U8g2/u8x8_display.c.obj
LOAD CMakeFiles/ui.elf.dir/U8g2/u8x8_fonts.c.obj
LOAD CMakeFiles/ui.elf.dir/U8g2/u8x8_gpio.c.obj
LOAD CMakeFiles/ui.elf.dir/U8g2/u8x8_input_value.c.obj
LOAD CMakeFiles/ui.elf.dir/U8g2/u8x8_message.c.obj
LOAD CMakeFiles/ui.elf.dir/U8g2/u8x8_selection_list.c.obj
LOAD CMakeFiles/ui.elf.dir/U8g2/u8x8_setup.c.obj
LOAD CMakeFiles/ui.elf.dir/U8g2/u8x8_string.c.obj
LOAD CMakeFiles/ui.elf.dir/U8g2/u8x8_u16toa.c.obj
LOAD CMakeFiles/ui.elf.dir/U8g2/u8x8_u8toa.c.obj
LOAD CMakeFiles/ui.elf.dir/myApp/bsp_key.c.obj
LOAD CMakeFiles/ui.elf.dir/myApp/bsp_uart.c.obj
LOAD CMakeFiles/ui.elf.dir/myApp/loop.c.obj
LOAD CMakeFiles/ui.elf.dir/myApp/scheduler.c.obj
LOAD CMakeFiles/ui.elf.dir/myDrivers/myAdc.c.obj
LOAD CMakeFiles/ui.elf.dir/myDrivers/myButton.c.obj
LOAD CMakeFiles/ui.elf.dir/myDrivers/myGpio.c.obj
LOAD CMakeFiles/ui.elf.dir/myDrivers/myLib.c.obj
LOAD CMakeFiles/ui.elf.dir/myDrivers/myRingBuffer.c.obj
LOAD CMakeFiles/ui.elf.dir/myDrivers/myStreamParser.c.obj
LOAD CMakeFiles/ui.elf.dir/myDrivers/myTimeIR.c.obj
LOAD CMakeFiles/ui.elf.dir/myGui/menu.c.obj
LOAD CMakeFiles/ui.elf.dir/myGui/pageGui_serial.c.obj
LOAD CMakeFiles/ui.elf.dir/myGui/pageGui_volt.c.obj
LOAD CMakeFiles/ui.elf.dir/myGui/u8g2_oled.c.obj
START GROUP
LOAD C:/Software/Clion/Arm_GNU/14EFD8~1.2RE/bin/../lib/gcc/arm-none-eabi/14.2.1/thumb/v7e-m/nofp\libgcc.a
LOAD C:/Software/Clion/Arm_GNU/14EFD8~1.2RE/bin/../lib/gcc/arm-none-eabi/14.2.1/thumb/v7e-m/nofp\libg.a
LOAD C:/Software/Clion/Arm_GNU/14EFD8~1.2RE/bin/../lib/gcc/arm-none-eabi/14.2.1/thumb/v7e-m/nofp\libc.a
END GROUP
LOAD C:/Software/Clion/Arm_GNU/14EFD8~1.2RE/bin/../lib/gcc/arm-none-eabi/14.2.1/thumb/v7e-m/nofp/crtend.o
LOAD C:/Software/Clion/Arm_GNU/14EFD8~1.2RE/bin/../lib/gcc/arm-none-eabi/14.2.1/thumb/v7e-m/nofp/crtn.o
                0x24080000                        _estack = (ORIGIN (RAM_D1) + LENGTH (RAM_D1))
                0x00000200                        _Min_Heap_Size = 0x200
                0x00002000                        _Min_Stack_Size = 0x2000

.isr_vector     0x08000000      0x298
                0x08000000                        . = ALIGN (0x4)
 *(.isr_vector)
 .isr_vector    0x08000000      0x298 CMakeFiles/ui.elf.dir/Core/Startup/startup_stm32h750vbtx.s.obj
                0x08000000                g_pfnVectors
                0x08000298                        . = ALIGN (0x4)

.text           0x080002c0    0x15990
                0x080002c0                        . = ALIGN (0x4)
 *(.text)
 .text          0x080002c0      0x378 C:/Software/Clion/Arm_GNU/14EFD8~1.2RE/bin/../lib/gcc/arm-none-eabi/14.2.1/thumb/v7e-m/nofp\libgcc.a(_arm_addsubdf3.o)
                0x080002c0                __aeabi_drsub
                0x080002c8                __subdf3
                0x080002c8                __aeabi_dsub
                0x080002cc                __aeabi_dadd
                0x080002cc                __adddf3
                0x08000544                __floatunsidf
                0x08000544                __aeabi_ui2d
                0x08000564                __aeabi_i2d
                0x08000564                __floatsidf
                0x08000588                __extendsfdf2
                0x08000588                __aeabi_f2d
                0x080005cc                __floatundidf
                0x080005cc                __aeabi_ul2d
                0x080005dc                __aeabi_l2d
                0x080005dc                __floatdidf
 .text          0x08000638      0x424 C:/Software/Clion/Arm_GNU/14EFD8~1.2RE/bin/../lib/gcc/arm-none-eabi/14.2.1/thumb/v7e-m/nofp\libgcc.a(_arm_muldivdf3.o)
                0x08000638                __aeabi_dmul
                0x08000638                __muldf3
                0x0800088c                __divdf3
                0x0800088c                __aeabi_ddiv
 .text          0x08000a5c      0x110 C:/Software/Clion/Arm_GNU/14EFD8~1.2RE/bin/../lib/gcc/arm-none-eabi/14.2.1/thumb/v7e-m/nofp\libgcc.a(_arm_cmpdf2.o)
                0x08000a5c                __gtdf2
                0x08000a5c                __gedf2
                0x08000a64                __ltdf2
                0x08000a64                __ledf2
                0x08000a6c                __nedf2
                0x08000a6c                __cmpdf2
                0x08000a6c                __eqdf2
                0x08000ae8                __aeabi_cdrcmple
                0x08000af8                __aeabi_cdcmple
                0x08000af8                __aeabi_cdcmpeq
                0x08000b08                __aeabi_dcmpeq
                0x08000b1c                __aeabi_dcmplt
                0x08000b30                __aeabi_dcmple
                0x08000b44                __aeabi_dcmpge
                0x08000b58                __aeabi_dcmpgt
 .text          0x08000b6c       0xa0 C:/Software/Clion/Arm_GNU/14EFD8~1.2RE/bin/../lib/gcc/arm-none-eabi/14.2.1/thumb/v7e-m/nofp\libgcc.a(_arm_truncdfsf2.o)
                0x08000b6c                __truncdfsf2
                0x08000b6c                __aeabi_d2f
 .text          0x08000c0c      0x21c C:/Software/Clion/Arm_GNU/14EFD8~1.2RE/bin/../lib/gcc/arm-none-eabi/14.2.1/thumb/v7e-m/nofp\libgcc.a(_arm_addsubsf3.o)
                0x08000c0c                __aeabi_frsub
                0x08000c14                __subsf3
                0x08000c14                __aeabi_fsub
                0x08000c18                __addsf3
                0x08000c18                __aeabi_fadd
                0x08000d78                __aeabi_ui2f
                0x08000d78                __floatunsisf
                0x08000d80                __floatsisf
                0x08000d80                __aeabi_i2f
                0x08000d9c                __aeabi_ul2f
                0x08000d9c                __floatundisf
                0x08000dac                __aeabi_l2f
                0x08000dac                __floatdisf
 .text          0x08000e28      0x2a0 C:/Software/Clion/Arm_GNU/14EFD8~1.2RE/bin/../lib/gcc/arm-none-eabi/14.2.1/thumb/v7e-m/nofp\libgcc.a(_arm_muldivsf3.o)
                0x08000e28                __aeabi_fmul
                0x08000e28                __mulsf3
                0x08000f90                __divsf3
                0x08000f90                __aeabi_fdiv
 .text          0x080010c8       0xec C:/Software/Clion/Arm_GNU/14EFD8~1.2RE/bin/../lib/gcc/arm-none-eabi/14.2.1/thumb/v7e-m/nofp\libgcc.a(_arm_cmpsf2.o)
                0x080010c8                __gtsf2
                0x080010c8                __gesf2
                0x080010d0                __lesf2
                0x080010d0                __ltsf2
                0x080010d8                __cmpsf2
                0x080010d8                __eqsf2
                0x080010d8                __nesf2
                0x08001138                __aeabi_cfrcmple
                0x08001140                __aeabi_cfcmpeq
                0x08001140                __aeabi_cfcmple
                0x08001150                __aeabi_fcmpeq
                0x08001164                __aeabi_fcmplt
                0x08001178                __aeabi_fcmple
                0x0800118c                __aeabi_fcmpge
                0x080011a0                __aeabi_fcmpgt
 .text          0x080011b4       0x4c C:/Software/Clion/Arm_GNU/14EFD8~1.2RE/bin/../lib/gcc/arm-none-eabi/14.2.1/thumb/v7e-m/nofp\libgcc.a(_arm_fixsfsi.o)
                0x080011b4                __aeabi_f2iz
                0x080011b4                __fixsfsi
 .text          0x08001200       0x40 C:/Software/Clion/Arm_GNU/14EFD8~1.2RE/bin/../lib/gcc/arm-none-eabi/14.2.1/thumb/v7e-m/nofp\libgcc.a(_arm_fixunssfsi.o)
                0x08001200                __aeabi_f2uiz
                0x08001200                __fixunssfsi
 .text          0x08001240       0x30 C:/Software/Clion/Arm_GNU/14EFD8~1.2RE/bin/../lib/gcc/arm-none-eabi/14.2.1/thumb/v7e-m/nofp\libgcc.a(_aeabi_uldivmod.o)
                0x08001240                __aeabi_uldivmod
 .text          0x08001270        0x4 C:/Software/Clion/Arm_GNU/14EFD8~1.2RE/bin/../lib/gcc/arm-none-eabi/14.2.1/thumb/v7e-m/nofp\libgcc.a(_dvmd_tls.o)
                0x08001270                __aeabi_idiv0
                0x08001270                __aeabi_ldiv0
 *fill*         0x08001274        0xc 
 .text          0x08001280      0x2e0 C:/Software/Clion/Arm_GNU/14EFD8~1.2RE/bin/../lib/gcc/arm-none-eabi/14.2.1/thumb/v7e-m/nofp\libg.a(libc_a-strcmp.o)
                0x08001280                strcmp
 .text          0x08001560      0x134 C:/Software/Clion/Arm_GNU/14EFD8~1.2RE/bin/../lib/gcc/arm-none-eabi/14.2.1/thumb/v7e-m/nofp\libg.a(libc_a-memcpy.o)
                0x08001560                memcpy
 *fill*         0x08001694       0x2c 
 .text          0x080016c0       0xd8 C:/Software/Clion/Arm_GNU/14EFD8~1.2RE/bin/../lib/gcc/arm-none-eabi/14.2.1/thumb/v7e-m/nofp\libg.a(libc_a-strlen.o)
                0x080016c0                strlen
 *fill*         0x08001798        0x8 
 .text          0x080017a0       0xa0 C:/Software/Clion/Arm_GNU/14EFD8~1.2RE/bin/../lib/gcc/arm-none-eabi/14.2.1/thumb/v7e-m/nofp\libg.a(libc_a-memchr.o)
                0x080017a0                memchr
 .text          0x08001840       0x2c C:/Software/Clion/Arm_GNU/14EFD8~1.2RE/bin/../lib/gcc/arm-none-eabi/14.2.1/thumb/v7e-m/nofp\libgcc.a(_arm_unorddf2.o)
                0x08001840                __unorddf2
                0x08001840                __aeabi_dcmpun
 .text          0x0800186c       0x50 C:/Software/Clion/Arm_GNU/14EFD8~1.2RE/bin/../lib/gcc/arm-none-eabi/14.2.1/thumb/v7e-m/nofp\libgcc.a(_arm_fixdfsi.o)
                0x0800186c                __fixdfsi
                0x0800186c                __aeabi_d2iz
 *(.text*)
 .text.deregister_tm_clones
                0x080018bc       0x1c C:/Software/Clion/Arm_GNU/14EFD8~1.2RE/bin/../lib/gcc/arm-none-eabi/14.2.1/thumb/v7e-m/nofp/crtbegin.o
 .text.register_tm_clones
                0x080018d8       0x24 C:/Software/Clion/Arm_GNU/14EFD8~1.2RE/bin/../lib/gcc/arm-none-eabi/14.2.1/thumb/v7e-m/nofp/crtbegin.o
 .text.__do_global_dtors_aux
                0x080018fc       0x28 C:/Software/Clion/Arm_GNU/14EFD8~1.2RE/bin/../lib/gcc/arm-none-eabi/14.2.1/thumb/v7e-m/nofp/crtbegin.o
 .text.frame_dummy
                0x08001924       0x24 C:/Software/Clion/Arm_GNU/14EFD8~1.2RE/bin/../lib/gcc/arm-none-eabi/14.2.1/thumb/v7e-m/nofp/crtbegin.o
 .text.MX_ADC1_Init
                0x08001948       0xac CMakeFiles/ui.elf.dir/Core/Src/adc.c.obj
                0x08001948                MX_ADC1_Init
 .text.HAL_ADC_MspInit
                0x080019f4       0xb4 CMakeFiles/ui.elf.dir/Core/Src/adc.c.obj
                0x080019f4                HAL_ADC_MspInit
 .text.MX_DMA_Init
                0x08001aa8       0x80 CMakeFiles/ui.elf.dir/Core/Src/dma.c.obj
                0x08001aa8                MX_DMA_Init
 .text.MX_GPIO_Init
                0x08001b28      0x114 CMakeFiles/ui.elf.dir/Core/Src/gpio.c.obj
                0x08001b28                MX_GPIO_Init
 .text.MPU_Config
                0x08001c3c       0x52 CMakeFiles/ui.elf.dir/Core/Src/main.c.obj
 .text.Error_Handler
                0x08001c8e        0x4 CMakeFiles/ui.elf.dir/Core/Src/main.c.obj
                0x08001c8e                Error_Handler
 *fill*         0x08001c92        0x2 
 .text.SystemClock_Config
                0x08001c94       0xc4 CMakeFiles/ui.elf.dir/Core/Src/main.c.obj
                0x08001c94                SystemClock_Config
 .text.main     0x08001d58       0x2c CMakeFiles/ui.elf.dir/Core/Src/main.c.obj
                0x08001d58                main
 .text.MX_SPI2_Init
                0x08001d84       0x64 CMakeFiles/ui.elf.dir/Core/Src/spi.c.obj
                0x08001d84                MX_SPI2_Init
 .text.HAL_SPI_MspInit
                0x08001de8      0x13c CMakeFiles/ui.elf.dir/Core/Src/spi.c.obj
                0x08001de8                HAL_SPI_MspInit
 .text.HAL_MspInit
                0x08001f24       0x24 CMakeFiles/ui.elf.dir/Core/Src/stm32h7xx_hal_msp.c.obj
                0x08001f24                HAL_MspInit
 .text.NMI_Handler
                0x08001f48        0x2 CMakeFiles/ui.elf.dir/Core/Src/stm32h7xx_it.c.obj
                0x08001f48                NMI_Handler
 .text.HardFault_Handler
                0x08001f4a        0x2 CMakeFiles/ui.elf.dir/Core/Src/stm32h7xx_it.c.obj
                0x08001f4a                HardFault_Handler
 .text.MemManage_Handler
                0x08001f4c        0x2 CMakeFiles/ui.elf.dir/Core/Src/stm32h7xx_it.c.obj
                0x08001f4c                MemManage_Handler
 .text.BusFault_Handler
                0x08001f4e        0x2 CMakeFiles/ui.elf.dir/Core/Src/stm32h7xx_it.c.obj
                0x08001f4e                BusFault_Handler
 .text.UsageFault_Handler
                0x08001f50        0x2 CMakeFiles/ui.elf.dir/Core/Src/stm32h7xx_it.c.obj
                0x08001f50                UsageFault_Handler
 .text.SVC_Handler
                0x08001f52        0x2 CMakeFiles/ui.elf.dir/Core/Src/stm32h7xx_it.c.obj
                0x08001f52                SVC_Handler
 .text.DebugMon_Handler
                0x08001f54        0x2 CMakeFiles/ui.elf.dir/Core/Src/stm32h7xx_it.c.obj
                0x08001f54                DebugMon_Handler
 .text.PendSV_Handler
                0x08001f56        0x2 CMakeFiles/ui.elf.dir/Core/Src/stm32h7xx_it.c.obj
                0x08001f56                PendSV_Handler
 .text.SysTick_Handler
                0x08001f58        0x8 CMakeFiles/ui.elf.dir/Core/Src/stm32h7xx_it.c.obj
                0x08001f58                SysTick_Handler
 .text.DMA1_Stream0_IRQHandler
                0x08001f60       0x10 CMakeFiles/ui.elf.dir/Core/Src/stm32h7xx_it.c.obj
                0x08001f60                DMA1_Stream0_IRQHandler
 .text.DMA1_Stream1_IRQHandler
                0x08001f70       0x10 CMakeFiles/ui.elf.dir/Core/Src/stm32h7xx_it.c.obj
                0x08001f70                DMA1_Stream1_IRQHandler
 .text.DMA1_Stream2_IRQHandler
                0x08001f80       0x10 CMakeFiles/ui.elf.dir/Core/Src/stm32h7xx_it.c.obj
                0x08001f80                DMA1_Stream2_IRQHandler
 .text.SPI2_IRQHandler
                0x08001f90       0x10 CMakeFiles/ui.elf.dir/Core/Src/stm32h7xx_it.c.obj
                0x08001f90                SPI2_IRQHandler
 .text.USART1_IRQHandler
                0x08001fa0       0x14 CMakeFiles/ui.elf.dir/Core/Src/stm32h7xx_it.c.obj
                0x08001fa0                USART1_IRQHandler
 .text.TIM8_TRG_COM_TIM14_IRQHandler
                0x08001fb4       0x10 CMakeFiles/ui.elf.dir/Core/Src/stm32h7xx_it.c.obj
                0x08001fb4                TIM8_TRG_COM_TIM14_IRQHandler
 .text.DMA2_Stream0_IRQHandler
                0x08001fc4       0x10 CMakeFiles/ui.elf.dir/Core/Src/stm32h7xx_it.c.obj
                0x08001fc4                DMA2_Stream0_IRQHandler
 .text._getpid  0x08001fd4        0x4 CMakeFiles/ui.elf.dir/Core/Src/syscalls.c.obj
                0x08001fd4                _getpid
 .text._kill    0x08001fd8       0x10 CMakeFiles/ui.elf.dir/Core/Src/syscalls.c.obj
                0x08001fd8                _kill
 .text._exit    0x08001fe8        0xc CMakeFiles/ui.elf.dir/Core/Src/syscalls.c.obj
                0x08001fe8                _exit
 .text._read    0x08001ff4       0x20 CMakeFiles/ui.elf.dir/Core/Src/syscalls.c.obj
                0x08001ff4                _read
 .text._write   0x08002014       0x1c CMakeFiles/ui.elf.dir/Core/Src/syscalls.c.obj
                0x08002014                _write
 .text._close   0x08002030        0x6 CMakeFiles/ui.elf.dir/Core/Src/syscalls.c.obj
                0x08002030                _close
 .text._fstat   0x08002036        0xa CMakeFiles/ui.elf.dir/Core/Src/syscalls.c.obj
                0x08002036                _fstat
 .text._isatty  0x08002040        0x4 CMakeFiles/ui.elf.dir/Core/Src/syscalls.c.obj
                0x08002040                _isatty
 .text._lseek   0x08002044        0x4 CMakeFiles/ui.elf.dir/Core/Src/syscalls.c.obj
                0x08002044                _lseek
 .text._sbrk    0x08002048       0x48 CMakeFiles/ui.elf.dir/Core/Src/sysmem.c.obj
                0x08002048                _sbrk
 .text.SystemInit
                0x08002090       0xdc CMakeFiles/ui.elf.dir/Core/Src/system_stm32h7xx.c.obj
                0x08002090                SystemInit
 .text.ExitRun0Mode
                0x0800216c       0x1c CMakeFiles/ui.elf.dir/Core/Src/system_stm32h7xx.c.obj
                0x0800216c                ExitRun0Mode
 .text.MX_TIM14_Init
                0x08002188       0x34 CMakeFiles/ui.elf.dir/Core/Src/tim.c.obj
                0x08002188                MX_TIM14_Init
 .text.HAL_TIM_Base_MspInit
                0x080021bc       0x48 CMakeFiles/ui.elf.dir/Core/Src/tim.c.obj
                0x080021bc                HAL_TIM_Base_MspInit
 .text.MX_USART1_UART_Init
                0x08002204       0x68 CMakeFiles/ui.elf.dir/Core/Src/usart.c.obj
                0x08002204                MX_USART1_UART_Init
 .text.HAL_UART_MspInit
                0x0800226c      0x128 CMakeFiles/ui.elf.dir/Core/Src/usart.c.obj
                0x0800226c                HAL_UART_MspInit
 .text.Reset_Handler
                0x08002394       0x54 CMakeFiles/ui.elf.dir/Core/Startup/startup_stm32h750vbtx.s.obj
                0x08002394                Reset_Handler
 .text.Default_Handler
                0x080023e8        0x2 CMakeFiles/ui.elf.dir/Core/Startup/startup_stm32h750vbtx.s.obj
                0x080023e8                LTDC_ER_IRQHandler
                0x080023e8                DMA2_Stream5_IRQHandler
                0x080023e8                FDCAN1_IT1_IRQHandler
                0x080023e8                OTG_HS_WKUP_IRQHandler
                0x080023e8                DFSDM1_FLT1_IRQHandler
                0x080023e8                HRTIM1_TIMA_IRQHandler
                0x080023e8                SWPMI1_IRQHandler
                0x080023e8                EXTI1_IRQHandler
                0x080023e8                TIM8_UP_TIM13_IRQHandler
                0x080023e8                BDMA_Channel1_IRQHandler
                0x080023e8                USART6_IRQHandler
                0x080023e8                BDMA_Channel4_IRQHandler
                0x080023e8                DMA2_Stream7_IRQHandler
                0x080023e8                CRS_IRQHandler
                0x080023e8                SAI2_IRQHandler
                0x080023e8                ADC3_IRQHandler
                0x080023e8                UART4_IRQHandler
                0x080023e8                OTG_FS_WKUP_IRQHandler
                0x080023e8                JPEG_IRQHandler
                0x080023e8                TIM8_CC_IRQHandler
                0x080023e8                ETH_IRQHandler
                0x080023e8                EXTI9_5_IRQHandler
                0x080023e8                HRTIM1_TIME_IRQHandler
                0x080023e8                SPI1_IRQHandler
                0x080023e8                HRTIM1_TIMB_IRQHandler
                0x080023e8                TIM5_IRQHandler
                0x080023e8                TIM17_IRQHandler
                0x080023e8                BDMA_Channel3_IRQHandler
                0x080023e8                FDCAN2_IT0_IRQHandler
                0x080023e8                ADC_IRQHandler
                0x080023e8                BDMA_Channel5_IRQHandler
                0x080023e8                I2C4_EV_IRQHandler
                0x080023e8                BDMA_Channel7_IRQHandler
                0x080023e8                CRYP_IRQHandler
                0x080023e8                LPTIM5_IRQHandler
                0x080023e8                DMA1_Stream6_IRQHandler
                0x080023e8                WWDG_IRQHandler
                0x080023e8                WAKEUP_PIN_IRQHandler
                0x080023e8                DMA2D_IRQHandler
                0x080023e8                I2C3_EV_IRQHandler
                0x080023e8                SPI4_IRQHandler
                0x080023e8                RCC_IRQHandler
                0x080023e8                I2C1_ER_IRQHandler
                0x080023e8                HRTIM1_Master_IRQHandler
                0x080023e8                SAI4_IRQHandler
                0x080023e8                DMA2_Stream3_IRQHandler
                0x080023e8                BDMA_Channel0_IRQHandler
                0x080023e8                HRTIM1_TIMC_IRQHandler
                0x080023e8                OTG_HS_EP1_OUT_IRQHandler
                0x080023e8                DMA2_Stream4_IRQHandler
                0x080023e8                TIM1_UP_IRQHandler
                0x080023e8                SAI1_IRQHandler
                0x080023e8                I2C2_EV_IRQHandler
                0x080023e8                CEC_IRQHandler
                0x080023e8                OTG_FS_EP1_OUT_IRQHandler
                0x080023e8                LPUART1_IRQHandler
                0x080023e8                DMAMUX2_OVR_IRQHandler
                0x080023e8                TIM3_IRQHandler
                0x080023e8                SPI6_IRQHandler
                0x080023e8                USART2_IRQHandler
                0x080023e8                DMA1_Stream7_IRQHandler
                0x080023e8                TIM6_DAC_IRQHandler
                0x080023e8                DMA1_Stream4_IRQHandler
                0x080023e8                SDMMC2_IRQHandler
                0x080023e8                LTDC_IRQHandler
                0x080023e8                PVD_AVD_IRQHandler
                0x080023e8                FMC_IRQHandler
                0x080023e8                ECC_IRQHandler
                0x080023e8                FLASH_IRQHandler
                0x080023e8                QUADSPI_IRQHandler
                0x080023e8                EXTI15_10_IRQHandler
                0x080023e8                TIM8_BRK_TIM12_IRQHandler
                0x080023e8                TIM1_BRK_IRQHandler
                0x080023e8                BDMA_Channel2_IRQHandler
                0x080023e8                RTC_WKUP_IRQHandler
                0x080023e8                TIM2_IRQHandler
                0x080023e8                I2C4_ER_IRQHandler
                0x080023e8                HSEM1_IRQHandler
                0x080023e8                TAMP_STAMP_IRQHandler
                0x080023e8                HASH_RNG_IRQHandler
                0x080023e8                DMA2_Stream6_IRQHandler
                0x080023e8                LPTIM2_IRQHandler
                0x080023e8                LPTIM4_IRQHandler
                0x080023e8                COMP1_IRQHandler
                0x080023e8                DFSDM1_FLT2_IRQHandler
                0x080023e8                SDMMC1_IRQHandler
                0x080023e8                OTG_HS_EP1_IN_IRQHandler
                0x080023e8                LPTIM3_IRQHandler
                0x080023e8                Default_Handler
                0x080023e8                FDCAN1_IT0_IRQHandler
                0x080023e8                DMAMUX1_OVR_IRQHandler
                0x080023e8                ETH_WKUP_IRQHandler
                0x080023e8                EXTI2_IRQHandler
                0x080023e8                OTG_FS_IRQHandler
                0x080023e8                OTG_FS_EP1_IN_IRQHandler
                0x080023e8                UART5_IRQHandler
                0x080023e8                DMA1_Stream5_IRQHandler
                0x080023e8                UART8_IRQHandler
                0x080023e8                FDCAN_CAL_IRQHandler
                0x080023e8                TIM4_IRQHandler
                0x080023e8                USART3_IRQHandler
                0x080023e8                UART7_IRQHandler
                0x080023e8                DFSDM1_FLT3_IRQHandler
                0x080023e8                I2C3_ER_IRQHandler
                0x080023e8                BDMA_Channel6_IRQHandler
                0x080023e8                SAI3_IRQHandler
                0x080023e8                TIM15_IRQHandler
                0x080023e8                TIM16_IRQHandler
                0x080023e8                HRTIM1_TIMD_IRQHandler
                0x080023e8                EXTI3_IRQHandler
                0x080023e8                I2C2_ER_IRQHandler
                0x080023e8                SPDIF_RX_IRQHandler
                0x080023e8                MDIOS_IRQHandler
                0x080023e8                TIM1_TRG_COM_IRQHandler
                0x080023e8                DMA2_Stream2_IRQHandler
                0x080023e8                DMA2_Stream1_IRQHandler
                0x080023e8                FPU_IRQHandler
                0x080023e8                DCMI_IRQHandler
                0x080023e8                FDCAN2_IT1_IRQHandler
                0x080023e8                I2C1_EV_IRQHandler
                0x080023e8                TIM1_CC_IRQHandler
                0x080023e8                LPTIM1_IRQHandler
                0x080023e8                SPI3_IRQHandler
                0x080023e8                DFSDM1_FLT0_IRQHandler
                0x080023e8                OTG_HS_IRQHandler
                0x080023e8                MDIOS_WKUP_IRQHandler
                0x080023e8                DMA1_Stream3_IRQHandler
                0x080023e8                SPI5_IRQHandler
                0x080023e8                TIM7_IRQHandler
                0x080023e8                EXTI0_IRQHandler
                0x080023e8                RTC_Alarm_IRQHandler
                0x080023e8                EXTI4_IRQHandler
                0x080023e8                MDMA_IRQHandler
                0x080023e8                HRTIM1_FLT_IRQHandler
 *fill*         0x080023ea        0x2 
 .text.HAL_InitTick
                0x080023ec       0x50 CMakeFiles/ui.elf.dir/Drivers/STM32H7xx_HAL_Driver/Src/stm32h7xx_hal.c.obj
                0x080023ec                HAL_InitTick
 .text.HAL_Init
                0x0800243c       0x5c CMakeFiles/ui.elf.dir/Drivers/STM32H7xx_HAL_Driver/Src/stm32h7xx_hal.c.obj
                0x0800243c                HAL_Init
 .text.HAL_IncTick
                0x08002498       0x18 CMakeFiles/ui.elf.dir/Drivers/STM32H7xx_HAL_Driver/Src/stm32h7xx_hal.c.obj
                0x08002498                HAL_IncTick
 .text.HAL_GetTick
                0x080024b0        0xc CMakeFiles/ui.elf.dir/Drivers/STM32H7xx_HAL_Driver/Src/stm32h7xx_hal.c.obj
                0x080024b0                HAL_GetTick
 .text.HAL_Delay
                0x080024bc       0x28 CMakeFiles/ui.elf.dir/Drivers/STM32H7xx_HAL_Driver/Src/stm32h7xx_hal.c.obj
                0x080024bc                HAL_Delay
 .text.HAL_GetREVID
                0x080024e4        0xc CMakeFiles/ui.elf.dir/Drivers/STM32H7xx_HAL_Driver/Src/stm32h7xx_hal.c.obj
                0x080024e4                HAL_GetREVID
 .text.LL_ADC_REG_SetSequencerRanks
                0x080024f0       0x2e CMakeFiles/ui.elf.dir/Drivers/STM32H7xx_HAL_Driver/Src/stm32h7xx_hal_adc.c.obj
 .text.LL_ADC_SetChannelSamplingTime
                0x0800251e       0x2a CMakeFiles/ui.elf.dir/Drivers/STM32H7xx_HAL_Driver/Src/stm32h7xx_hal_adc.c.obj
 .text.LL_ADC_SetChannelPreselection
                0x08002548       0x2e CMakeFiles/ui.elf.dir/Drivers/STM32H7xx_HAL_Driver/Src/stm32h7xx_hal_adc.c.obj
 .text.HAL_ADC_ConvCpltCallback
                0x08002576        0x2 CMakeFiles/ui.elf.dir/Drivers/STM32H7xx_HAL_Driver/Src/stm32h7xx_hal_adc.c.obj
                0x08002576                HAL_ADC_ConvCpltCallback
 .text.HAL_ADC_ConvHalfCpltCallback
                0x08002578        0x2 CMakeFiles/ui.elf.dir/Drivers/STM32H7xx_HAL_Driver/Src/stm32h7xx_hal_adc.c.obj
                0x08002578                HAL_ADC_ConvHalfCpltCallback
 .text.ADC_DMAHalfConvCplt
                0x0800257a        0xa CMakeFiles/ui.elf.dir/Drivers/STM32H7xx_HAL_Driver/Src/stm32h7xx_hal_adc.c.obj
                0x0800257a                ADC_DMAHalfConvCplt
 .text.HAL_ADC_ErrorCallback
                0x08002584        0x2 CMakeFiles/ui.elf.dir/Drivers/STM32H7xx_HAL_Driver/Src/stm32h7xx_hal_adc.c.obj
                0x08002584                HAL_ADC_ErrorCallback
 .text.ADC_DMAConvCplt
                0x08002586       0x88 CMakeFiles/ui.elf.dir/Drivers/STM32H7xx_HAL_Driver/Src/stm32h7xx_hal_adc.c.obj
                0x08002586                ADC_DMAConvCplt
 .text.ADC_DMAError
                0x0800260e       0x1a CMakeFiles/ui.elf.dir/Drivers/STM32H7xx_HAL_Driver/Src/stm32h7xx_hal_adc.c.obj
                0x0800260e                ADC_DMAError
 .text.HAL_ADC_ConfigChannel
                0x08002628      0x468 CMakeFiles/ui.elf.dir/Drivers/STM32H7xx_HAL_Driver/Src/stm32h7xx_hal_adc.c.obj
                0x08002628                HAL_ADC_ConfigChannel
 .text.ADC_Enable
                0x08002a90       0xd4 CMakeFiles/ui.elf.dir/Drivers/STM32H7xx_HAL_Driver/Src/stm32h7xx_hal_adc.c.obj
                0x08002a90                ADC_Enable
 .text.HAL_ADC_Start_DMA
                0x08002b64      0x120 CMakeFiles/ui.elf.dir/Drivers/STM32H7xx_HAL_Driver/Src/stm32h7xx_hal_adc.c.obj
                0x08002b64                HAL_ADC_Start_DMA
 .text.ADC_ConfigureBoostMode
                0x08002c84      0x160 CMakeFiles/ui.elf.dir/Drivers/STM32H7xx_HAL_Driver/Src/stm32h7xx_hal_adc.c.obj
                0x08002c84                ADC_ConfigureBoostMode
 .text.HAL_ADC_Init
                0x08002de4      0x254 CMakeFiles/ui.elf.dir/Drivers/STM32H7xx_HAL_Driver/Src/stm32h7xx_hal_adc.c.obj
                0x08002de4                HAL_ADC_Init
 .text.HAL_ADCEx_MultiModeConfigChannel
                0x08003038      0x150 CMakeFiles/ui.elf.dir/Drivers/STM32H7xx_HAL_Driver/Src/stm32h7xx_hal_adc_ex.c.obj
                0x08003038                HAL_ADCEx_MultiModeConfigChannel
 .text.__NVIC_EnableIRQ
                0x08003188       0x1c CMakeFiles/ui.elf.dir/Drivers/STM32H7xx_HAL_Driver/Src/stm32h7xx_hal_cortex.c.obj
 .text.__NVIC_SetPriority
                0x080031a4       0x24 CMakeFiles/ui.elf.dir/Drivers/STM32H7xx_HAL_Driver/Src/stm32h7xx_hal_cortex.c.obj
 .text.NVIC_EncodePriority
                0x080031c8       0x3e CMakeFiles/ui.elf.dir/Drivers/STM32H7xx_HAL_Driver/Src/stm32h7xx_hal_cortex.c.obj
 *fill*         0x08003206        0x2 
 .text.HAL_NVIC_SetPriorityGrouping
                0x08003208       0x24 CMakeFiles/ui.elf.dir/Drivers/STM32H7xx_HAL_Driver/Src/stm32h7xx_hal_cortex.c.obj
                0x08003208                HAL_NVIC_SetPriorityGrouping
 .text.HAL_NVIC_SetPriority
                0x0800322c       0x20 CMakeFiles/ui.elf.dir/Drivers/STM32H7xx_HAL_Driver/Src/stm32h7xx_hal_cortex.c.obj
                0x0800322c                HAL_NVIC_SetPriority
 .text.HAL_NVIC_EnableIRQ
                0x0800324c        0x8 CMakeFiles/ui.elf.dir/Drivers/STM32H7xx_HAL_Driver/Src/stm32h7xx_hal_cortex.c.obj
                0x0800324c                HAL_NVIC_EnableIRQ
 .text.HAL_SYSTICK_Config
                0x08003254       0x28 CMakeFiles/ui.elf.dir/Drivers/STM32H7xx_HAL_Driver/Src/stm32h7xx_hal_cortex.c.obj
                0x08003254                HAL_SYSTICK_Config
 .text.HAL_MPU_Disable
                0x0800327c       0x1c CMakeFiles/ui.elf.dir/Drivers/STM32H7xx_HAL_Driver/Src/stm32h7xx_hal_cortex.c.obj
                0x0800327c                HAL_MPU_Disable
 .text.HAL_MPU_Enable
                0x08003298       0x20 CMakeFiles/ui.elf.dir/Drivers/STM32H7xx_HAL_Driver/Src/stm32h7xx_hal_cortex.c.obj
                0x08003298                HAL_MPU_Enable
 .text.HAL_MPU_ConfigRegion
                0x080032b8       0x58 CMakeFiles/ui.elf.dir/Drivers/STM32H7xx_HAL_Driver/Src/stm32h7xx_hal_cortex.c.obj
                0x080032b8                HAL_MPU_ConfigRegion
 .text.DMA_SetConfig
                0x08003310      0x1b4 CMakeFiles/ui.elf.dir/Drivers/STM32H7xx_HAL_Driver/Src/stm32h7xx_hal_dma.c.obj
 .text.DMA_CalcBaseAndBitshift
                0x080034c4       0xb0 CMakeFiles/ui.elf.dir/Drivers/STM32H7xx_HAL_Driver/Src/stm32h7xx_hal_dma.c.obj
 .text.DMA_CheckFifoParam
                0x08003574       0x92 CMakeFiles/ui.elf.dir/Drivers/STM32H7xx_HAL_Driver/Src/stm32h7xx_hal_dma.c.obj
 *fill*         0x08003606        0x2 
 .text.DMA_CalcDMAMUXChannelBaseAndMask
                0x08003608       0xac CMakeFiles/ui.elf.dir/Drivers/STM32H7xx_HAL_Driver/Src/stm32h7xx_hal_dma.c.obj
 .text.DMA_CalcDMAMUXRequestGenBaseAndMask
                0x080036b4       0x7c CMakeFiles/ui.elf.dir/Drivers/STM32H7xx_HAL_Driver/Src/stm32h7xx_hal_dma.c.obj
 .text.HAL_DMA_Init
                0x08003730      0x3a4 CMakeFiles/ui.elf.dir/Drivers/STM32H7xx_HAL_Driver/Src/stm32h7xx_hal_dma.c.obj
                0x08003730                HAL_DMA_Init
 .text.HAL_DMA_Start_IT
                0x08003ad4      0x294 CMakeFiles/ui.elf.dir/Drivers/STM32H7xx_HAL_Driver/Src/stm32h7xx_hal_dma.c.obj
                0x08003ad4                HAL_DMA_Start_IT
 .text.HAL_DMA_Abort
                0x08003d68      0x33c CMakeFiles/ui.elf.dir/Drivers/STM32H7xx_HAL_Driver/Src/stm32h7xx_hal_dma.c.obj
                0x08003d68                HAL_DMA_Abort
 .text.HAL_DMA_Abort_IT
                0x080040a4      0x26c CMakeFiles/ui.elf.dir/Drivers/STM32H7xx_HAL_Driver/Src/stm32h7xx_hal_dma.c.obj
                0x080040a4                HAL_DMA_Abort_IT
 .text.HAL_DMA_IRQHandler
                0x08004310      0x734 CMakeFiles/ui.elf.dir/Drivers/STM32H7xx_HAL_Driver/Src/stm32h7xx_hal_dma.c.obj
                0x08004310                HAL_DMA_IRQHandler
 .text.HAL_DMA_GetError
                0x08004a44        0x4 CMakeFiles/ui.elf.dir/Drivers/STM32H7xx_HAL_Driver/Src/stm32h7xx_hal_dma.c.obj
                0x08004a44                HAL_DMA_GetError
 .text.HAL_GPIO_Init
                0x08004a48      0x228 CMakeFiles/ui.elf.dir/Drivers/STM32H7xx_HAL_Driver/Src/stm32h7xx_hal_gpio.c.obj
                0x08004a48                HAL_GPIO_Init
 .text.HAL_GPIO_ReadPin
                0x08004c70        0xe CMakeFiles/ui.elf.dir/Drivers/STM32H7xx_HAL_Driver/Src/stm32h7xx_hal_gpio.c.obj
                0x08004c70                HAL_GPIO_ReadPin
 .text.HAL_GPIO_WritePin
                0x08004c7e        0xc CMakeFiles/ui.elf.dir/Drivers/STM32H7xx_HAL_Driver/Src/stm32h7xx_hal_gpio.c.obj
                0x08004c7e                HAL_GPIO_WritePin
 *fill*         0x08004c8a        0x2 
 .text.HAL_PWREx_ConfigSupply
                0x08004c8c       0x54 CMakeFiles/ui.elf.dir/Drivers/STM32H7xx_HAL_Driver/Src/stm32h7xx_hal_pwr_ex.c.obj
                0x08004c8c                HAL_PWREx_ConfigSupply
 .text.HAL_RCC_OscConfig
                0x08004ce0      0x6b0 CMakeFiles/ui.elf.dir/Drivers/STM32H7xx_HAL_Driver/Src/stm32h7xx_hal_rcc.c.obj
                0x08004ce0                HAL_RCC_OscConfig
 .text.HAL_RCC_GetSysClockFreq
                0x08005390      0x224 CMakeFiles/ui.elf.dir/Drivers/STM32H7xx_HAL_Driver/Src/stm32h7xx_hal_rcc.c.obj
                0x08005390                HAL_RCC_GetSysClockFreq
 .text.HAL_RCC_ClockConfig
                0x080055b4      0x294 CMakeFiles/ui.elf.dir/Drivers/STM32H7xx_HAL_Driver/Src/stm32h7xx_hal_rcc.c.obj
                0x080055b4                HAL_RCC_ClockConfig
 .text.HAL_RCC_GetHCLKFreq
                0x08005848       0x44 CMakeFiles/ui.elf.dir/Drivers/STM32H7xx_HAL_Driver/Src/stm32h7xx_hal_rcc.c.obj
                0x08005848                HAL_RCC_GetHCLKFreq
 .text.HAL_RCC_GetPCLK1Freq
                0x0800588c       0x24 CMakeFiles/ui.elf.dir/Drivers/STM32H7xx_HAL_Driver/Src/stm32h7xx_hal_rcc.c.obj
                0x0800588c                HAL_RCC_GetPCLK1Freq
 .text.HAL_RCC_GetPCLK2Freq
                0x080058b0       0x24 CMakeFiles/ui.elf.dir/Drivers/STM32H7xx_HAL_Driver/Src/stm32h7xx_hal_rcc.c.obj
                0x080058b0                HAL_RCC_GetPCLK2Freq
 .text.RCCEx_PLL2_Config
                0x080058d4      0x108 CMakeFiles/ui.elf.dir/Drivers/STM32H7xx_HAL_Driver/Src/stm32h7xx_hal_rcc_ex.c.obj
 .text.RCCEx_PLL3_Config
                0x080059dc      0x108 CMakeFiles/ui.elf.dir/Drivers/STM32H7xx_HAL_Driver/Src/stm32h7xx_hal_rcc_ex.c.obj
 .text.HAL_RCCEx_PeriphCLKConfig
                0x08005ae4      0xab8 CMakeFiles/ui.elf.dir/Drivers/STM32H7xx_HAL_Driver/Src/stm32h7xx_hal_rcc_ex.c.obj
                0x08005ae4                HAL_RCCEx_PeriphCLKConfig
 .text.HAL_RCCEx_GetD3PCLK1Freq
                0x0800659c       0x24 CMakeFiles/ui.elf.dir/Drivers/STM32H7xx_HAL_Driver/Src/stm32h7xx_hal_rcc_ex.c.obj
                0x0800659c                HAL_RCCEx_GetD3PCLK1Freq
 .text.HAL_RCCEx_GetPLL2ClockFreq
                0x080065c0      0x238 CMakeFiles/ui.elf.dir/Drivers/STM32H7xx_HAL_Driver/Src/stm32h7xx_hal_rcc_ex.c.obj
                0x080065c0                HAL_RCCEx_GetPLL2ClockFreq
 .text.HAL_RCCEx_GetPLL3ClockFreq
                0x080067f8      0x238 CMakeFiles/ui.elf.dir/Drivers/STM32H7xx_HAL_Driver/Src/stm32h7xx_hal_rcc_ex.c.obj
                0x080067f8                HAL_RCCEx_GetPLL3ClockFreq
 .text.HAL_RCCEx_GetPLL1ClockFreq
                0x08006a30      0x238 CMakeFiles/ui.elf.dir/Drivers/STM32H7xx_HAL_Driver/Src/stm32h7xx_hal_rcc_ex.c.obj
                0x08006a30                HAL_RCCEx_GetPLL1ClockFreq
 .text.HAL_RCCEx_GetPeriphCLKFreq
                0x08006c68      0x6dc CMakeFiles/ui.elf.dir/Drivers/STM32H7xx_HAL_Driver/Src/stm32h7xx_hal_rcc_ex.c.obj
                0x08006c68                HAL_RCCEx_GetPeriphCLKFreq
 .text.SPI_CloseTransfer
                0x08007344       0xc8 CMakeFiles/ui.elf.dir/Drivers/STM32H7xx_HAL_Driver/Src/stm32h7xx_hal_spi.c.obj
 .text.SPI_GetPacketSize
                0x0800740c       0x10 CMakeFiles/ui.elf.dir/Drivers/STM32H7xx_HAL_Driver/Src/stm32h7xx_hal_spi.c.obj
 .text.HAL_SPI_Init
                0x0800741c      0x190 CMakeFiles/ui.elf.dir/Drivers/STM32H7xx_HAL_Driver/Src/stm32h7xx_hal_spi.c.obj
                0x0800741c                HAL_SPI_Init
 .text.HAL_SPI_Transmit_DMA
                0x080075ac      0x1bc CMakeFiles/ui.elf.dir/Drivers/STM32H7xx_HAL_Driver/Src/stm32h7xx_hal_spi.c.obj
                0x080075ac                HAL_SPI_Transmit_DMA
 .text.HAL_SPI_TxCpltCallback
                0x08007768        0x2 CMakeFiles/ui.elf.dir/Drivers/STM32H7xx_HAL_Driver/Src/stm32h7xx_hal_spi.c.obj
                0x08007768                HAL_SPI_TxCpltCallback
 .text.SPI_DMATransmitCplt
                0x0800776a       0x28 CMakeFiles/ui.elf.dir/Drivers/STM32H7xx_HAL_Driver/Src/stm32h7xx_hal_spi.c.obj
 .text.HAL_SPI_RxCpltCallback
                0x08007792        0x2 CMakeFiles/ui.elf.dir/Drivers/STM32H7xx_HAL_Driver/Src/stm32h7xx_hal_spi.c.obj
                0x08007792                HAL_SPI_RxCpltCallback
 .text.HAL_SPI_TxRxCpltCallback
                0x08007794        0x2 CMakeFiles/ui.elf.dir/Drivers/STM32H7xx_HAL_Driver/Src/stm32h7xx_hal_spi.c.obj
                0x08007794                HAL_SPI_TxRxCpltCallback
 .text.HAL_SPI_TxHalfCpltCallback
                0x08007796        0x2 CMakeFiles/ui.elf.dir/Drivers/STM32H7xx_HAL_Driver/Src/stm32h7xx_hal_spi.c.obj
                0x08007796                HAL_SPI_TxHalfCpltCallback
 .text.SPI_DMAHalfTransmitCplt
                0x08007798        0xa CMakeFiles/ui.elf.dir/Drivers/STM32H7xx_HAL_Driver/Src/stm32h7xx_hal_spi.c.obj
 .text.HAL_SPI_ErrorCallback
                0x080077a2        0x2 CMakeFiles/ui.elf.dir/Drivers/STM32H7xx_HAL_Driver/Src/stm32h7xx_hal_spi.c.obj
                0x080077a2                HAL_SPI_ErrorCallback
 .text.SPI_DMAError
                0x080077a4       0x2e CMakeFiles/ui.elf.dir/Drivers/STM32H7xx_HAL_Driver/Src/stm32h7xx_hal_spi.c.obj
 .text.SPI_DMAAbortOnError
                0x080077d2       0x1a CMakeFiles/ui.elf.dir/Drivers/STM32H7xx_HAL_Driver/Src/stm32h7xx_hal_spi.c.obj
 .text.HAL_SPI_SuspendCallback
                0x080077ec        0x2 CMakeFiles/ui.elf.dir/Drivers/STM32H7xx_HAL_Driver/Src/stm32h7xx_hal_spi.c.obj
                0x080077ec                HAL_SPI_SuspendCallback
 *fill*         0x080077ee        0x2 
 .text.HAL_SPI_IRQHandler
                0x080077f0      0x240 CMakeFiles/ui.elf.dir/Drivers/STM32H7xx_HAL_Driver/Src/stm32h7xx_hal_spi.c.obj
                0x080077f0                HAL_SPI_IRQHandler
 .text.HAL_TIM_Base_Start_IT
                0x08007a30       0x90 CMakeFiles/ui.elf.dir/Drivers/STM32H7xx_HAL_Driver/Src/stm32h7xx_hal_tim.c.obj
                0x08007a30                HAL_TIM_Base_Start_IT
 .text.HAL_TIM_OC_DelayElapsedCallback
                0x08007ac0        0x2 CMakeFiles/ui.elf.dir/Drivers/STM32H7xx_HAL_Driver/Src/stm32h7xx_hal_tim.c.obj
                0x08007ac0                HAL_TIM_OC_DelayElapsedCallback
 .text.HAL_TIM_IC_CaptureCallback
                0x08007ac2        0x2 CMakeFiles/ui.elf.dir/Drivers/STM32H7xx_HAL_Driver/Src/stm32h7xx_hal_tim.c.obj
                0x08007ac2                HAL_TIM_IC_CaptureCallback
 .text.HAL_TIM_PWM_PulseFinishedCallback
                0x08007ac4        0x2 CMakeFiles/ui.elf.dir/Drivers/STM32H7xx_HAL_Driver/Src/stm32h7xx_hal_tim.c.obj
                0x08007ac4                HAL_TIM_PWM_PulseFinishedCallback
 .text.HAL_TIM_TriggerCallback
                0x08007ac6        0x2 CMakeFiles/ui.elf.dir/Drivers/STM32H7xx_HAL_Driver/Src/stm32h7xx_hal_tim.c.obj
                0x08007ac6                HAL_TIM_TriggerCallback
 .text.HAL_TIM_IRQHandler
                0x08007ac8      0x17a CMakeFiles/ui.elf.dir/Drivers/STM32H7xx_HAL_Driver/Src/stm32h7xx_hal_tim.c.obj
                0x08007ac8                HAL_TIM_IRQHandler
 *fill*         0x08007c42        0x2 
 .text.TIM_Base_SetConfig
                0x08007c44      0x104 CMakeFiles/ui.elf.dir/Drivers/STM32H7xx_HAL_Driver/Src/stm32h7xx_hal_tim.c.obj
                0x08007c44                TIM_Base_SetConfig
 .text.HAL_TIM_Base_Init
                0x08007d48       0x60 CMakeFiles/ui.elf.dir/Drivers/STM32H7xx_HAL_Driver/Src/stm32h7xx_hal_tim.c.obj
                0x08007d48                HAL_TIM_Base_Init
 .text.HAL_TIMEx_CommutCallback
                0x08007da8        0x2 CMakeFiles/ui.elf.dir/Drivers/STM32H7xx_HAL_Driver/Src/stm32h7xx_hal_tim_ex.c.obj
                0x08007da8                HAL_TIMEx_CommutCallback
 .text.HAL_TIMEx_BreakCallback
                0x08007daa        0x2 CMakeFiles/ui.elf.dir/Drivers/STM32H7xx_HAL_Driver/Src/stm32h7xx_hal_tim_ex.c.obj
                0x08007daa                HAL_TIMEx_BreakCallback
 .text.HAL_TIMEx_Break2Callback
                0x08007dac        0x2 CMakeFiles/ui.elf.dir/Drivers/STM32H7xx_HAL_Driver/Src/stm32h7xx_hal_tim_ex.c.obj
                0x08007dac                HAL_TIMEx_Break2Callback
 .text.UART_EndTxTransfer
                0x08007dae       0x32 CMakeFiles/ui.elf.dir/Drivers/STM32H7xx_HAL_Driver/Src/stm32h7xx_hal_uart.c.obj
 .text.UART_EndRxTransfer
                0x08007de0       0x58 CMakeFiles/ui.elf.dir/Drivers/STM32H7xx_HAL_Driver/Src/stm32h7xx_hal_uart.c.obj
 .text.HAL_UART_Transmit_DMA
                0x08007e38       0x9c CMakeFiles/ui.elf.dir/Drivers/STM32H7xx_HAL_Driver/Src/stm32h7xx_hal_uart.c.obj
                0x08007e38                HAL_UART_Transmit_DMA
 .text.HAL_UART_DMAStop
                0x08007ed4       0xb2 CMakeFiles/ui.elf.dir/Drivers/STM32H7xx_HAL_Driver/Src/stm32h7xx_hal_uart.c.obj
                0x08007ed4                HAL_UART_DMAStop
 .text.UART_DMATransmitCplt
                0x08007f86       0x46 CMakeFiles/ui.elf.dir/Drivers/STM32H7xx_HAL_Driver/Src/stm32h7xx_hal_uart.c.obj
 .text.UART_EndTransmit_IT
                0x08007fcc       0x24 CMakeFiles/ui.elf.dir/Drivers/STM32H7xx_HAL_Driver/Src/stm32h7xx_hal_uart.c.obj
 .text.HAL_UART_TxHalfCpltCallback
                0x08007ff0        0x2 CMakeFiles/ui.elf.dir/Drivers/STM32H7xx_HAL_Driver/Src/stm32h7xx_hal_uart.c.obj
                0x08007ff0                HAL_UART_TxHalfCpltCallback
 .text.UART_DMATxHalfCplt
                0x08007ff2        0xa CMakeFiles/ui.elf.dir/Drivers/STM32H7xx_HAL_Driver/Src/stm32h7xx_hal_uart.c.obj
 .text.HAL_UART_RxCpltCallback
                0x08007ffc        0x2 CMakeFiles/ui.elf.dir/Drivers/STM32H7xx_HAL_Driver/Src/stm32h7xx_hal_uart.c.obj
                0x08007ffc                HAL_UART_RxCpltCallback
 .text.HAL_UART_RxHalfCpltCallback
                0x08007ffe        0x2 CMakeFiles/ui.elf.dir/Drivers/STM32H7xx_HAL_Driver/Src/stm32h7xx_hal_uart.c.obj
                0x08007ffe                HAL_UART_RxHalfCpltCallback
 .text.HAL_UART_ErrorCallback
                0x08008000        0x2 CMakeFiles/ui.elf.dir/Drivers/STM32H7xx_HAL_Driver/Src/stm32h7xx_hal_uart.c.obj
                0x08008000                HAL_UART_ErrorCallback
 .text.UART_DMAError
                0x08008002       0x58 CMakeFiles/ui.elf.dir/Drivers/STM32H7xx_HAL_Driver/Src/stm32h7xx_hal_uart.c.obj
 .text.UART_DMAAbortOnError
                0x0800805a       0x10 CMakeFiles/ui.elf.dir/Drivers/STM32H7xx_HAL_Driver/Src/stm32h7xx_hal_uart.c.obj
 *fill*         0x0800806a        0x2 
 .text.HAL_UART_IRQHandler
                0x0800806c      0x3d0 CMakeFiles/ui.elf.dir/Drivers/STM32H7xx_HAL_Driver/Src/stm32h7xx_hal_uart.c.obj
                0x0800806c                HAL_UART_IRQHandler
 .text.UART_DMARxHalfCplt
                0x0800843c       0x20 CMakeFiles/ui.elf.dir/Drivers/STM32H7xx_HAL_Driver/Src/stm32h7xx_hal_uart.c.obj
 .text.UART_DMAReceiveCplt
                0x0800845c       0x90 CMakeFiles/ui.elf.dir/Drivers/STM32H7xx_HAL_Driver/Src/stm32h7xx_hal_uart.c.obj
 .text.UART_SetConfig
                0x080084ec      0x5f4 CMakeFiles/ui.elf.dir/Drivers/STM32H7xx_HAL_Driver/Src/stm32h7xx_hal_uart.c.obj
                0x080084ec                UART_SetConfig
 .text.UART_AdvFeatureConfig
                0x08008ae0       0xca CMakeFiles/ui.elf.dir/Drivers/STM32H7xx_HAL_Driver/Src/stm32h7xx_hal_uart.c.obj
                0x08008ae0                UART_AdvFeatureConfig
 .text.UART_WaitOnFlagUntilTimeout
                0x08008baa       0xa6 CMakeFiles/ui.elf.dir/Drivers/STM32H7xx_HAL_Driver/Src/stm32h7xx_hal_uart.c.obj
                0x08008baa                UART_WaitOnFlagUntilTimeout
 .text.UART_CheckIdleState
                0x08008c50       0xca CMakeFiles/ui.elf.dir/Drivers/STM32H7xx_HAL_Driver/Src/stm32h7xx_hal_uart.c.obj
                0x08008c50                UART_CheckIdleState
 .text.HAL_UART_Init
                0x08008d1a       0x66 CMakeFiles/ui.elf.dir/Drivers/STM32H7xx_HAL_Driver/Src/stm32h7xx_hal_uart.c.obj
                0x08008d1a                HAL_UART_Init
 .text.UART_Start_Receive_DMA
                0x08008d80       0xb0 CMakeFiles/ui.elf.dir/Drivers/STM32H7xx_HAL_Driver/Src/stm32h7xx_hal_uart.c.obj
                0x08008d80                UART_Start_Receive_DMA
 .text.UARTEx_SetNbDataToProcess
                0x08008e30       0x4c CMakeFiles/ui.elf.dir/Drivers/STM32H7xx_HAL_Driver/Src/stm32h7xx_hal_uart_ex.c.obj
 .text.HAL_UARTEx_WakeupCallback
                0x08008e7c        0x2 CMakeFiles/ui.elf.dir/Drivers/STM32H7xx_HAL_Driver/Src/stm32h7xx_hal_uart_ex.c.obj
                0x08008e7c                HAL_UARTEx_WakeupCallback
 .text.HAL_UARTEx_RxFifoFullCallback
                0x08008e7e        0x2 CMakeFiles/ui.elf.dir/Drivers/STM32H7xx_HAL_Driver/Src/stm32h7xx_hal_uart_ex.c.obj
                0x08008e7e                HAL_UARTEx_RxFifoFullCallback
 .text.HAL_UARTEx_TxFifoEmptyCallback
                0x08008e80        0x2 CMakeFiles/ui.elf.dir/Drivers/STM32H7xx_HAL_Driver/Src/stm32h7xx_hal_uart_ex.c.obj
                0x08008e80                HAL_UARTEx_TxFifoEmptyCallback
 .text.HAL_UARTEx_DisableFifoMode
                0x08008e82       0x3e CMakeFiles/ui.elf.dir/Drivers/STM32H7xx_HAL_Driver/Src/stm32h7xx_hal_uart_ex.c.obj
                0x08008e82                HAL_UARTEx_DisableFifoMode
 .text.HAL_UARTEx_SetTxFifoThreshold
                0x08008ec0       0x4a CMakeFiles/ui.elf.dir/Drivers/STM32H7xx_HAL_Driver/Src/stm32h7xx_hal_uart_ex.c.obj
                0x08008ec0                HAL_UARTEx_SetTxFifoThreshold
 .text.HAL_UARTEx_SetRxFifoThreshold
                0x08008f0a       0x4a CMakeFiles/ui.elf.dir/Drivers/STM32H7xx_HAL_Driver/Src/stm32h7xx_hal_uart_ex.c.obj
                0x08008f0a                HAL_UARTEx_SetRxFifoThreshold
 .text.HAL_UARTEx_ReceiveToIdle_DMA
                0x08008f54       0x50 CMakeFiles/ui.elf.dir/Drivers/STM32H7xx_HAL_Driver/Src/stm32h7xx_hal_uart_ex.c.obj
                0x08008f54                HAL_UARTEx_ReceiveToIdle_DMA
 .text.u8g2_DrawHXBMP
                0x08008fa4       0x8c CMakeFiles/ui.elf.dir/U8g2/u8g2_bitmap.c.obj
                0x08008fa4                u8g2_DrawHXBMP
 .text.u8g2_DrawXBMP
                0x08009030       0x54 CMakeFiles/ui.elf.dir/U8g2/u8g2_bitmap.c.obj
                0x08009030                u8g2_DrawXBMP
 .text.u8g2_DrawBox
                0x08009084       0x4a CMakeFiles/ui.elf.dir/U8g2/u8g2_box.c.obj
                0x08009084                u8g2_DrawBox
 .text.u8g2_DrawFrame
                0x080090ce       0x94 CMakeFiles/ui.elf.dir/U8g2/u8g2_box.c.obj
                0x080090ce                u8g2_DrawFrame
 .text.u8g2_DrawRBox
                0x08009162       0xf6 CMakeFiles/ui.elf.dir/U8g2/u8g2_box.c.obj
                0x08009162                u8g2_DrawRBox
 .text.u8g2_DrawRFrame
                0x08009258      0x114 CMakeFiles/ui.elf.dir/U8g2/u8g2_box.c.obj
                0x08009258                u8g2_DrawRFrame
 .text.u8g2_send_tile_row
                0x0800936c       0x20 CMakeFiles/ui.elf.dir/U8g2/u8g2_buffer.c.obj
 .text.u8g2_send_buffer
                0x0800938c       0x3a CMakeFiles/ui.elf.dir/U8g2/u8g2_buffer.c.obj
 .text.u8g2_ClearBuffer
                0x080093c6       0x1a CMakeFiles/ui.elf.dir/U8g2/u8g2_buffer.c.obj
                0x080093c6                u8g2_ClearBuffer
 .text.u8g2_SendBuffer
                0x080093e0       0x10 CMakeFiles/ui.elf.dir/U8g2/u8g2_buffer.c.obj
                0x080093e0                u8g2_SendBuffer
 .text.u8g2_draw_circle_section
                0x080093f0       0xb4 CMakeFiles/ui.elf.dir/U8g2/u8g2_circle.c.obj
 .text.u8g2_draw_circle
                0x080094a4       0x7e CMakeFiles/ui.elf.dir/U8g2/u8g2_circle.c.obj
 .text.u8g2_draw_disc_section
                0x08009522       0xc6 CMakeFiles/ui.elf.dir/U8g2/u8g2_circle.c.obj
 .text.u8g2_draw_disc
                0x080095e8       0x7e CMakeFiles/ui.elf.dir/U8g2/u8g2_circle.c.obj
 .text.u8g2_DrawCircle
                0x08009666       0x48 CMakeFiles/ui.elf.dir/U8g2/u8g2_circle.c.obj
                0x08009666                u8g2_DrawCircle
 .text.u8g2_DrawDisc
                0x080096ae       0x48 CMakeFiles/ui.elf.dir/U8g2/u8g2_circle.c.obj
                0x080096ae                u8g2_DrawDisc
 *fill*         0x080096f6        0x2 
 .text.u8g2_m_16_8_f
                0x080096f8        0xc CMakeFiles/ui.elf.dir/U8g2/u8g2_d_memory.c.obj
                0x080096f8                u8g2_m_16_8_f
 .text.u8g2_Setup_ssd1306_128x64_noname_f
                0x08009704       0x3c CMakeFiles/ui.elf.dir/U8g2/u8g2_d_setup.c.obj
                0x08009704                u8g2_Setup_ssd1306_128x64_noname_f
 .text.u8g2_font_get_byte
                0x08009740        0x4 CMakeFiles/ui.elf.dir/U8g2/u8g2_font.c.obj
 .text.u8g2_font_get_word
                0x08009744        0xe CMakeFiles/ui.elf.dir/U8g2/u8g2_font.c.obj
 .text.u8g2_font_calc_vref_font
                0x08009752        0x4 CMakeFiles/ui.elf.dir/U8g2/u8g2_font.c.obj
                0x08009752                u8g2_font_calc_vref_font
 .text.u8g2_read_font_info
                0x08009756       0xd0 CMakeFiles/ui.elf.dir/U8g2/u8g2_font.c.obj
                0x08009756                u8g2_read_font_info
 .text.u8g2_font_decode_get_unsigned_bits
                0x08009826       0x4c CMakeFiles/ui.elf.dir/U8g2/u8g2_font.c.obj
                0x08009826                u8g2_font_decode_get_unsigned_bits
 .text.u8g2_font_setup_decode
                0x08009872       0x40 CMakeFiles/ui.elf.dir/U8g2/u8g2_font.c.obj
 .text.u8g2_font_decode_get_signed_bits
                0x080098b2       0x16 CMakeFiles/ui.elf.dir/U8g2/u8g2_font.c.obj
                0x080098b2                u8g2_font_decode_get_signed_bits
 .text.u8g2_add_vector_y
                0x080098c8       0x22 CMakeFiles/ui.elf.dir/U8g2/u8g2_font.c.obj
                0x080098c8                u8g2_add_vector_y
 .text.u8g2_add_vector_x
                0x080098ea       0x22 CMakeFiles/ui.elf.dir/U8g2/u8g2_font.c.obj
                0x080098ea                u8g2_add_vector_x
 .text.u8g2_font_decode_len
                0x0800990c       0xc8 CMakeFiles/ui.elf.dir/U8g2/u8g2_font.c.obj
                0x0800990c                u8g2_font_decode_len
 .text.u8g2_font_decode_glyph
                0x080099d4      0x14e CMakeFiles/ui.elf.dir/U8g2/u8g2_font.c.obj
                0x080099d4                u8g2_font_decode_glyph
 .text.u8g2_font_get_glyph_data
                0x08009b22       0x74 CMakeFiles/ui.elf.dir/U8g2/u8g2_font.c.obj
                0x08009b22                u8g2_font_get_glyph_data
 .text.u8g2_font_draw_glyph
                0x08009b96       0x24 CMakeFiles/ui.elf.dir/U8g2/u8g2_font.c.obj
 .text.u8g2_GetGlyphWidth
                0x08009bba       0x3e CMakeFiles/ui.elf.dir/U8g2/u8g2_font.c.obj
                0x08009bba                u8g2_GetGlyphWidth
 .text.u8g2_string_width
                0x08009bf8       0x7a CMakeFiles/ui.elf.dir/U8g2/u8g2_font.c.obj
 .text.u8g2_DrawGlyph
                0x08009c72       0x4e CMakeFiles/ui.elf.dir/U8g2/u8g2_font.c.obj
                0x08009c72                u8g2_DrawGlyph
 .text.u8g2_draw_string
                0x08009cc0       0x7c CMakeFiles/ui.elf.dir/U8g2/u8g2_font.c.obj
 .text.u8g2_DrawStr
                0x08009d3c       0x10 CMakeFiles/ui.elf.dir/U8g2/u8g2_font.c.obj
                0x08009d3c                u8g2_DrawStr
 .text.u8g2_UpdateRefHeight
                0x08009d4c       0x62 CMakeFiles/ui.elf.dir/U8g2/u8g2_font.c.obj
                0x08009d4c                u8g2_UpdateRefHeight
 *fill*         0x08009dae        0x2 
 .text.u8g2_SetFontPosBaseline
                0x08009db0        0xc CMakeFiles/ui.elf.dir/U8g2/u8g2_font.c.obj
                0x08009db0                u8g2_SetFontPosBaseline
 .text.u8g2_SetFont
                0x08009dbc       0x1c CMakeFiles/ui.elf.dir/U8g2/u8g2_font.c.obj
                0x08009dbc                u8g2_SetFont
 .text.u8g2_GetStrWidth
                0x08009dd8       0x10 CMakeFiles/ui.elf.dir/U8g2/u8g2_font.c.obj
                0x08009dd8                u8g2_GetStrWidth
 .text.u8g2_SetFontDirection
                0x08009de8        0x6 CMakeFiles/ui.elf.dir/U8g2/u8g2_font.c.obj
                0x08009de8                u8g2_SetFontDirection
 .text.u8g2_clip_intersection2
                0x08009dee       0x4c CMakeFiles/ui.elf.dir/U8g2/u8g2_hvline.c.obj
 .text.u8g2_draw_hv_line_2dir
                0x08009e3a       0x18 CMakeFiles/ui.elf.dir/U8g2/u8g2_hvline.c.obj
                0x08009e3a                u8g2_draw_hv_line_2dir
 .text.u8g2_DrawHVLine
                0x08009e52       0xca CMakeFiles/ui.elf.dir/U8g2/u8g2_hvline.c.obj
                0x08009e52                u8g2_DrawHVLine
 .text.u8g2_DrawHLine
                0x08009f1c       0x10 CMakeFiles/ui.elf.dir/U8g2/u8g2_hvline.c.obj
                0x08009f1c                u8g2_DrawHLine
 .text.u8g2_DrawVLine
                0x08009f2c       0x10 CMakeFiles/ui.elf.dir/U8g2/u8g2_hvline.c.obj
                0x08009f2c                u8g2_DrawVLine
 .text.u8g2_DrawPixel
                0x08009f3c       0x36 CMakeFiles/ui.elf.dir/U8g2/u8g2_hvline.c.obj
                0x08009f3c                u8g2_DrawPixel
 .text.u8g2_SetDrawColor
                0x08009f72       0x10 CMakeFiles/ui.elf.dir/U8g2/u8g2_hvline.c.obj
                0x08009f72                u8g2_SetDrawColor
 .text.u8g2_is_intersection_decision_tree
                0x08009f82       0x2c CMakeFiles/ui.elf.dir/U8g2/u8g2_intersection.c.obj
                0x08009f82                u8g2_is_intersection_decision_tree
 .text.u8g2_IsIntersection
                0x08009fae       0x2c CMakeFiles/ui.elf.dir/U8g2/u8g2_intersection.c.obj
                0x08009fae                u8g2_IsIntersection
 .text.u8g2_DrawLine
                0x08009fda       0xce CMakeFiles/ui.elf.dir/U8g2/u8g2_line.c.obj
                0x08009fda                u8g2_DrawLine
 .text.u8g2_ll_hvline_vertical_top_lsb
                0x0800a0a8       0xa6 CMakeFiles/ui.elf.dir/U8g2/u8g2_ll_hvline.c.obj
                0x0800a0a8                u8g2_ll_hvline_vertical_top_lsb
 .text.u8g2_update_dimension_common
                0x0800a14e       0x50 CMakeFiles/ui.elf.dir/U8g2/u8g2_setup.c.obj
 .text.u8g2_update_dimension_r0
                0x0800a19e        0x8 CMakeFiles/ui.elf.dir/U8g2/u8g2_setup.c.obj
                0x0800a19e                u8g2_update_dimension_r0
 .text.u8g2_apply_clip_window
                0x0800a1a6       0x70 CMakeFiles/ui.elf.dir/U8g2/u8g2_setup.c.obj
 .text.u8g2_update_page_win_r0
                0x0800a216       0x26 CMakeFiles/ui.elf.dir/U8g2/u8g2_setup.c.obj
                0x0800a216                u8g2_update_page_win_r0
 .text.u8g2_draw_l90_r0
                0x0800a23c       0x12 CMakeFiles/ui.elf.dir/U8g2/u8g2_setup.c.obj
                0x0800a23c                u8g2_draw_l90_r0
 .text.u8g2_SetMaxClipWindow
                0x0800a24e       0x20 CMakeFiles/ui.elf.dir/U8g2/u8g2_setup.c.obj
                0x0800a24e                u8g2_SetMaxClipWindow
 .text.u8g2_SetupBuffer
                0x0800a26e       0x40 CMakeFiles/ui.elf.dir/U8g2/u8g2_setup.c.obj
                0x0800a26e                u8g2_SetupBuffer
 .text.u8x8_ascii_next
                0x0800a2ae       0x12 CMakeFiles/ui.elf.dir/U8g2/u8x8_8x8.c.obj
                0x0800a2ae                u8x8_ascii_next
 .text.u8x8_utf8_init
                0x0800a2c0        0x8 CMakeFiles/ui.elf.dir/U8g2/u8x8_8x8.c.obj
                0x0800a2c0                u8x8_utf8_init
 .text.u8x8_byte_SetDC
                0x0800a2c8        0xe CMakeFiles/ui.elf.dir/U8g2/u8x8_byte.c.obj
                0x0800a2c8                u8x8_byte_SetDC
 .text.u8x8_byte_SendBytes
                0x0800a2d6        0xe CMakeFiles/ui.elf.dir/U8g2/u8x8_byte.c.obj
                0x0800a2d6                u8x8_byte_SendBytes
 .text.u8x8_byte_SendByte
                0x0800a2e4       0x18 CMakeFiles/ui.elf.dir/U8g2/u8x8_byte.c.obj
                0x0800a2e4                u8x8_byte_SendByte
 .text.u8x8_cad_SendCmd
                0x0800a2fc        0xe CMakeFiles/ui.elf.dir/U8g2/u8x8_cad.c.obj
                0x0800a2fc                u8x8_cad_SendCmd
 .text.u8x8_cad_SendArg
                0x0800a30a        0xe CMakeFiles/ui.elf.dir/U8g2/u8x8_cad.c.obj
                0x0800a30a                u8x8_cad_SendArg
 .text.u8x8_cad_SendData
                0x0800a318        0xe CMakeFiles/ui.elf.dir/U8g2/u8x8_cad.c.obj
                0x0800a318                u8x8_cad_SendData
 .text.u8x8_cad_StartTransfer
                0x0800a326        0xe CMakeFiles/ui.elf.dir/U8g2/u8x8_cad.c.obj
                0x0800a326                u8x8_cad_StartTransfer
 .text.u8x8_cad_EndTransfer
                0x0800a334        0xe CMakeFiles/ui.elf.dir/U8g2/u8x8_cad.c.obj
                0x0800a334                u8x8_cad_EndTransfer
 .text.u8x8_cad_SendSequence
                0x0800a342       0x72 CMakeFiles/ui.elf.dir/U8g2/u8x8_cad.c.obj
                0x0800a342                u8x8_cad_SendSequence
 .text.u8x8_cad_001
                0x0800a3b4       0x5e CMakeFiles/ui.elf.dir/U8g2/u8x8_cad.c.obj
                0x0800a3b4                u8x8_cad_001
 *fill*         0x0800a412        0x2 
 .text.u8x8_d_ssd1306_sh1106_generic
                0x0800a414       0xe4 CMakeFiles/ui.elf.dir/U8g2/u8x8_d_ssd1306_128x64_noname.c.obj
 .text.u8x8_d_ssd1306_128x64_noname
                0x0800a4f8       0x40 CMakeFiles/ui.elf.dir/U8g2/u8x8_d_ssd1306_128x64_noname.c.obj
                0x0800a4f8                u8x8_d_ssd1306_128x64_noname
 .text.u8x8_d_helper_display_setup_memory
                0x0800a538        0xa CMakeFiles/ui.elf.dir/U8g2/u8x8_display.c.obj
                0x0800a538                u8x8_d_helper_display_setup_memory
 .text.u8x8_d_helper_display_init
                0x0800a542       0x62 CMakeFiles/ui.elf.dir/U8g2/u8x8_display.c.obj
                0x0800a542                u8x8_d_helper_display_init
 .text.u8x8_DrawTile
                0x0800a5a4       0x22 CMakeFiles/ui.elf.dir/U8g2/u8x8_display.c.obj
                0x0800a5a4                u8x8_DrawTile
 .text.u8x8_SetupMemory
                0x0800a5c6        0xe CMakeFiles/ui.elf.dir/U8g2/u8x8_display.c.obj
                0x0800a5c6                u8x8_SetupMemory
 .text.u8x8_InitDisplay
                0x0800a5d4        0xe CMakeFiles/ui.elf.dir/U8g2/u8x8_display.c.obj
                0x0800a5d4                u8x8_InitDisplay
 .text.u8x8_SetPowerSave
                0x0800a5e2        0xe CMakeFiles/ui.elf.dir/U8g2/u8x8_display.c.obj
                0x0800a5e2                u8x8_SetPowerSave
 .text.u8x8_SetContrast
                0x0800a5f0        0xe CMakeFiles/ui.elf.dir/U8g2/u8x8_display.c.obj
                0x0800a5f0                u8x8_SetContrast
 .text.u8x8_RefreshDisplay
                0x0800a5fe        0xe CMakeFiles/ui.elf.dir/U8g2/u8x8_display.c.obj
                0x0800a5fe                u8x8_RefreshDisplay
 .text.u8x8_gpio_call
                0x0800a60c        0xa CMakeFiles/ui.elf.dir/U8g2/u8x8_gpio.c.obj
                0x0800a60c                u8x8_gpio_call
 .text.u8x8_dummy_cb
                0x0800a616        0x4 CMakeFiles/ui.elf.dir/U8g2/u8x8_setup.c.obj
                0x0800a616                u8x8_dummy_cb
 *fill*         0x0800a61a        0x2 
 .text.u8x8_SetupDefaults
                0x0800a61c       0x28 CMakeFiles/ui.elf.dir/U8g2/u8x8_setup.c.obj
                0x0800a61c                u8x8_SetupDefaults
 .text.u8x8_Setup
                0x0800a644       0x20 CMakeFiles/ui.elf.dir/U8g2/u8x8_setup.c.obj
                0x0800a644                u8x8_Setup
 .text.read_button_GPIO
                0x0800a664       0x38 CMakeFiles/ui.elf.dir/myApp/bsp_key.c.obj
                0x0800a664                read_button_GPIO
 .text.button_callback
                0x0800a69c        0xe CMakeFiles/ui.elf.dir/myApp/bsp_key.c.obj
                0x0800a69c                button_callback
 *fill*         0x0800a6aa        0x2 
 .text.myButton_init
                0x0800a6ac       0xb4 CMakeFiles/ui.elf.dir/myApp/bsp_key.c.obj
                0x0800a6ac                myButton_init
 .text.MY_LOG   0x0800a760       0x50 CMakeFiles/ui.elf.dir/myApp/bsp_uart.c.obj
                0x0800a760                MY_LOG
 .text.HAL_UART_TxCpltCallback
                0x0800a7b0       0x1c CMakeFiles/ui.elf.dir/myApp/bsp_uart.c.obj
                0x0800a7b0                HAL_UART_TxCpltCallback
 .text.HAL_UART1_RX_Callback
                0x0800a7cc       0x9c CMakeFiles/ui.elf.dir/myApp/bsp_uart.c.obj
                0x0800a7cc                HAL_UART1_RX_Callback
 .text.HAL_UARTEx_RxEventCallback
                0x0800a868       0x3c CMakeFiles/ui.elf.dir/myApp/bsp_uart.c.obj
                0x0800a868                HAL_UARTEx_RxEventCallback
 .text.task_uart_proc
                0x0800a8a4       0xa8 CMakeFiles/ui.elf.dir/myApp/bsp_uart.c.obj
                0x0800a8a4                task_uart_proc
 .text.myUart_init
                0x0800a94c       0xd0 CMakeFiles/ui.elf.dir/myApp/bsp_uart.c.obj
                0x0800a94c                myUart_init
 .text.MX_USART1_UART_BUND_Init
                0x0800aa1c       0x68 CMakeFiles/ui.elf.dir/myApp/bsp_uart.c.obj
                0x0800aa1c                MX_USART1_UART_BUND_Init
 .text.loop     0x0800aa84       0x24 CMakeFiles/ui.elf.dir/myApp/loop.c.obj
                0x0800aa84                loop
 .text.os_200hz_task
                0x0800aaa8        0x8 CMakeFiles/ui.elf.dir/myApp/loop.c.obj
                0x0800aaa8                os_200hz_task
 .text.task_debug
                0x0800aab0        0x2 CMakeFiles/ui.elf.dir/myApp/loop.c.obj
                0x0800aab0                task_debug
 *fill*         0x0800aab2        0x2 
 .text.scheduler_init
                0x0800aab4        0xc CMakeFiles/ui.elf.dir/myApp/scheduler.c.obj
                0x0800aab4                scheduler_init
 .text.scheduler_run
                0x0800aac0       0x4c CMakeFiles/ui.elf.dir/myApp/scheduler.c.obj
                0x0800aac0                scheduler_run
 .text.rotate_right_channel_0
                0x0800ab0c        0x2 CMakeFiles/ui.elf.dir/myDrivers/myAdc.c.obj
                0x0800ab0c                rotate_right_channel_0
 .text.rotate_left_channel_0
                0x0800ab0e        0x2 CMakeFiles/ui.elf.dir/myDrivers/myAdc.c.obj
                0x0800ab0e                rotate_left_channel_0
 .text.rotate_right_channel_1
                0x0800ab10        0x2 CMakeFiles/ui.elf.dir/myDrivers/myAdc.c.obj
                0x0800ab10                rotate_right_channel_1
 .text.rotate_left_channel_1
                0x0800ab12        0x2 CMakeFiles/ui.elf.dir/myDrivers/myAdc.c.obj
                0x0800ab12                rotate_left_channel_1
 .text.power_monitor_read_value
                0x0800ab14       0x20 CMakeFiles/ui.elf.dir/myDrivers/myAdc.c.obj
                0x0800ab14                power_monitor_read_value
 .text.update_channel_adc_value
                0x0800ab34       0x38 CMakeFiles/ui.elf.dir/myDrivers/myAdc.c.obj
                0x0800ab34                update_channel_adc_value
 .text.task_adc_proc
                0x0800ab6c       0x10 CMakeFiles/ui.elf.dir/myDrivers/myAdc.c.obj
                0x0800ab6c                task_adc_proc
 .text.myAdc_init
                0x0800ab7c       0x20 CMakeFiles/ui.elf.dir/myDrivers/myAdc.c.obj
                0x0800ab7c                myAdc_init
 .text.button_handler
                0x0800ab9c      0x22a CMakeFiles/ui.elf.dir/myDrivers/myButton.c.obj
 .text.button_init
                0x0800adc6       0x38 CMakeFiles/ui.elf.dir/myDrivers/myButton.c.obj
                0x0800adc6                button_init
 .text.button_attach
                0x0800adfe        0xa CMakeFiles/ui.elf.dir/myDrivers/myButton.c.obj
                0x0800adfe                button_attach
 .text.button_start
                0x0800ae08       0x24 CMakeFiles/ui.elf.dir/myDrivers/myButton.c.obj
                0x0800ae08                button_start
 .text.os_Button_5ms
                0x0800ae2c       0x1c CMakeFiles/ui.elf.dir/myDrivers/myButton.c.obj
                0x0800ae2c                os_Button_5ms
 .text.myGpio_init
                0x0800ae48       0x2c CMakeFiles/ui.elf.dir/myDrivers/myGpio.c.obj
                0x0800ae48                myGpio_init
 .text.gpio_control_work
                0x0800ae74       0xbc CMakeFiles/ui.elf.dir/myDrivers/myGpio.c.obj
                0x0800ae74                gpio_control_work
 .text.led_setup
                0x0800af30       0x14 CMakeFiles/ui.elf.dir/myDrivers/myGpio.c.obj
                0x0800af30                led_setup
 .text.task_led_proc
                0x0800af44       0x10 CMakeFiles/ui.elf.dir/myDrivers/myGpio.c.obj
                0x0800af44                task_led_proc
 .text.map_number
                0x0800af54       0x38 CMakeFiles/ui.elf.dir/myDrivers/myLib.c.obj
                0x0800af54                map_number
 .text.ditoa    0x0800af8c       0x24 CMakeFiles/ui.elf.dir/myDrivers/myLib.c.obj
                0x0800af8c                ditoa
 .text.ftoa     0x0800afb0       0x28 CMakeFiles/ui.elf.dir/myDrivers/myLib.c.obj
                0x0800afb0                ftoa
 .text.ringbuffer_init
                0x0800afd8       0x18 CMakeFiles/ui.elf.dir/myDrivers/myRingBuffer.c.obj
                0x0800afd8                ringbuffer_init
 .text.ringbuffer_is_full
                0x0800aff0        0xc CMakeFiles/ui.elf.dir/myDrivers/myRingBuffer.c.obj
                0x0800aff0                ringbuffer_is_full
 .text.ringbuffer_is_empty
                0x0800affc        0xa CMakeFiles/ui.elf.dir/myDrivers/myRingBuffer.c.obj
                0x0800affc                ringbuffer_is_empty
 *fill*         0x0800b006        0x2 
 .text.ringbuffer_write
                0x0800b008       0x50 CMakeFiles/ui.elf.dir/myDrivers/myRingBuffer.c.obj
                0x0800b008                ringbuffer_write
 .text.ringbuffer_read
                0x0800b058       0x54 CMakeFiles/ui.elf.dir/myDrivers/myRingBuffer.c.obj
                0x0800b058                ringbuffer_read
 .text.Parse_Intenger
                0x0800b0ac       0x5e CMakeFiles/ui.elf.dir/myDrivers/myStreamParser.c.obj
 .text.CompareString
                0x0800b10a       0x50 CMakeFiles/ui.elf.dir/myDrivers/myStreamParser.c.obj
 *fill*         0x0800b15a        0x2 
 .text.Parse_Float
                0x0800b15c       0xa4 CMakeFiles/ui.elf.dir/myDrivers/myStreamParser.c.obj
 .text.SParser_Init
                0x0800b200       0x68 CMakeFiles/ui.elf.dir/myDrivers/myStreamParser.c.obj
                0x0800b200                SParser_Init
 .text.SParser_Parse
                0x0800b268      0x128 CMakeFiles/ui.elf.dir/myDrivers/myStreamParser.c.obj
                0x0800b268                SParser_Parse
 .text.HAL_TIM_PeriodElapsedCallback
                0x0800b390       0xdc CMakeFiles/ui.elf.dir/myDrivers/myTimeIR.c.obj
                0x0800b390                HAL_TIM_PeriodElapsedCallback
 .text.myTimeIR_init
                0x0800b46c       0x10 CMakeFiles/ui.elf.dir/myDrivers/myTimeIR.c.obj
                0x0800b46c                myTimeIR_init
 .text.check_box_v_init
                0x0800b47c        0xc CMakeFiles/ui.elf.dir/myGui/menu.c.obj
                0x0800b47c                check_box_v_init
 .text.check_box_m_init
                0x0800b488        0xc CMakeFiles/ui.elf.dir/myGui/menu.c.obj
                0x0800b488                check_box_m_init
 .text.check_box_s_init
                0x0800b494        0xc CMakeFiles/ui.elf.dir/myGui/menu.c.obj
                0x0800b494                check_box_s_init
 .text.check_box_m_select
                0x0800b4a0       0x14 CMakeFiles/ui.elf.dir/myGui/menu.c.obj
                0x0800b4a0                check_box_m_select
 .text.check_box_s_select
                0x0800b4b4       0x10 CMakeFiles/ui.elf.dir/myGui/menu.c.obj
                0x0800b4b4                check_box_s_select
 .text.window_value_init
                0x0800b4c4       0x54 CMakeFiles/ui.elf.dir/myGui/menu.c.obj
                0x0800b4c4                window_value_init
 .text.confirm_window_select_button
                0x0800b518       0x24 CMakeFiles/ui.elf.dir/myGui/menu.c.obj
                0x0800b518                confirm_window_select_button
 .text.tile_param_init
                0x0800b53c       0x3c CMakeFiles/ui.elf.dir/myGui/menu.c.obj
                0x0800b53c                tile_param_init
 .text.sleep_param_init
                0x0800b578       0x40 CMakeFiles/ui.elf.dir/myGui/menu.c.obj
                0x0800b578                sleep_param_init
 .text.setting_param_init
                0x0800b5b8       0x18 CMakeFiles/ui.elf.dir/myGui/menu.c.obj
                0x0800b5b8                setting_param_init
 .text.window_param_init
                0x0800b5d0       0x2c CMakeFiles/ui.elf.dir/myGui/menu.c.obj
                0x0800b5d0                window_param_init
 .text.confirm_windos_param_init
                0x0800b5fc       0x2c CMakeFiles/ui.elf.dir/myGui/menu.c.obj
                0x0800b5fc                confirm_windos_param_init
 .text.layer_init_in
                0x0800b628       0x68 CMakeFiles/ui.elf.dir/myGui/menu.c.obj
                0x0800b628                layer_init_in
 .text.layer_init_out
                0x0800b690       0x5c CMakeFiles/ui.elf.dir/myGui/menu.c.obj
                0x0800b690                layer_init_out
 *fill*         0x0800b6ec        0x4 
 .text.animation
                0x0800b6f0       0xa0 CMakeFiles/ui.elf.dir/myGui/menu.c.obj
                0x0800b6f0                animation
 .text.fade     0x0800b790      0x168 CMakeFiles/ui.elf.dir/myGui/menu.c.obj
                0x0800b790                fade
 .text.tile_show
                0x0800b8f8      0x21c CMakeFiles/ui.elf.dir/myGui/menu.c.obj
                0x0800b8f8                tile_show
 .text.list_draw_value
                0x0800bb14       0x2c CMakeFiles/ui.elf.dir/myGui/menu.c.obj
                0x0800bb14                list_draw_value
 .text.list_draw_check_box_frame
                0x0800bb40       0x2c CMakeFiles/ui.elf.dir/myGui/menu.c.obj
                0x0800bb40                list_draw_check_box_frame
 .text.list_draw_check_box_dot
                0x0800bb6c       0x28 CMakeFiles/ui.elf.dir/myGui/menu.c.obj
                0x0800bb6c                list_draw_check_box_dot
 .text.list_draw_krf
                0x0800bb94       0x54 CMakeFiles/ui.elf.dir/myGui/menu.c.obj
                0x0800bb94                list_draw_krf
 .text.list_draw_kpf
                0x0800bbe8       0x50 CMakeFiles/ui.elf.dir/myGui/menu.c.obj
                0x0800bbe8                list_draw_kpf
 .text.list_draw_text_and_check_box
                0x0800bc38       0xc0 CMakeFiles/ui.elf.dir/myGui/menu.c.obj
                0x0800bc38                list_draw_text_and_check_box
 .text.list_show
                0x0800bcf8      0x2a0 CMakeFiles/ui.elf.dir/myGui/menu.c.obj
                0x0800bcf8                list_show
 .text.window_show
                0x0800bf98      0x1cc CMakeFiles/ui.elf.dir/myGui/menu.c.obj
                0x0800bf98                window_show
 .text.confirm_window_show
                0x0800c164      0x1d8 CMakeFiles/ui.elf.dir/myGui/menu.c.obj
                0x0800c164                confirm_window_show
 .text.tile_rotate_switch
                0x0800c33c       0xe4 CMakeFiles/ui.elf.dir/myGui/menu.c.obj
                0x0800c33c                tile_rotate_switch
 .text.list_rotate_switch
                0x0800c420      0x1ac CMakeFiles/ui.elf.dir/myGui/menu.c.obj
                0x0800c420                list_rotate_switch
 .text.sleep_proc
                0x0800c5cc       0x5c CMakeFiles/ui.elf.dir/myGui/menu.c.obj
                0x0800c5cc                sleep_proc
 .text.main_proc
                0x0800c628       0xbc CMakeFiles/ui.elf.dir/myGui/menu.c.obj
                0x0800c628                main_proc
 .text.editor_proc
                0x0800c6e4       0x68 CMakeFiles/ui.elf.dir/myGui/menu.c.obj
                0x0800c6e4                editor_proc
 .text.setting_proc
                0x0800c74c      0x21c CMakeFiles/ui.elf.dir/myGui/menu.c.obj
                0x0800c74c                setting_proc
 .text.about_proc
                0x0800c968       0x68 CMakeFiles/ui.elf.dir/myGui/menu.c.obj
                0x0800c968                about_proc
 .text.ui_param_init
                0x0800c9d0       0x5c CMakeFiles/ui.elf.dir/myGui/menu.c.obj
                0x0800c9d0                ui_param_init
 .text.ui_init  0x0800ca2c       0x9c CMakeFiles/ui.elf.dir/myGui/menu.c.obj
                0x0800ca2c                ui_init
 .text.eeprom_notify_change
                0x0800cac8        0xc CMakeFiles/ui.elf.dir/myGui/menu.c.obj
                0x0800cac8                eeprom_notify_change
 .text.window_proc
                0x0800cad4       0xa4 CMakeFiles/ui.elf.dir/myGui/menu.c.obj
                0x0800cad4                window_proc
 .text.confirm_window_proc
                0x0800cb78       0x90 CMakeFiles/ui.elf.dir/myGui/menu.c.obj
                0x0800cb78                confirm_window_proc
 .text.ui_proc  0x0800cc08       0xc0 CMakeFiles/ui.elf.dir/myGui/menu.c.obj
                0x0800cc08                ui_proc
 .text.u8g2_init
                0x0800ccc8       0x38 CMakeFiles/ui.elf.dir/myGui/menu.c.obj
                0x0800ccc8                u8g2_init
 .text.gui_btn_send_signal
                0x0800cd00       0xf8 CMakeFiles/ui.elf.dir/myGui/menu.c.obj
                0x0800cd00                gui_btn_send_signal
 .text.task_gui_proc
                0x0800cdf8        0x8 CMakeFiles/ui.elf.dir/myGui/menu.c.obj
                0x0800cdf8                task_gui_proc
 .text.myGui_init
                0x0800ce00       0x18 CMakeFiles/ui.elf.dir/myGui/menu.c.obj
                0x0800ce00                myGui_init
 .text.serial_pram_init
                0x0800ce18       0x3c CMakeFiles/ui.elf.dir/myGui/pageGui_serial.c.obj
                0x0800ce18                serial_pram_init
 .text.serial_proc
                0x0800ce54      0x204 CMakeFiles/ui.elf.dir/myGui/pageGui_serial.c.obj
                0x0800ce54                serial_proc
 .text.serial_show_init
                0x0800d058       0x14 CMakeFiles/ui.elf.dir/myGui/pageGui_serial.c.obj
                0x0800d058                serial_show_init
 .text.serial_show
                0x0800d06c       0xb0 CMakeFiles/ui.elf.dir/myGui/pageGui_serial.c.obj
                0x0800d06c                serial_show
 .text.PrintVarFormat
                0x0800d11c       0x58 CMakeFiles/ui.elf.dir/myGui/pageGui_serial.c.obj
                0x0800d11c                PrintVarFormat
 .text.serial_show_proc
                0x0800d174       0x60 CMakeFiles/ui.elf.dir/myGui/pageGui_serial.c.obj
                0x0800d174                serial_show_proc
 .text.volt_param_init
                0x0800d1d4       0x34 CMakeFiles/ui.elf.dir/myGui/pageGui_volt.c.obj
                0x0800d1d4                volt_param_init
 .text.volt_show
                0x0800d208      0x42c CMakeFiles/ui.elf.dir/myGui/pageGui_volt.c.obj
                0x0800d208                volt_show
 .text.volt_proc
                0x0800d634       0x58 CMakeFiles/ui.elf.dir/myGui/pageGui_volt.c.obj
                0x0800d634                volt_proc
 .text.u8x8_byte_4wire_hw_spi
                0x0800d68c       0x8c CMakeFiles/ui.elf.dir/myGui/u8g2_oled.c.obj
                0x0800d68c                u8x8_byte_4wire_hw_spi
 .text.u8x8_stm32_gpio_and_delay
                0x0800d718       0x34 CMakeFiles/ui.elf.dir/myGui/u8g2_oled.c.obj
                0x0800d718                u8x8_stm32_gpio_and_delay
 .text.u8g2Init
                0x0800d74c       0x3c CMakeFiles/ui.elf.dir/myGui/u8g2_oled.c.obj
                0x0800d74c                u8g2Init
 .text.__udivmoddi4
                0x0800d788      0x2f8 C:/Software/Clion/Arm_GNU/14EFD8~1.2RE/bin/../lib/gcc/arm-none-eabi/14.2.1/thumb/v7e-m/nofp\libgcc.a(_udivmoddi4.o)
                0x0800d788                __udivmoddi4
 .text.malloc   0x0800da80       0x10 C:/Software/Clion/Arm_GNU/14EFD8~1.2RE/bin/../lib/gcc/arm-none-eabi/14.2.1/thumb/v7e-m/nofp\libg.a(libc_a-malloc.o)
                0x0800da80                malloc
 .text._malloc_r
                0x0800da90      0x598 C:/Software/Clion/Arm_GNU/14EFD8~1.2RE/bin/../lib/gcc/arm-none-eabi/14.2.1/thumb/v7e-m/nofp\libg.a(libc_a-mallocr.o)
                0x0800da90                _malloc_r
 .text.__malloc_lock
                0x0800e028        0xc C:/Software/Clion/Arm_GNU/14EFD8~1.2RE/bin/../lib/gcc/arm-none-eabi/14.2.1/thumb/v7e-m/nofp\libg.a(libc_a-mlock.o)
                0x0800e028                __malloc_lock
 .text.__malloc_unlock
                0x0800e034        0xc C:/Software/Clion/Arm_GNU/14EFD8~1.2RE/bin/../lib/gcc/arm-none-eabi/14.2.1/thumb/v7e-m/nofp\libg.a(libc_a-mlock.o)
                0x0800e034                __malloc_unlock
 .text.stdio_exit_handler
                0x0800e040       0x18 C:/Software/Clion/Arm_GNU/14EFD8~1.2RE/bin/../lib/gcc/arm-none-eabi/14.2.1/thumb/v7e-m/nofp\libg.a(libc_a-findfp.o)
 .text.cleanup_stdio
                0x0800e058       0x40 C:/Software/Clion/Arm_GNU/14EFD8~1.2RE/bin/../lib/gcc/arm-none-eabi/14.2.1/thumb/v7e-m/nofp\libg.a(libc_a-findfp.o)
 .text.global_stdio_init.part.0
                0x0800e098       0xf0 C:/Software/Clion/Arm_GNU/14EFD8~1.2RE/bin/../lib/gcc/arm-none-eabi/14.2.1/thumb/v7e-m/nofp\libg.a(libc_a-findfp.o)
 .text.__sinit  0x0800e188       0x3c C:/Software/Clion/Arm_GNU/14EFD8~1.2RE/bin/../lib/gcc/arm-none-eabi/14.2.1/thumb/v7e-m/nofp\libg.a(libc_a-findfp.o)
                0x0800e188                __sinit
 .text.__sfp_lock_acquire
                0x0800e1c4        0xc C:/Software/Clion/Arm_GNU/14EFD8~1.2RE/bin/../lib/gcc/arm-none-eabi/14.2.1/thumb/v7e-m/nofp\libg.a(libc_a-findfp.o)
                0x0800e1c4                __sfp_lock_acquire
 .text.__sfp_lock_release
                0x0800e1d0        0xc C:/Software/Clion/Arm_GNU/14EFD8~1.2RE/bin/../lib/gcc/arm-none-eabi/14.2.1/thumb/v7e-m/nofp\libg.a(libc_a-findfp.o)
                0x0800e1d0                __sfp_lock_release
 .text._fwalk_sglue
                0x0800e1dc       0x44 C:/Software/Clion/Arm_GNU/14EFD8~1.2RE/bin/../lib/gcc/arm-none-eabi/14.2.1/thumb/v7e-m/nofp\libg.a(libc_a-fwalk.o)
                0x0800e1dc                _fwalk_sglue
 .text.sprintf  0x0800e220       0x44 C:/Software/Clion/Arm_GNU/14EFD8~1.2RE/bin/../lib/gcc/arm-none-eabi/14.2.1/thumb/v7e-m/nofp\libg.a(libc_a-sprintf.o)
                0x0800e220                sprintf
 .text.__sread  0x0800e264       0x24 C:/Software/Clion/Arm_GNU/14EFD8~1.2RE/bin/../lib/gcc/arm-none-eabi/14.2.1/thumb/v7e-m/nofp\libg.a(libc_a-stdio.o)
                0x0800e264                __sread
 .text.__swrite
                0x0800e288       0x40 C:/Software/Clion/Arm_GNU/14EFD8~1.2RE/bin/../lib/gcc/arm-none-eabi/14.2.1/thumb/v7e-m/nofp\libg.a(libc_a-stdio.o)
                0x0800e288                __swrite
 .text.__sseek  0x0800e2c8       0x24 C:/Software/Clion/Arm_GNU/14EFD8~1.2RE/bin/../lib/gcc/arm-none-eabi/14.2.1/thumb/v7e-m/nofp\libg.a(libc_a-stdio.o)
                0x0800e2c8                __sseek
 .text.__sclose
                0x0800e2ec        0x8 C:/Software/Clion/Arm_GNU/14EFD8~1.2RE/bin/../lib/gcc/arm-none-eabi/14.2.1/thumb/v7e-m/nofp\libg.a(libc_a-stdio.o)
                0x0800e2ec                __sclose
 .text.vsnprintf
                0x0800e2f4       0x78 C:/Software/Clion/Arm_GNU/14EFD8~1.2RE/bin/../lib/gcc/arm-none-eabi/14.2.1/thumb/v7e-m/nofp\libg.a(libc_a-vsnprintf.o)
                0x0800e2f4                vsnprintf
 .text.memset   0x0800e36c       0x9c C:/Software/Clion/Arm_GNU/14EFD8~1.2RE/bin/../lib/gcc/arm-none-eabi/14.2.1/thumb/v7e-m/nofp\libg.a(libc_a-memset.o)
                0x0800e36c                memset
 .text._close_r
                0x0800e408       0x24 C:/Software/Clion/Arm_GNU/14EFD8~1.2RE/bin/../lib/gcc/arm-none-eabi/14.2.1/thumb/v7e-m/nofp\libg.a(libc_a-closer.o)
                0x0800e408                _close_r
 .text._lseek_r
                0x0800e42c       0x2c C:/Software/Clion/Arm_GNU/14EFD8~1.2RE/bin/../lib/gcc/arm-none-eabi/14.2.1/thumb/v7e-m/nofp\libg.a(libc_a-lseekr.o)
                0x0800e42c                _lseek_r
 .text._read_r  0x0800e458       0x2c C:/Software/Clion/Arm_GNU/14EFD8~1.2RE/bin/../lib/gcc/arm-none-eabi/14.2.1/thumb/v7e-m/nofp\libg.a(libc_a-readr.o)
                0x0800e458                _read_r
 .text._sbrk_r  0x0800e484       0x24 C:/Software/Clion/Arm_GNU/14EFD8~1.2RE/bin/../lib/gcc/arm-none-eabi/14.2.1/thumb/v7e-m/nofp\libg.a(libc_a-sbrkr.o)
                0x0800e484                _sbrk_r
 .text._write_r
                0x0800e4a8       0x2c C:/Software/Clion/Arm_GNU/14EFD8~1.2RE/bin/../lib/gcc/arm-none-eabi/14.2.1/thumb/v7e-m/nofp\libg.a(libc_a-writer.o)
                0x0800e4a8                _write_r
 .text.__errno  0x0800e4d4        0xc C:/Software/Clion/Arm_GNU/14EFD8~1.2RE/bin/../lib/gcc/arm-none-eabi/14.2.1/thumb/v7e-m/nofp\libg.a(libc_a-errno.o)
                0x0800e4d4                __errno
 .text.__libc_init_array
                0x0800e4e0       0x50 C:/Software/Clion/Arm_GNU/14EFD8~1.2RE/bin/../lib/gcc/arm-none-eabi/14.2.1/thumb/v7e-m/nofp\libg.a(libc_a-init.o)
                0x0800e4e0                __libc_init_array
 .text.__retarget_lock_init_recursive
                0x0800e530        0x4 C:/Software/Clion/Arm_GNU/14EFD8~1.2RE/bin/../lib/gcc/arm-none-eabi/14.2.1/thumb/v7e-m/nofp\libg.a(libc_a-lock.o)
                0x0800e530                __retarget_lock_init_recursive
 .text.__retarget_lock_close_recursive
                0x0800e534        0x4 C:/Software/Clion/Arm_GNU/14EFD8~1.2RE/bin/../lib/gcc/arm-none-eabi/14.2.1/thumb/v7e-m/nofp\libg.a(libc_a-lock.o)
                0x0800e534                __retarget_lock_close_recursive
 .text.__retarget_lock_acquire_recursive
                0x0800e538        0x4 C:/Software/Clion/Arm_GNU/14EFD8~1.2RE/bin/../lib/gcc/arm-none-eabi/14.2.1/thumb/v7e-m/nofp\libg.a(libc_a-lock.o)
                0x0800e538                __retarget_lock_acquire_recursive
 .text.__retarget_lock_release_recursive
                0x0800e53c        0x4 C:/Software/Clion/Arm_GNU/14EFD8~1.2RE/bin/../lib/gcc/arm-none-eabi/14.2.1/thumb/v7e-m/nofp\libg.a(libc_a-lock.o)
                0x0800e53c                __retarget_lock_release_recursive
 .text.sysconf  0x0800e540       0x1c C:/Software/Clion/Arm_GNU/14EFD8~1.2RE/bin/../lib/gcc/arm-none-eabi/14.2.1/thumb/v7e-m/nofp\libg.a(libc_a-sysconf.o)
                0x0800e540                sysconf
 .text.strcpy   0x0800e55c       0xbc C:/Software/Clion/Arm_GNU/14EFD8~1.2RE/bin/../lib/gcc/arm-none-eabi/14.2.1/thumb/v7e-m/nofp\libg.a(libc_a-strcpy.o)
                0x0800e55c                strcpy
 .text.startup.register_fini
                0x0800e618       0x14 C:/Software/Clion/Arm_GNU/14EFD8~1.2RE/bin/../lib/gcc/arm-none-eabi/14.2.1/thumb/v7e-m/nofp\libg.a(libc_a-__call_atexit.o)
 .text.atexit   0x0800e62c        0xc C:/Software/Clion/Arm_GNU/14EFD8~1.2RE/bin/../lib/gcc/arm-none-eabi/14.2.1/thumb/v7e-m/nofp\libg.a(libc_a-atexit.o)
                0x0800e62c                atexit
 .text._malloc_trim_r
                0x0800e638       0xb8 C:/Software/Clion/Arm_GNU/14EFD8~1.2RE/bin/../lib/gcc/arm-none-eabi/14.2.1/thumb/v7e-m/nofp\libg.a(libc_a-freer.o)
                0x0800e638                _malloc_trim_r
 .text._free_r  0x0800e6f0      0x1f0 C:/Software/Clion/Arm_GNU/14EFD8~1.2RE/bin/../lib/gcc/arm-none-eabi/14.2.1/thumb/v7e-m/nofp\libg.a(libc_a-freer.o)
                0x0800e6f0                _free_r
 .text._svfprintf_r
                0x0800e8e0     0x2210 C:/Software/Clion/Arm_GNU/14EFD8~1.2RE/bin/../lib/gcc/arm-none-eabi/14.2.1/thumb/v7e-m/nofp\libg.a(libc_a-svfprintf.o)
                0x0800e8e0                _svfprintf_r
 .text.__ssprint_r
                0x08010af0       0x58 C:/Software/Clion/Arm_GNU/14EFD8~1.2RE/bin/../lib/gcc/arm-none-eabi/14.2.1/thumb/v7e-m/nofp\libg.a(libc_a-ssprint_r.o)
                0x08010af0                __ssprint_r
 .text._fclose_r
                0x08010b48       0xc0 C:/Software/Clion/Arm_GNU/14EFD8~1.2RE/bin/../lib/gcc/arm-none-eabi/14.2.1/thumb/v7e-m/nofp\libg.a(libc_a-fclose.o)
                0x08010b48                _fclose_r
 .text.__sflush_r
                0x08010c08      0x124 C:/Software/Clion/Arm_GNU/14EFD8~1.2RE/bin/../lib/gcc/arm-none-eabi/14.2.1/thumb/v7e-m/nofp\libg.a(libc_a-fflush.o)
                0x08010c08                __sflush_r
 .text._fflush_r
                0x08010d2c       0x54 C:/Software/Clion/Arm_GNU/14EFD8~1.2RE/bin/../lib/gcc/arm-none-eabi/14.2.1/thumb/v7e-m/nofp\libg.a(libc_a-fflush.o)
                0x08010d2c                _fflush_r
 .text.strncpy  0x08010d80       0x68 C:/Software/Clion/Arm_GNU/14EFD8~1.2RE/bin/../lib/gcc/arm-none-eabi/14.2.1/thumb/v7e-m/nofp\libg.a(libc_a-strncpy.o)
                0x08010d80                strncpy
 .text.__locale_mb_cur_max
                0x08010de8        0xc C:/Software/Clion/Arm_GNU/14EFD8~1.2RE/bin/../lib/gcc/arm-none-eabi/14.2.1/thumb/v7e-m/nofp\libg.a(libc_a-locale.o)
                0x08010de8                __locale_mb_cur_max
 .text._localeconv_r
                0x08010df4        0x8 C:/Software/Clion/Arm_GNU/14EFD8~1.2RE/bin/../lib/gcc/arm-none-eabi/14.2.1/thumb/v7e-m/nofp\libg.a(libc_a-localeconv.o)
                0x08010df4                _localeconv_r
 .text.__libc_fini_array
                0x08010dfc       0x28 C:/Software/Clion/Arm_GNU/14EFD8~1.2RE/bin/../lib/gcc/arm-none-eabi/14.2.1/thumb/v7e-m/nofp\libg.a(libc_a-fini.o)
                0x08010dfc                __libc_fini_array
 .text.frexp    0x08010e24       0x6c C:/Software/Clion/Arm_GNU/14EFD8~1.2RE/bin/../lib/gcc/arm-none-eabi/14.2.1/thumb/v7e-m/nofp\libg.a(libm_a-s_frexp.o)
                0x08010e24                frexp
 .text.__register_exitproc
                0x08010e90       0x80 C:/Software/Clion/Arm_GNU/14EFD8~1.2RE/bin/../lib/gcc/arm-none-eabi/14.2.1/thumb/v7e-m/nofp\libg.a(libc_a-__atexit.o)
                0x08010e90                __register_exitproc
 .text.quorem   0x08010f10      0x12c C:/Software/Clion/Arm_GNU/14EFD8~1.2RE/bin/../lib/gcc/arm-none-eabi/14.2.1/thumb/v7e-m/nofp\libg.a(libc_a-dtoa.o)
 *fill*         0x0801103c        0x4 
 .text._dtoa_r  0x08011040     0x1044 C:/Software/Clion/Arm_GNU/14EFD8~1.2RE/bin/../lib/gcc/arm-none-eabi/14.2.1/thumb/v7e-m/nofp\libg.a(libc_a-dtoa.o)
                0x08011040                _dtoa_r
 .text.__ascii_mbtowc
                0x08012084       0x2c C:/Software/Clion/Arm_GNU/14EFD8~1.2RE/bin/../lib/gcc/arm-none-eabi/14.2.1/thumb/v7e-m/nofp\libg.a(libc_a-mbtowc_r.o)
                0x08012084                __ascii_mbtowc
 .text._Balloc  0x080120b0       0x4c C:/Software/Clion/Arm_GNU/14EFD8~1.2RE/bin/../lib/gcc/arm-none-eabi/14.2.1/thumb/v7e-m/nofp\libg.a(libc_a-mprec.o)
                0x080120b0                _Balloc