Archive member included to satisfy reference by file (symbol)

C:/Software/Clion/Arm_GNU/14EFD8~1.2RE/bin/../lib/gcc/arm-none-eabi/14.2.1/thumb/v7e-m/nofp\libgcc.a(_arm_muldf3.o)
                              CMakeFiles/ui.elf.dir/myGui/menu.c.obj (__aeabi_dmul)
C:/Software/Clion/Arm_GNU/14EFD8~1.2RE/bin/../lib/gcc/arm-none-eabi/14.2.1/thumb/v7e-m/nofp\libgcc.a(_arm_mulsf3.o)
                              CMakeFiles/ui.elf.dir/Core/Src/system_stm32h7xx.c.obj (__aeabi_fmul)
C:/Software/Clion/Arm_GNU/14EFD8~1.2RE/bin/../lib/gcc/arm-none-eabi/14.2.1/thumb/v7e-m/nofp\libgcc.a(_arm_addsubdf3.o)
                              CMakeFiles/ui.elf.dir/myDrivers/myStreamParser.c.obj (__aeabi_dadd)
C:/Software/Clion/Arm_GNU/14EFD8~1.2RE/bin/../lib/gcc/arm-none-eabi/14.2.1/thumb/v7e-m/nofp\libgcc.a(_arm_muldivdf3.o)
                              CMakeFiles/ui.elf.dir/myDrivers/myStreamParser.c.obj (__aeabi_ddiv)
C:/Software/Clion/Arm_GNU/14EFD8~1.2RE/bin/../lib/gcc/arm-none-eabi/14.2.1/thumb/v7e-m/nofp\libgcc.a(_arm_cmpdf2.o)
                              CMakeFiles/ui.elf.dir/myDrivers/myStreamParser.c.obj (__aeabi_dcmpeq)
C:/Software/Clion/Arm_GNU/14EFD8~1.2RE/bin/../lib/gcc/arm-none-eabi/14.2.1/thumb/v7e-m/nofp\libgcc.a(_arm_truncdfsf2.o)
                              CMakeFiles/ui.elf.dir/myGui/menu.c.obj (__aeabi_d2f)
C:/Software/Clion/Arm_GNU/14EFD8~1.2RE/bin/../lib/gcc/arm-none-eabi/14.2.1/thumb/v7e-m/nofp\libgcc.a(_arm_addsubsf3.o)
                              CMakeFiles/ui.elf.dir/myGui/menu.c.obj (__aeabi_fsub)
C:/Software/Clion/Arm_GNU/14EFD8~1.2RE/bin/../lib/gcc/arm-none-eabi/14.2.1/thumb/v7e-m/nofp\libgcc.a(_arm_muldivsf3.o)
                              CMakeFiles/ui.elf.dir/Core/Src/system_stm32h7xx.c.obj (__aeabi_fdiv)
C:/Software/Clion/Arm_GNU/14EFD8~1.2RE/bin/../lib/gcc/arm-none-eabi/14.2.1/thumb/v7e-m/nofp\libgcc.a(_arm_cmpsf2.o)
                              CMakeFiles/ui.elf.dir/myGui/menu.c.obj (__aeabi_fcmpeq)
C:/Software/Clion/Arm_GNU/14EFD8~1.2RE/bin/../lib/gcc/arm-none-eabi/14.2.1/thumb/v7e-m/nofp\libgcc.a(_arm_fixsfsi.o)
                              CMakeFiles/ui.elf.dir/myGui/menu.c.obj (__aeabi_f2iz)
C:/Software/Clion/Arm_GNU/14EFD8~1.2RE/bin/../lib/gcc/arm-none-eabi/14.2.1/thumb/v7e-m/nofp\libgcc.a(_arm_fixunssfsi.o)
                              CMakeFiles/ui.elf.dir/Core/Src/system_stm32h7xx.c.obj (__aeabi_f2uiz)
C:/Software/Clion/Arm_GNU/14EFD8~1.2RE/bin/../lib/gcc/arm-none-eabi/14.2.1/thumb/v7e-m/nofp\libgcc.a(_aeabi_uldivmod.o)
                              CMakeFiles/ui.elf.dir/Drivers/STM32H7xx_HAL_Driver/Src/stm32h7xx_hal_uart.c.obj (__aeabi_uldivmod)
C:/Software/Clion/Arm_GNU/14EFD8~1.2RE/bin/../lib/gcc/arm-none-eabi/14.2.1/thumb/v7e-m/nofp\libgcc.a(_udivmoddi4.o)
                              C:/Software/Clion/Arm_GNU/14EFD8~1.2RE/bin/../lib/gcc/arm-none-eabi/14.2.1/thumb/v7e-m/nofp\libgcc.a(_aeabi_uldivmod.o) (__udivmoddi4)
C:/Software/Clion/Arm_GNU/14EFD8~1.2RE/bin/../lib/gcc/arm-none-eabi/14.2.1/thumb/v7e-m/nofp\libgcc.a(_dvmd_tls.o)
                              C:/Software/Clion/Arm_GNU/14EFD8~1.2RE/bin/../lib/gcc/arm-none-eabi/14.2.1/thumb/v7e-m/nofp\libgcc.a(_aeabi_uldivmod.o) (__aeabi_ldiv0)
C:/Software/Clion/Arm_GNU/14EFD8~1.2RE/bin/../lib/gcc/arm-none-eabi/14.2.1/thumb/v7e-m/nofp\libg.a(libc_a-exit.o)
                              C:/Software/Clion/Arm_GNU/14EFD8~1.2RE/bin/../lib/gcc/arm-none-eabi/14.2.1/thumb/v7e-m/nofp/crt0.o (exit)
C:/Software/Clion/Arm_GNU/14EFD8~1.2RE/bin/../lib/gcc/arm-none-eabi/14.2.1/thumb/v7e-m/nofp\libg.a(libc_a-findfp.o)
                              C:/Software/Clion/Arm_GNU/14EFD8~1.2RE/bin/../lib/gcc/arm-none-eabi/14.2.1/thumb/v7e-m/nofp\libg.a(libc_a-exit.o) (__stdio_exit_handler)
C:/Software/Clion/Arm_GNU/14EFD8~1.2RE/bin/../lib/gcc/arm-none-eabi/14.2.1/thumb/v7e-m/nofp\libg.a(libc_a-fwalk.o)
                              C:/Software/Clion/Arm_GNU/14EFD8~1.2RE/bin/../lib/gcc/arm-none-eabi/14.2.1/thumb/v7e-m/nofp\libg.a(libc_a-findfp.o) (_fwalk_sglue)
C:/Software/Clion/Arm_GNU/14EFD8~1.2RE/bin/../lib/gcc/arm-none-eabi/14.2.1/thumb/v7e-m/nofp\libg.a(libc_a-sprintf.o)
                              CMakeFiles/ui.elf.dir/myGui/menu.c.obj (sprintf)
C:/Software/Clion/Arm_GNU/14EFD8~1.2RE/bin/../lib/gcc/arm-none-eabi/14.2.1/thumb/v7e-m/nofp\libg.a(libc_a-stdio.o)
                              C:/Software/Clion/Arm_GNU/14EFD8~1.2RE/bin/../lib/gcc/arm-none-eabi/14.2.1/thumb/v7e-m/nofp\libg.a(libc_a-findfp.o) (__sread)
C:/Software/Clion/Arm_GNU/14EFD8~1.2RE/bin/../lib/gcc/arm-none-eabi/14.2.1/thumb/v7e-m/nofp\libg.a(libc_a-vsnprintf.o)
                              CMakeFiles/ui.elf.dir/myApp/bsp_uart.c.obj (vsnprintf)
C:/Software/Clion/Arm_GNU/14EFD8~1.2RE/bin/../lib/gcc/arm-none-eabi/14.2.1/thumb/v7e-m/nofp\libg.a(libc_a-memset.o)
                              C:/Software/Clion/Arm_GNU/14EFD8~1.2RE/bin/../lib/gcc/arm-none-eabi/14.2.1/thumb/v7e-m/nofp/crt0.o (memset)
[...]
Memory Configuration

Name             Origin             Length             Attributes
FLASH            0x08000000         0x00020000         xr
DTCMRAM          0x20000000         0x00020000         xrw
RAM_D1           0x24000000         0x00080000         xrw
RAM_D2           0x30000000         0x00048000         xrw
RAM_D3           0x38000000         0x00010000         xrw
ITCMRAM          0x00000000         0x00010000         xrw
*default*        0x00000000         0xffffffff

Linker script and memory map

LOAD C:/Software/Clion/Arm_GNU/14EFD8~1.2RE/bin/../lib/gcc/arm-none-eabi/14.2.1/thumb/v7e-m/nofp/crti.o
LOAD C:/Software/Clion/Arm_GNU/14EFD8~1.2RE/bin/../lib/gcc/arm-none-eabi/14.2.1/thumb/v7e-m/nofp/crtbegin.o
LOAD C:/Software/Clion/Arm_GNU/14EFD8~1.2RE/bin/../lib/gcc/arm-none-eabi/14.2.1/thumb/v7e-m/nofp/crt0.o
LOAD CMakeFiles/ui.elf.dir/Core/Src/dma.c.obj
LOAD CMakeFiles/ui.elf.dir/Core/Src/gpio.c.obj
LOAD CMakeFiles/ui.elf.dir/Core/Src/main.c.obj
LOAD CMakeFiles/ui.elf.dir/Core/Src/memorymap.c.obj
LOAD CMakeFiles/ui.elf.dir/Core/Src/spi.c.obj
LOAD CMakeFiles/ui.elf.dir/Core/Src/stm32h7xx_hal_msp.c.obj
LOAD CMakeFiles/ui.elf.dir/Core/Src/stm32h7xx_it.c.obj
LOAD CMakeFiles/ui.elf.dir/Core/Src/syscalls.c.obj
LOAD CMakeFiles/ui.elf.dir/Core/Src/sysmem.c.obj
LOAD CMakeFiles/ui.elf.dir/Core/Src/system_stm32h7xx.c.obj
LOAD CMakeFiles/ui.elf.dir/Core/Src/tim.c.obj
LOAD CMakeFiles/ui.elf.dir/Core/Src/usart.c.obj
LOAD CMakeFiles/ui.elf.dir/Core/Startup/startup_stm32h750vbtx.s.obj
LOAD CMakeFiles/ui.elf.dir/Drivers/STM32H7xx_HAL_Driver/Src/stm32h7xx_hal.c.obj
LOAD CMakeFiles/ui.elf.dir/Drivers/STM32H7xx_HAL_Driver/Src/stm32h7xx_hal_cortex.c.obj
LOAD CMakeFiles/ui.elf.dir/Drivers/STM32H7xx_HAL_Driver/Src/stm32h7xx_hal_dma.c.obj
LOAD CMakeFiles/ui.elf.dir/Drivers/STM32H7xx_HAL_Driver/Src/stm32h7xx_hal_dma_ex.c.obj
LOAD CMakeFiles/ui.elf.dir/Drivers/STM32H7xx_HAL_Driver/Src/stm32h7xx_hal_exti.c.obj
LOAD CMakeFiles/ui.elf.dir/Drivers/STM32H7xx_HAL_Driver/Src/stm32h7xx_hal_flash.c.obj
LOAD CMakeFiles/ui.elf.dir/Drivers/STM32H7xx_HAL_Driver/Src/stm32h7xx_hal_flash_ex.c.obj
LOAD CMakeFiles/ui.elf.dir/Drivers/STM32H7xx_HAL_Driver/Src/stm32h7xx_hal_gpio.c.obj
LOAD CMakeFiles/ui.elf.dir/Drivers/STM32H7xx_HAL_Driver/Src/stm32h7xx_hal_hsem.c.obj
LOAD CMakeFiles/ui.elf.dir/Drivers/STM32H7xx_HAL_Driver/Src/stm32h7xx_hal_i2c.c.obj
LOAD CMakeFiles/ui.elf.dir/Drivers/STM32H7xx_HAL_Driver/Src/stm32h7xx_hal_i2c_ex.c.obj
LOAD CMakeFiles/ui.elf.dir/Drivers/STM32H7xx_HAL_Driver/Src/stm32h7xx_hal_mdma.c.obj
LOAD CMakeFiles/ui.elf.dir/Drivers/STM32H7xx_HAL_Driver/Src/stm32h7xx_hal_pwr.c.obj
LOAD CMakeFiles/ui.elf.dir/Drivers/STM32H7xx_HAL_Driver/Src/stm32h7xx_hal_pwr_ex.c.obj
LOAD CMakeFiles/ui.elf.dir/Drivers/STM32H7xx_HAL_Driver/Src/stm32h7xx_hal_rcc.c.obj
LOAD CMakeFiles/ui.elf.dir/Drivers/STM32H7xx_HAL_Driver/Src/stm32h7xx_hal_rcc_ex.c.obj
LOAD CMakeFiles/ui.elf.dir/Drivers/STM32H7xx_HAL_Driver/Src/stm32h7xx_hal_spi.c.obj
LOAD CMakeFiles/ui.elf.dir/Drivers/STM32H7xx_HAL_Driver/Src/stm32h7xx_hal_spi_ex.c.obj
LOAD CMakeFiles/ui.elf.dir/Drivers/STM32H7xx_HAL_Driver/Src/stm32h7xx_hal_tim.c.obj
LOAD CMakeFiles/ui.elf.dir/Drivers/STM32H7xx_HAL_Driver/Src/stm32h7xx_hal_tim_ex.c.obj
LOAD CMakeFiles/ui.elf.dir/Drivers/STM32H7xx_HAL_Driver/Src/stm32h7xx_hal_uart.c.obj
LOAD CMakeFiles/ui.elf.dir/Drivers/STM32H7xx_HAL_Driver/Src/stm32h7xx_hal_uart_ex.c.obj
LOAD CMakeFiles/ui.elf.dir/U8g2/mui.c.obj
LOAD CMakeFiles/ui.elf.dir/U8g2/mui_u8g2.c.obj
LOAD CMakeFiles/ui.elf.dir/U8g2/u8g2_bitmap.c.obj
LOAD CMakeFiles/ui.elf.dir/U8g2/u8g2_box.c.obj
LOAD CMakeFiles/ui.elf.dir/U8g2/u8g2_buffer.c.obj
LOAD CMakeFiles/ui.elf.dir/U8g2/u8g2_button.c.obj
LOAD CMakeFiles/ui.elf.dir/U8g2/u8g2_circle.c.obj
LOAD CMakeFiles/ui.elf.dir/U8g2/u8g2_cleardisplay.c.obj
LOAD CMakeFiles/ui.elf.dir/U8g2/u8g2_d_memory.c.obj
LOAD CMakeFiles/ui.elf.dir/U8g2/u8g2_d_setup.c.obj
LOAD CMakeFiles/ui.elf.dir/U8g2/u8g2_font.c.obj
LOAD CMakeFiles/ui.elf.dir/U8g2/u8g2_fonts.c.obj
LOAD CMakeFiles/ui.elf.dir/U8g2/u8g2_hvline.c.obj
LOAD CMakeFiles/ui.elf.dir/U8g2/u8g2_input_value.c.obj
LOAD CMakeFiles/ui.elf.dir/U8g2/u8g2_intersection.c.obj
LOAD CMakeFiles/ui.elf.dir/U8g2/u8g2_kerning.c.obj
LOAD CMakeFiles/ui.elf.dir/U8g2/u8g2_line.c.obj
LOAD CMakeFiles/ui.elf.dir/U8g2/u8g2_ll_hvline.c.obj
LOAD CMakeFiles/ui.elf.dir/U8g2/u8g2_message.c.obj
LOAD CMakeFiles/ui.elf.dir/U8g2/u8g2_polygon.c.obj
LOAD CMakeFiles/ui.elf.dir/U8g2/u8g2_selection_list.c.obj
LOAD CMakeFiles/ui.elf.dir/U8g2/u8g2_setup.c.obj
LOAD CMakeFiles/ui.elf.dir/U8g2/u8log.c.obj
LOAD CMakeFiles/ui.elf.dir/U8g2/u8log_u8g2.c.obj
LOAD CMakeFiles/ui.elf.dir/U8g2/u8log_u8x8.c.obj
LOAD CMakeFiles/ui.elf.dir/U8g2/u8x8_8x8.c.obj
LOAD CMakeFiles/ui.elf.dir/U8g2/u8x8_byte.c.obj
LOAD CMakeFiles/ui.elf.dir/U8g2/u8x8_cad.c.obj
LOAD CMakeFiles/ui.elf.dir/U8g2/u8x8_capture.c.obj
LOAD CMakeFiles/ui.elf.dir/U8g2/u8x8_d_ssd1306_128x64_noname.c.obj
LOAD CMakeFiles/ui.elf.dir/U8g2/u8x8_debounce.c.obj
LOAD CMakeFiles/ui.elf.dir/U8g2/u8x8_display.c.obj
LOAD CMakeFiles/ui.elf.dir/U8g2/u8x8_fonts.c.obj
LOAD CMakeFiles/ui.elf.dir/U8g2/u8x8_gpio.c.obj
LOAD CMakeFiles/ui.elf.dir/U8g2/u8x8_input_value.c.obj
LOAD CMakeFiles/ui.elf.dir/U8g2/u8x8_message.c.obj
LOAD CMakeFiles/ui.elf.dir/U8g2/u8x8_selection_list.c.obj
LOAD CMakeFiles/ui.elf.dir/U8g2/u8x8_setup.c.obj
LOAD CMakeFiles/ui.elf.dir/U8g2/u8x8_string.c.obj
LOAD CMakeFiles/ui.elf.dir/U8g2/u8x8_u16toa.c.obj
LOAD CMakeFiles/ui.elf.dir/U8g2/u8x8_u8toa.c.obj
LOAD CMakeFiles/ui.elf.dir/myApp/bsp_key.c.obj
LOAD CMakeFiles/ui.elf.dir/myApp/bsp_uart.c.obj
LOAD CMakeFiles/ui.elf.dir/myApp/loop.c.obj
LOAD CMakeFiles/ui.elf.dir/myApp/scheduler.c.obj
LOAD CMakeFiles/ui.elf.dir/myDrivers/myButton.c.obj
LOAD CMakeFiles/ui.elf.dir/myDrivers/myGpio.c.obj
LOAD CMakeFiles/ui.elf.dir/myDrivers/myRingBuffer.c.obj
LOAD CMakeFiles/ui.elf.dir/myDrivers/myStreamParser.c.obj
LOAD CMakeFiles/ui.elf.dir/myDrivers/myTimeIR.c.obj
LOAD CMakeFiles/ui.elf.dir/myGui/menu.c.obj
LOAD CMakeFiles/ui.elf.dir/myGui/u8g2_oled.c.obj
START GROUP
LOAD C:/Software/Clion/Arm_GNU/14EFD8~1.2RE/bin/../lib/gcc/arm-none-eabi/14.2.1/thumb/v7e-m/nofp\libgcc.a
LOAD C:/Software/Clion/Arm_GNU/14EFD8~1.2RE/bin/../lib/gcc/arm-none-eabi/14.2.1/thumb/v7e-m/nofp\libg.a
LOAD C:/Software/Clion/Arm_GNU/14EFD8~1.2RE/bin/../lib/gcc/arm-none-eabi/14.2.1/thumb/v7e-m/nofp\libc.a
END GROUP
LOAD C:/Software/Clion/Arm_GNU/14EFD8~1.2RE/bin/../lib/gcc/arm-none-eabi/14.2.1/thumb/v7e-m/nofp/crtend.o
LOAD C:/Software/Clion/Arm_GNU/14EFD8~1.2RE/bin/../lib/gcc/arm-none-eabi/14.2.1/thumb/v7e-m/nofp/crtn.o
                0x24080000                        _estack = (ORIGIN (RAM_D1) + LENGTH (RAM_D1))
                0x00000200                        _Min_Heap_Size = 0x200
                0x00002000                        _Min_Stack_Size = 0x2000

.isr_vector     0x08000000      0x298
                0x08000000                        . = ALIGN (0x4)
 *(.isr_vector)
 .isr_vector    0x08000000      0x298 CMakeFiles/ui.elf.dir/Core/Startup/startup_stm32h750vbtx.s.obj
                0x08000000                g_pfnVectors
                0x08000298                        . = ALIGN (0x4)

.text           0x080002c0    0x12a78
                0x080002c0                        . = ALIGN (0x4)
 *(.text)
 .text          0x080002c0      0x378 C:/Software/Clion/Arm_GNU/14EFD8~1.2RE/bin/../lib/gcc/arm-none-eabi/14.2.1/thumb/v7e-m/nofp\libgcc.a(_arm_addsubdf3.o)
                0x080002c0                __aeabi_drsub
                0x080002c8                __subdf3
                0x080002c8                __aeabi_dsub
                0x080002cc                __aeabi_dadd
                0x080002cc                __adddf3
                0x08000544                __floatunsidf
                0x08000544                __aeabi_ui2d
                0x08000564                __aeabi_i2d
                0x08000564                __floatsidf
                0x08000588                __extendsfdf2
                0x08000588                __aeabi_f2d
                0x080005cc                __floatundidf
                0x080005cc                __aeabi_ul2d
                0x080005dc                __aeabi_l2d
                0x080005dc                __floatdidf
 .text          0x08000638      0x424 C:/Software/Clion/Arm_GNU/14EFD8~1.2RE/bin/../lib/gcc/arm-none-eabi/14.2.1/thumb/v7e-m/nofp\libgcc.a(_arm_muldivdf3.o)
                0x08000638                __aeabi_dmul
                0x08000638                __muldf3
                0x0800088c                __divdf3
                0x0800088c                __aeabi_ddiv
 .text          0x08000a5c      0x110 C:/Software/Clion/Arm_GNU/14EFD8~1.2RE/bin/../lib/gcc/arm-none-eabi/14.2.1/thumb/v7e-m/nofp\libgcc.a(_arm_cmpdf2.o)
                0x08000a5c                __gtdf2
                0x08000a5c                __gedf2
                0x08000a64                __ltdf2
                0x08000a64                __ledf2
                0x08000a6c                __nedf2
                0x08000a6c                __cmpdf2
                0x08000a6c                __eqdf2
                0x08000ae8                __aeabi_cdrcmple
                0x08000af8                __aeabi_cdcmple
                0x08000af8                __aeabi_cdcmpeq
                0x08000b08                __aeabi_dcmpeq
                0x08000b1c                __aeabi_dcmplt
                0x08000b30                __aeabi_dcmple
                0x08000b44                __aeabi_dcmpge
                0x08000b58                __aeabi_dcmpgt
 .text          0x08000b6c       0xa0 C:/Software/Clion/Arm_GNU/14EFD8~1.2RE/bin/../lib/gcc/arm-none-eabi/14.2.1/thumb/v7e-m/nofp\libgcc.a(_arm_truncdfsf2.o)
                0x08000b6c                __truncdfsf2
                0x08000b6c                __aeabi_d2f
 .text          0x08000c0c      0x21c C:/Software/Clion/Arm_GNU/14EFD8~1.2RE/bin/../lib/gcc/arm-none-eabi/14.2.1/thumb/v7e-m/nofp\libgcc.a(_arm_addsubsf3.o)
                0x08000c0c                __aeabi_frsub
                0x08000c14                __subsf3
                0x08000c14                __aeabi_fsub
                0x08000c18                __addsf3
                0x08000c18                __aeabi_fadd
                0x08000d78                __aeabi_ui2f
                0x08000d78                __floatunsisf
                0x08000d80                __floatsisf
                0x08000d80                __aeabi_i2f
                0x08000d9c                __aeabi_ul2f
                0x08000d9c                __floatundisf
                0x08000dac                __aeabi_l2f
                0x08000dac                __floatdisf
 .text          0x08000e28      0x2a0 C:/Software/Clion/Arm_GNU/14EFD8~1.2RE/bin/../lib/gcc/arm-none-eabi/14.2.1/thumb/v7e-m/nofp\libgcc.a(_arm_muldivsf3.o)
                0x08000e28                __aeabi_fmul
                0x08000e28                __mulsf3
                0x08000f90                __divsf3
                0x08000f90                __aeabi_fdiv
 .text          0x080010c8       0xec C:/Software/Clion/Arm_GNU/14EFD8~1.2RE/bin/../lib/gcc/arm-none-eabi/14.2.1/thumb/v7e-m/nofp\libgcc.a(_arm_cmpsf2.o)
                0x080010c8                __gtsf2
                0x080010c8                __gesf2
                0x080010d0                __lesf2
                0x080010d0                __ltsf2
                0x080010d8                __cmpsf2
                0x080010d8                __eqsf2
                0x080010d8                __nesf2
                0x08001138                __aeabi_cfrcmple
                0x08001140                __aeabi_cfcmpeq
                0x08001140                __aeabi_cfcmple
                0x08001150                __aeabi_fcmpeq
                0x08001164                __aeabi_fcmplt
                0x08001178                __aeabi_fcmple
                0x0800118c                __aeabi_fcmpge
                0x080011a0                __aeabi_fcmpgt
 .text          0x080011b4       0x4c C:/Software/Clion/Arm_GNU/14EFD8~1.2RE/bin/../lib/gcc/arm-none-eabi/14.2.1/thumb/v7e-m/nofp\libgcc.a(_arm_fixsfsi.o)
                0x080011b4                __aeabi_f2iz
                0x080011b4                __fixsfsi
 .text          0x08001200       0x40 C:/Software/Clion/Arm_GNU/14EFD8~1.2RE/bin/../lib/gcc/arm-none-eabi/14.2.1/thumb/v7e-m/nofp\libgcc.a(_arm_fixunssfsi.o)
                0x08001200                __aeabi_f2uiz
                0x08001200                __fixunssfsi
 .text          0x08001240       0x30 C:/Software/Clion/Arm_GNU/14EFD8~1.2RE/bin/../lib/gcc/arm-none-eabi/14.2.1/thumb/v7e-m/nofp\libgcc.a(_aeabi_uldivmod.o)
                0x08001240                __aeabi_uldivmod
 .text          0x08001270        0x4 C:/Software/Clion/Arm_GNU/14EFD8~1.2RE/bin/../lib/gcc/arm-none-eabi/14.2.1/thumb/v7e-m/nofp\libgcc.a(_dvmd_tls.o)
                0x08001270                __aeabi_idiv0
                0x08001270                __aeabi_ldiv0
 *fill*         0x08001274        0xc 
 .text          0x08001280      0x2e0 C:/Software/Clion/Arm_GNU/14EFD8~1.2RE/bin/../lib/gcc/arm-none-eabi/14.2.1/thumb/v7e-m/nofp\libg.a(libc_a-strcmp.o)
                0x08001280                strcmp
 .text          0x08001560      0x134 C:/Software/Clion/Arm_GNU/14EFD8~1.2RE/bin/../lib/gcc/arm-none-eabi/14.2.1/thumb/v7e-m/nofp\libg.a(libc_a-memcpy.o)
                0x08001560                memcpy
 *fill*         0x08001694       0x2c 
 .text          0x080016c0       0xd8 C:/Software/Clion/Arm_GNU/14EFD8~1.2RE/bin/../lib/gcc/arm-none-eabi/14.2.1/thumb/v7e-m/nofp\libg.a(libc_a-strlen.o)
                0x080016c0                strlen
 *fill*         0x08001798        0x8 
 .text          0x080017a0       0xa0 C:/Software/Clion/Arm_GNU/14EFD8~1.2RE/bin/../lib/gcc/arm-none-eabi/14.2.1/thumb/v7e-m/nofp\libg.a(libc_a-memchr.o)
                0x080017a0                memchr
 .text          0x08001840       0x2c C:/Software/Clion/Arm_GNU/14EFD8~1.2RE/bin/../lib/gcc/arm-none-eabi/14.2.1/thumb/v7e-m/nofp\libgcc.a(_arm_unorddf2.o)
                0x08001840                __unorddf2
                0x08001840                __aeabi_dcmpun
 .text          0x0800186c       0x50 C:/Software/Clion/Arm_GNU/14EFD8~1.2RE/bin/../lib/gcc/arm-none-eabi/14.2.1/thumb/v7e-m/nofp\libgcc.a(_arm_fixdfsi.o)
                0x0800186c                __fixdfsi
                0x0800186c                __aeabi_d2iz
 *(.text*)
 .text.deregister_tm_clones
                0x080018bc       0x1c C:/Software/Clion/Arm_GNU/14EFD8~1.2RE/bin/../lib/gcc/arm-none-eabi/14.2.1/thumb/v7e-m/nofp/crtbegin.o
 .text.register_tm_clones
                0x080018d8       0x24 C:/Software/Clion/Arm_GNU/14EFD8~1.2RE/bin/../lib/gcc/arm-none-eabi/14.2.1/thumb/v7e-m/nofp/crtbegin.o
 .text.__do_global_dtors_aux
                0x080018fc       0x28 C:/Software/Clion/Arm_GNU/14EFD8~1.2RE/bin/../lib/gcc/arm-none-eabi/14.2.1/thumb/v7e-m/nofp/crtbegin.o
 .text.frame_dummy
                0x08001924       0x24 C:/Software/Clion/Arm_GNU/14EFD8~1.2RE/bin/../lib/gcc/arm-none-eabi/14.2.1/thumb/v7e-m/nofp/crtbegin.o
 .text.MX_DMA_Init
                0x08001948       0x58 CMakeFiles/ui.elf.dir/Core/Src/dma.c.obj
                0x08001948                MX_DMA_Init
 .text.MX_GPIO_Init
                0x080019a0      0x114 CMakeFiles/ui.elf.dir/Core/Src/gpio.c.obj
                0x080019a0                MX_GPIO_Init
 .text.MPU_Config
                0x08001ab4       0x52 CMakeFiles/ui.elf.dir/Core/Src/main.c.obj
 .text.Error_Handler
                0x08001b06        0x4 CMakeFiles/ui.elf.dir/Core/Src/main.c.obj
                0x08001b06                Error_Handler
 *fill*         0x08001b0a        0x2 
 .text.SystemClock_Config
                0x08001b0c       0xc4 CMakeFiles/ui.elf.dir/Core/Src/main.c.obj
                0x08001b0c                SystemClock_Config
 .text.main     0x08001bd0       0x28 CMakeFiles/ui.elf.dir/Core/Src/main.c.obj
                0x08001bd0                main
 .text.MX_SPI2_Init
                0x08001bf8       0x64 CMakeFiles/ui.elf.dir/Core/Src/spi.c.obj
                0x08001bf8                MX_SPI2_Init
 .text.HAL_SPI_MspInit
                0x08001c5c      0x13c CMakeFiles/ui.elf.dir/Core/Src/spi.c.obj
                0x08001c5c                HAL_SPI_MspInit
 .text.HAL_MspInit
                0x08001d98       0x24 CMakeFiles/ui.elf.dir/Core/Src/stm32h7xx_hal_msp.c.obj
                0x08001d98                HAL_MspInit
 .text.NMI_Handler
                0x08001dbc        0x2 CMakeFiles/ui.elf.dir/Core/Src/stm32h7xx_it.c.obj
                0x08001dbc                NMI_Handler
 .text.HardFault_Handler
                0x08001dbe        0x2 CMakeFiles/ui.elf.dir/Core/Src/stm32h7xx_it.c.obj
                0x08001dbe                HardFault_Handler
 .text.MemManage_Handler
                0x08001dc0        0x2 CMakeFiles/ui.elf.dir/Core/Src/stm32h7xx_it.c.obj
                0x08001dc0                MemManage_Handler
 .text.BusFault_Handler
                0x08001dc2        0x2 CMakeFiles/ui.elf.dir/Core/Src/stm32h7xx_it.c.obj
                0x08001dc2                BusFault_Handler
 .text.UsageFault_Handler
                0x08001dc4        0x2 CMakeFiles/ui.elf.dir/Core/Src/stm32h7xx_it.c.obj
                0x08001dc4                UsageFault_Handler
 .text.SVC_Handler
                0x08001dc6        0x2 CMakeFiles/ui.elf.dir/Core/Src/stm32h7xx_it.c.obj
                0x08001dc6                SVC_Handler
 .text.DebugMon_Handler
                0x08001dc8        0x2 CMakeFiles/ui.elf.dir/Core/Src/stm32h7xx_it.c.obj
                0x08001dc8                DebugMon_Handler
 .text.PendSV_Handler
                0x08001dca        0x2 CMakeFiles/ui.elf.dir/Core/Src/stm32h7xx_it.c.obj
                0x08001dca                PendSV_Handler
 .text.SysTick_Handler
                0x08001dcc        0x8 CMakeFiles/ui.elf.dir/Core/Src/stm32h7xx_it.c.obj
                0x08001dcc                SysTick_Handler
 .text.DMA1_Stream0_IRQHandler
                0x08001dd4       0x10 CMakeFiles/ui.elf.dir/Core/Src/stm32h7xx_it.c.obj
                0x08001dd4                DMA1_Stream0_IRQHandler
 .text.DMA1_Stream1_IRQHandler
                0x08001de4       0x10 CMakeFiles/ui.elf.dir/Core/Src/stm32h7xx_it.c.obj
                0x08001de4                DMA1_Stream1_IRQHandler
 .text.DMA1_Stream2_IRQHandler
                0x08001df4       0x10 CMakeFiles/ui.elf.dir/Core/Src/stm32h7xx_it.c.obj
                0x08001df4                DMA1_Stream2_IRQHandler
 .text.SPI2_IRQHandler
                0x08001e04       0x10 CMakeFiles/ui.elf.dir/Core/Src/stm32h7xx_it.c.obj
                0x08001e04                SPI2_IRQHandler
 .text.USART1_IRQHandler
                0x08001e14       0x14 CMakeFiles/ui.elf.dir/Core/Src/stm32h7xx_it.c.obj
                0x08001e14                USART1_IRQHandler
 .text.TIM8_TRG_COM_TIM14_IRQHandler
                0x08001e28       0x10 CMakeFiles/ui.elf.dir/Core/Src/stm32h7xx_it.c.obj
                0x08001e28                TIM8_TRG_COM_TIM14_IRQHandler
 .text._getpid  0x08001e38        0x4 CMakeFiles/ui.elf.dir/Core/Src/syscalls.c.obj
                0x08001e38                _getpid
 .text._kill    0x08001e3c       0x10 CMakeFiles/ui.elf.dir/Core/Src/syscalls.c.obj
                0x08001e3c                _kill
 .text._exit    0x08001e4c        0xc CMakeFiles/ui.elf.dir/Core/Src/syscalls.c.obj
                0x08001e4c                _exit
 .text._read    0x08001e58       0x20 CMakeFiles/ui.elf.dir/Core/Src/syscalls.c.obj
                0x08001e58                _read
 .text._write   0x08001e78       0x1c CMakeFiles/ui.elf.dir/Core/Src/syscalls.c.obj
                0x08001e78                _write
 .text._close   0x08001e94        0x6 CMakeFiles/ui.elf.dir/Core/Src/syscalls.c.obj
                0x08001e94                _close
 .text._fstat   0x08001e9a        0xa CMakeFiles/ui.elf.dir/Core/Src/syscalls.c.obj
                0x08001e9a                _fstat
 .text._isatty  0x08001ea4        0x4 CMakeFiles/ui.elf.dir/Core/Src/syscalls.c.obj
                0x08001ea4                _isatty
 .text._lseek   0x08001ea8        0x4 CMakeFiles/ui.elf.dir/Core/Src/syscalls.c.obj
                0x08001ea8                _lseek
 .text._sbrk    0x08001eac       0x48 CMakeFiles/ui.elf.dir/Core/Src/sysmem.c.obj
                0x08001eac                _sbrk
 .text.SystemInit
                0x08001ef4       0xdc CMakeFiles/ui.elf.dir/Core/Src/system_stm32h7xx.c.obj
                0x08001ef4                SystemInit
 .text.ExitRun0Mode
                0x08001fd0       0x1c CMakeFiles/ui.elf.dir/Core/Src/system_stm32h7xx.c.obj
                0x08001fd0                ExitRun0Mode
 .text.MX_TIM14_Init
                0x08001fec       0x34 CMakeFiles/ui.elf.dir/Core/Src/tim.c.obj
                0x08001fec                MX_TIM14_Init
 .text.HAL_TIM_Base_MspInit
                0x08002020       0x48 CMakeFiles/ui.elf.dir/Core/Src/tim.c.obj
                0x08002020                HAL_TIM_Base_MspInit
 .text.MX_USART1_UART_Init
                0x08002068       0x68 CMakeFiles/ui.elf.dir/Core/Src/usart.c.obj
                0x08002068                MX_USART1_UART_Init
 .text.HAL_UART_MspInit
                0x080020d0      0x128 CMakeFiles/ui.elf.dir/Core/Src/usart.c.obj
                0x080020d0                HAL_UART_MspInit
 .text.Reset_Handler
                0x080021f8       0x54 CMakeFiles/ui.elf.dir/Core/Startup/startup_stm32h750vbtx.s.obj
                0x080021f8                Reset_Handler
 .text.Default_Handler
                0x0800224c        0x2 CMakeFiles/ui.elf.dir/Core/Startup/startup_stm32h750vbtx.s.obj
                0x0800224c                LTDC_ER_IRQHandler
                0x0800224c                DMA2_Stream5_IRQHandler
                0x0800224c                FDCAN1_IT1_IRQHandler
                0x0800224c                OTG_HS_WKUP_IRQHandler
                0x0800224c                DFSDM1_FLT1_IRQHandler
                0x0800224c                HRTIM1_TIMA_IRQHandler
                0x0800224c                SWPMI1_IRQHandler
                0x0800224c                EXTI1_IRQHandler
                0x0800224c                TIM8_UP_TIM13_IRQHandler
                0x0800224c                BDMA_Channel1_IRQHandler
                0x0800224c                USART6_IRQHandler
                0x0800224c                BDMA_Channel4_IRQHandler
                0x0800224c                DMA2_Stream7_IRQHandler
                0x0800224c                CRS_IRQHandler
                0x0800224c                SAI2_IRQHandler
                0x0800224c                ADC3_IRQHandler
                0x0800224c                UART4_IRQHandler
                0x0800224c                OTG_FS_WKUP_IRQHandler
                0x0800224c                JPEG_IRQHandler
                0x0800224c                TIM8_CC_IRQHandler
                0x0800224c                ETH_IRQHandler
                0x0800224c                EXTI9_5_IRQHandler
                0x0800224c                HRTIM1_TIME_IRQHandler
                0x0800224c                SPI1_IRQHandler
                0x0800224c                HRTIM1_TIMB_IRQHandler
                0x0800224c                TIM5_IRQHandler
                0x0800224c                TIM17_IRQHandler
                0x0800224c                BDMA_Channel3_IRQHandler
                0x0800224c                FDCAN2_IT0_IRQHandler
                0x0800224c                ADC_IRQHandler
                0x0800224c                BDMA_Channel5_IRQHandler
                0x0800224c                I2C4_EV_IRQHandler
                0x0800224c                BDMA_Channel7_IRQHandler
                0x0800224c                CRYP_IRQHandler
                0x0800224c                LPTIM5_IRQHandler
                0x0800224c                DMA1_Stream6_IRQHandler
                0x0800224c                WWDG_IRQHandler
                0x0800224c                WAKEUP_PIN_IRQHandler
                0x0800224c                DMA2D_IRQHandler
                0x0800224c                DMA2_Stream0_IRQHandler
                0x0800224c                I2C3_EV_IRQHandler
                0x0800224c                SPI4_IRQHandler
                0x0800224c                RCC_IRQHandler
                0x0800224c                I2C1_ER_IRQHandler
                0x0800224c                HRTIM1_Master_IRQHandler
                0x0800224c                SAI4_IRQHandler
                0x0800224c                DMA2_Stream3_IRQHandler
                0x0800224c                BDMA_Channel0_IRQHandler
                0x0800224c                HRTIM1_TIMC_IRQHandler
                0x0800224c                OTG_HS_EP1_OUT_IRQHandler
                0x0800224c                DMA2_Stream4_IRQHandler
                0x0800224c                TIM1_UP_IRQHandler
                0x0800224c                SAI1_IRQHandler
                0x0800224c                I2C2_EV_IRQHandler
                0x0800224c                CEC_IRQHandler
                0x0800224c                OTG_FS_EP1_OUT_IRQHandler
                0x0800224c                LPUART1_IRQHandler
                0x0800224c                DMAMUX2_OVR_IRQHandler
                0x0800224c                TIM3_IRQHandler
                0x0800224c                SPI6_IRQHandler
                0x0800224c                USART2_IRQHandler
                0x0800224c                DMA1_Stream7_IRQHandler
                0x0800224c                TIM6_DAC_IRQHandler
                0x0800224c                DMA1_Stream4_IRQHandler
                0x0800224c                SDMMC2_IRQHandler
                0x0800224c                LTDC_IRQHandler
                0x0800224c                PVD_AVD_IRQHandler
                0x0800224c                FMC_IRQHandler
                0x0800224c                ECC_IRQHandler
                0x0800224c                FLASH_IRQHandler
                0x0800224c                QUADSPI_IRQHandler
                0x0800224c                EXTI15_10_IRQHandler
                0x0800224c                TIM8_BRK_TIM12_IRQHandler
                0x0800224c                TIM1_BRK_IRQHandler
                0x0800224c                BDMA_Channel2_IRQHandler
                0x0800224c                RTC_WKUP_IRQHandler
                0x0800224c                TIM2_IRQHandler
                0x0800224c                I2C4_ER_IRQHandler
                0x0800224c                HSEM1_IRQHandler
                0x0800224c                TAMP_STAMP_IRQHandler
                0x0800224c                HASH_RNG_IRQHandler
                0x0800224c                DMA2_Stream6_IRQHandler
                0x0800224c                LPTIM2_IRQHandler
                0x0800224c                LPTIM4_IRQHandler
                0x0800224c                COMP1_IRQHandler
                0x0800224c                DFSDM1_FLT2_IRQHandler
                0x0800224c                SDMMC1_IRQHandler
                0x0800224c                OTG_HS_EP1_IN_IRQHandler
                0x0800224c                LPTIM3_IRQHandler
                0x0800224c                Default_Handler
                0x0800224c                FDCAN1_IT0_IRQHandler
                0x0800224c                DMAMUX1_OVR_IRQHandler
                0x0800224c                ETH_WKUP_IRQHandler
                0x0800224c                EXTI2_IRQHandler
                0x0800224c                OTG_FS_IRQHandler
                0x0800224c                OTG_FS_EP1_IN_IRQHandler
                0x0800224c                UART5_IRQHandler
                0x0800224c                DMA1_Stream5_IRQHandler
                0x0800224c                UART8_IRQHandler
                0x0800224c                FDCAN_CAL_IRQHandler
                0x0800224c                TIM4_IRQHandler
                0x0800224c                USART3_IRQHandler
                0x0800224c                UART7_IRQHandler
                0x0800224c                DFSDM1_FLT3_IRQHandler
                0x0800224c                I2C3_ER_IRQHandler
                0x0800224c                BDMA_Channel6_IRQHandler
                0x0800224c                SAI3_IRQHandler
                0x0800224c                TIM15_IRQHandler
                0x0800224c                TIM16_IRQHandler
                0x0800224c                HRTIM1_TIMD_IRQHandler
                0x0800224c                EXTI3_IRQHandler
                0x0800224c                I2C2_ER_IRQHandler
                0x0800224c                SPDIF_RX_IRQHandler
                0x0800224c                MDIOS_IRQHandler
                0x0800224c                TIM1_TRG_COM_IRQHandler
                0x0800224c                DMA2_Stream2_IRQHandler
                0x0800224c                DMA2_Stream1_IRQHandler
                0x0800224c                FPU_IRQHandler
                0x0800224c                DCMI_IRQHandler
                0x0800224c                FDCAN2_IT1_IRQHandler
                0x0800224c                I2C1_EV_IRQHandler
                0x0800224c                TIM1_CC_IRQHandler
                0x0800224c                LPTIM1_IRQHandler
                0x0800224c                SPI3_IRQHandler
                0x0800224c                DFSDM1_FLT0_IRQHandler
                0x0800224c                OTG_HS_IRQHandler
                0x0800224c                MDIOS_WKUP_IRQHandler
                0x0800224c                DMA1_Stream3_IRQHandler
                0x0800224c                SPI5_IRQHandler
                0x0800224c                TIM7_IRQHandler
                0x0800224c                EXTI0_IRQHandler
                0x0800224c                RTC_Alarm_IRQHandler
                0x0800224c                EXTI4_IRQHandler
                0x0800224c                MDMA_IRQHandler
                0x0800224c                HRTIM1_FLT_IRQHandler
 *fill*         0x0800224e        0x2 
 .text.HAL_InitTick
                0x08002250       0x50 CMakeFiles/ui.elf.dir/Drivers/STM32H7xx_HAL_Driver/Src/stm32h7xx_hal.c.obj
                0x08002250                HAL_InitTick
 .text.HAL_Init
                0x080022a0       0x5c CMakeFiles/ui.elf.dir/Drivers/STM32H7xx_HAL_Driver/Src/stm32h7xx_hal.c.obj
                0x080022a0                HAL_Init
 .text.HAL_IncTick
                0x080022fc       0x18 CMakeFiles/ui.elf.dir/Drivers/STM32H7xx_HAL_Driver/Src/stm32h7xx_hal.c.obj
                0x080022fc                HAL_IncTick
 .text.HAL_GetTick
                0x08002314        0xc CMakeFiles/ui.elf.dir/Drivers/STM32H7xx_HAL_Driver/Src/stm32h7xx_hal.c.obj
                0x08002314                HAL_GetTick
 .text.HAL_Delay
                0x08002320       0x28 CMakeFiles/ui.elf.dir/Drivers/STM32H7xx_HAL_Driver/Src/stm32h7xx_hal.c.obj
                0x08002320                HAL_Delay
 .text.HAL_GetREVID
                0x08002348        0xc CMakeFiles/ui.elf.dir/Drivers/STM32H7xx_HAL_Driver/Src/stm32h7xx_hal.c.obj
                0x08002348                HAL_GetREVID
 .text.__NVIC_EnableIRQ
                0x08002354       0x1c CMakeFiles/ui.elf.dir/Drivers/STM32H7xx_HAL_Driver/Src/stm32h7xx_hal_cortex.c.obj
 .text.__NVIC_SetPriority
                0x08002370       0x24 CMakeFiles/ui.elf.dir/Drivers/STM32H7xx_HAL_Driver/Src/stm32h7xx_hal_cortex.c.obj
 .text.NVIC_EncodePriority
                0x08002394       0x3e CMakeFiles/ui.elf.dir/Drivers/STM32H7xx_HAL_Driver/Src/stm32h7xx_hal_cortex.c.obj
 *fill*         0x080023d2        0x2 
 .text.HAL_NVIC_SetPriorityGrouping
                0x080023d4       0x24 CMakeFiles/ui.elf.dir/Drivers/STM32H7xx_HAL_Driver/Src/stm32h7xx_hal_cortex.c.obj
                0x080023d4                HAL_NVIC_SetPriorityGrouping
 .text.HAL_NVIC_SetPriority
                0x080023f8       0x20 CMakeFiles/ui.elf.dir/Drivers/STM32H7xx_HAL_Driver/Src/stm32h7xx_hal_cortex.c.obj
                0x080023f8                HAL_NVIC_SetPriority
 .text.HAL_NVIC_EnableIRQ
                0x08002418        0x8 CMakeFiles/ui.elf.dir/Drivers/STM32H7xx_HAL_Driver/Src/stm32h7xx_hal_cortex.c.obj
                0x08002418                HAL_NVIC_EnableIRQ
 .text.HAL_SYSTICK_Config
                0x08002420       0x28 CMakeFiles/ui.elf.dir/Drivers/STM32H7xx_HAL_Driver/Src/stm32h7xx_hal_cortex.c.obj
                0x08002420                HAL_SYSTICK_Config
 .text.HAL_MPU_Disable
                0x08002448       0x1c CMakeFiles/ui.elf.dir/Drivers/STM32H7xx_HAL_Driver/Src/stm32h7xx_hal_cortex.c.obj
                0x08002448                HAL_MPU_Disable
 .text.HAL_MPU_Enable
                0x08002464       0x20 CMakeFiles/ui.elf.dir/Drivers/STM32H7xx_HAL_Driver/Src/stm32h7xx_hal_cortex.c.obj
                0x08002464                HAL_MPU_Enable
 .text.HAL_MPU_ConfigRegion
                0x08002484       0x58 CMakeFiles/ui.elf.dir/Drivers/STM32H7xx_HAL_Driver/Src/stm32h7xx_hal_cortex.c.obj
                0x08002484                HAL_MPU_ConfigRegion
 .text.DMA_SetConfig
                0x080024dc      0x1b4 CMakeFiles/ui.elf.dir/Drivers/STM32H7xx_HAL_Driver/Src/stm32h7xx_hal_dma.c.obj
 .text.DMA_CalcBaseAndBitshift
                0x08002690       0xb0 CMakeFiles/ui.elf.dir/Drivers/STM32H7xx_HAL_Driver/Src/stm32h7xx_hal_dma.c.obj
 .text.DMA_CheckFifoParam
                0x08002740       0x92 CMakeFiles/ui.elf.dir/Drivers/STM32H7xx_HAL_Driver/Src/stm32h7xx_hal_dma.c.obj
 *fill*         0x080027d2        0x2 
 .text.DMA_CalcDMAMUXChannelBaseAndMask
                0x080027d4       0xac CMakeFiles/ui.elf.dir/Drivers/STM32H7xx_HAL_Driver/Src/stm32h7xx_hal_dma.c.obj
 .text.DMA_CalcDMAMUXRequestGenBaseAndMask
                0x08002880       0x7c CMakeFiles/ui.elf.dir/Drivers/STM32H7xx_HAL_Driver/Src/stm32h7xx_hal_dma.c.obj
 .text.HAL_DMA_Init
                0x080028fc      0x3a4 CMakeFiles/ui.elf.dir/Drivers/STM32H7xx_HAL_Driver/Src/stm32h7xx_hal_dma.c.obj
                0x080028fc                HAL_DMA_Init
 .text.HAL_DMA_Start_IT
                0x08002ca0      0x294 CMakeFiles/ui.elf.dir/Drivers/STM32H7xx_HAL_Driver/Src/stm32h7xx_hal_dma.c.obj
                0x08002ca0                HAL_DMA_Start_IT
 .text.HAL_DMA_Abort
                0x08002f34      0x33c CMakeFiles/ui.elf.dir/Drivers/STM32H7xx_HAL_Driver/Src/stm32h7xx_hal_dma.c.obj
                0x08002f34                HAL_DMA_Abort
 .text.HAL_DMA_Abort_IT
                0x08003270      0x26c CMakeFiles/ui.elf.dir/Drivers/STM32H7xx_HAL_Driver/Src/stm32h7xx_hal_dma.c.obj
                0x08003270                HAL_DMA_Abort_IT
 .text.HAL_DMA_IRQHandler
                0x080034dc      0x734 CMakeFiles/ui.elf.dir/Drivers/STM32H7xx_HAL_Driver/Src/stm32h7xx_hal_dma.c.obj
                0x080034dc                HAL_DMA_IRQHandler
 .text.HAL_DMA_GetError
                0x08003c10        0x4 CMakeFiles/ui.elf.dir/Drivers/STM32H7xx_HAL_Driver/Src/stm32h7xx_hal_dma.c.obj
                0x08003c10                HAL_DMA_GetError
 .text.HAL_GPIO_Init
                0x08003c14      0x228 CMakeFiles/ui.elf.dir/Drivers/STM32H7xx_HAL_Driver/Src/stm32h7xx_hal_gpio.c.obj
                0x08003c14                HAL_GPIO_Init
 .text.HAL_GPIO_ReadPin
                0x08003e3c        0xe CMakeFiles/ui.elf.dir/Drivers/STM32H7xx_HAL_Driver/Src/stm32h7xx_hal_gpio.c.obj
                0x08003e3c                HAL_GPIO_ReadPin
 .text.HAL_GPIO_WritePin
                0x08003e4a        0xc CMakeFiles/ui.elf.dir/Drivers/STM32H7xx_HAL_Driver/Src/stm32h7xx_hal_gpio.c.obj
                0x08003e4a                HAL_GPIO_WritePin
 *fill*         0x08003e56        0x2 
 .text.HAL_PWREx_ConfigSupply
                0x08003e58       0x54 CMakeFiles/ui.elf.dir/Drivers/STM32H7xx_HAL_Driver/Src/stm32h7xx_hal_pwr_ex.c.obj
                0x08003e58                HAL_PWREx_ConfigSupply
 .text.HAL_RCC_OscConfig
                0x08003eac      0x6b0 CMakeFiles/ui.elf.dir/Drivers/STM32H7xx_HAL_Driver/Src/stm32h7xx_hal_rcc.c.obj
                0x08003eac                HAL_RCC_OscConfig
 .text.HAL_RCC_GetSysClockFreq
                0x0800455c      0x224 CMakeFiles/ui.elf.dir/Drivers/STM32H7xx_HAL_Driver/Src/stm32h7xx_hal_rcc.c.obj
                0x0800455c                HAL_RCC_GetSysClockFreq
 .text.HAL_RCC_ClockConfig
                0x08004780      0x294 CMakeFiles/ui.elf.dir/Drivers/STM32H7xx_HAL_Driver/Src/stm32h7xx_hal_rcc.c.obj
                0x08004780                HAL_RCC_ClockConfig
 .text.HAL_RCC_GetHCLKFreq
                0x08004a14       0x44 CMakeFiles/ui.elf.dir/Drivers/STM32H7xx_HAL_Driver/Src/stm32h7xx_hal_rcc.c.obj
                0x08004a14                HAL_RCC_GetHCLKFreq
 .text.HAL_RCC_GetPCLK1Freq
                0x08004a58       0x24 CMakeFiles/ui.elf.dir/Drivers/STM32H7xx_HAL_Driver/Src/stm32h7xx_hal_rcc.c.obj
                0x08004a58                HAL_RCC_GetPCLK1Freq
 .text.HAL_RCC_GetPCLK2Freq
                0x08004a7c       0x24 CMakeFiles/ui.elf.dir/Drivers/STM32H7xx_HAL_Driver/Src/stm32h7xx_hal_rcc.c.obj
                0x08004a7c                HAL_RCC_GetPCLK2Freq
 .text.RCCEx_PLL2_Config
                0x08004aa0      0x108 CMakeFiles/ui.elf.dir/Drivers/STM32H7xx_HAL_Driver/Src/stm32h7xx_hal_rcc_ex.c.obj
 .text.RCCEx_PLL3_Config
                0x08004ba8      0x108 CMakeFiles/ui.elf.dir/Drivers/STM32H7xx_HAL_Driver/Src/stm32h7xx_hal_rcc_ex.c.obj
 .text.HAL_RCCEx_PeriphCLKConfig
                0x08004cb0      0xab8 CMakeFiles/ui.elf.dir/Drivers/STM32H7xx_HAL_Driver/Src/stm32h7xx_hal_rcc_ex.c.obj
                0x08004cb0                HAL_RCCEx_PeriphCLKConfig
 .text.HAL_RCCEx_GetD3PCLK1Freq
                0x08005768       0x24 CMakeFiles/ui.elf.dir/Drivers/STM32H7xx_HAL_Driver/Src/stm32h7xx_hal_rcc_ex.c.obj
                0x08005768                HAL_RCCEx_GetD3PCLK1Freq
 .text.HAL_RCCEx_GetPLL2ClockFreq
                0x0800578c      0x238 CMakeFiles/ui.elf.dir/Drivers/STM32H7xx_HAL_Driver/Src/stm32h7xx_hal_rcc_ex.c.obj
                0x0800578c                HAL_RCCEx_GetPLL2ClockFreq
 .text.HAL_RCCEx_GetPLL3ClockFreq
                0x080059c4      0x238 CMakeFiles/ui.elf.dir/Drivers/STM32H7xx_HAL_Driver/Src/stm32h7xx_hal_rcc_ex.c.obj
                0x080059c4                HAL_RCCEx_GetPLL3ClockFreq
 .text.SPI_CloseTransfer
                0x08005bfc       0xc8 CMakeFiles/ui.elf.dir/Drivers/STM32H7xx_HAL_Driver/Src/stm32h7xx_hal_spi.c.obj
 .text.SPI_GetPacketSize
                0x08005cc4       0x10 CMakeFiles/ui.elf.dir/Drivers/STM32H7xx_HAL_Driver/Src/stm32h7xx_hal_spi.c.obj
 .text.HAL_SPI_Init
                0x08005cd4      0x190 CMakeFiles/ui.elf.dir/Drivers/STM32H7xx_HAL_Driver/Src/stm32h7xx_hal_spi.c.obj
                0x08005cd4                HAL_SPI_Init
 .text.HAL_SPI_Transmit_DMA
                0x08005e64      0x1bc CMakeFiles/ui.elf.dir/Drivers/STM32H7xx_HAL_Driver/Src/stm32h7xx_hal_spi.c.obj
                0x08005e64                HAL_SPI_Transmit_DMA
 .text.HAL_SPI_TxCpltCallback
                0x08006020        0x2 CMakeFiles/ui.elf.dir/Drivers/STM32H7xx_HAL_Driver/Src/stm32h7xx_hal_spi.c.obj
                0x08006020                HAL_SPI_TxCpltCallback
 .text.SPI_DMATransmitCplt
                0x08006022       0x28 CMakeFiles/ui.elf.dir/Drivers/STM32H7xx_HAL_Driver/Src/stm32h7xx_hal_spi.c.obj
 .text.HAL_SPI_RxCpltCallback
                0x0800604a        0x2 CMakeFiles/ui.elf.dir/Drivers/STM32H7xx_HAL_Driver/Src/stm32h7xx_hal_spi.c.obj
                0x0800604a                HAL_SPI_RxCpltCallback
 .text.HAL_SPI_TxRxCpltCallback
                0x0800604c        0x2 CMakeFiles/ui.elf.dir/Drivers/STM32H7xx_HAL_Driver/Src/stm32h7xx_hal_spi.c.obj
                0x0800604c                HAL_SPI_TxRxCpltCallback
 .text.HAL_SPI_TxHalfCpltCallback
                0x0800604e        0x2 CMakeFiles/ui.elf.dir/Drivers/STM32H7xx_HAL_Driver/Src/stm32h7xx_hal_spi.c.obj
                0x0800604e                HAL_SPI_TxHalfCpltCallback
 .text.SPI_DMAHalfTransmitCplt
                0x08006050        0xa CMakeFiles/ui.elf.dir/Drivers/STM32H7xx_HAL_Driver/Src/stm32h7xx_hal_spi.c.obj
 .text.HAL_SPI_ErrorCallback
                0x0800605a        0x2 CMakeFiles/ui.elf.dir/Drivers/STM32H7xx_HAL_Driver/Src/stm32h7xx_hal_spi.c.obj
                0x0800605a                HAL_SPI_ErrorCallback
 .text.SPI_DMAError
                0x0800605c       0x2e CMakeFiles/ui.elf.dir/Drivers/STM32H7xx_HAL_Driver/Src/stm32h7xx_hal_spi.c.obj
 .text.SPI_DMAAbortOnError
                0x0800608a       0x1a CMakeFiles/ui.elf.dir/Drivers/STM32H7xx_HAL_Driver/Src/stm32h7xx_hal_spi.c.obj
 .text.HAL_SPI_SuspendCallback
                0x080060a4        0x2 CMakeFiles/ui.elf.dir/Drivers/STM32H7xx_HAL_Driver/Src/stm32h7xx_hal_spi.c.obj
                0x080060a4                HAL_SPI_SuspendCallback
 *fill*         0x080060a6        0x2 
 .text.HAL_SPI_IRQHandler
                0x080060a8      0x240 CMakeFiles/ui.elf.dir/Drivers/STM32H7xx_HAL_Driver/Src/stm32h7xx_hal_spi.c.obj
                0x080060a8                HAL_SPI_IRQHandler
 .text.HAL_TIM_Base_Start_IT
                0x080062e8       0x90 CMakeFiles/ui.elf.dir/Drivers/STM32H7xx_HAL_Driver/Src/stm32h7xx_hal_tim.c.obj
                0x080062e8                HAL_TIM_Base_Start_IT
 .text.HAL_TIM_OC_DelayElapsedCallback
                0x08006378        0x2 CMakeFiles/ui.elf.dir/Drivers/STM32H7xx_HAL_Driver/Src/stm32h7xx_hal_tim.c.obj
                0x08006378                HAL_TIM_OC_DelayElapsedCallback
 .text.HAL_TIM_IC_CaptureCallback
                0x0800637a        0x2 CMakeFiles/ui.elf.dir/Drivers/STM32H7xx_HAL_Driver/Src/stm32h7xx_hal_tim.c.obj
                0x0800637a                HAL_TIM_IC_CaptureCallback
 .text.HAL_TIM_PWM_PulseFinishedCallback
                0x0800637c        0x2 CMakeFiles/ui.elf.dir/Drivers/STM32H7xx_HAL_Driver/Src/stm32h7xx_hal_tim.c.obj
                0x0800637c                HAL_TIM_PWM_PulseFinishedCallback
 .text.HAL_TIM_TriggerCallback
                0x0800637e        0x2 CMakeFiles/ui.elf.dir/Drivers/STM32H7xx_HAL_Driver/Src/stm32h7xx_hal_tim.c.obj
                0x0800637e                HAL_TIM_TriggerCallback
 .text.HAL_TIM_IRQHandler
                0x08006380      0x17a CMakeFiles/ui.elf.dir/Drivers/STM32H7xx_HAL_Driver/Src/stm32h7xx_hal_tim.c.obj
                0x08006380                HAL_TIM_IRQHandler
 *fill*         0x080064fa        0x2 
 .text.TIM_Base_SetConfig
                0x080064fc      0x104 CMakeFiles/ui.elf.dir/Drivers/STM32H7xx_HAL_Driver/Src/stm32h7xx_hal_tim.c.obj
                0x080064fc                TIM_Base_SetConfig
 .text.HAL_TIM_Base_Init
                0x08006600       0x60 CMakeFiles/ui.elf.dir/Drivers/STM32H7xx_HAL_Driver/Src/stm32h7xx_hal_tim.c.obj
                0x08006600                HAL_TIM_Base_Init
 .text.HAL_TIMEx_CommutCallback
                0x08006660        0x2 CMakeFiles/ui.elf.dir/Drivers/STM32H7xx_HAL_Driver/Src/stm32h7xx_hal_tim_ex.c.obj
                0x08006660                HAL_TIMEx_CommutCallback
 .text.HAL_TIMEx_BreakCallback
                0x08006662        0x2 CMakeFiles/ui.elf.dir/Drivers/STM32H7xx_HAL_Driver/Src/stm32h7xx_hal_tim_ex.c.obj
                0x08006662                HAL_TIMEx_BreakCallback
 .text.HAL_TIMEx_Break2Callback
                0x08006664        0x2 CMakeFiles/ui.elf.dir/Drivers/STM32H7xx_HAL_Driver/Src/stm32h7xx_hal_tim_ex.c.obj
                0x08006664                HAL_TIMEx_Break2Callback
 .text.UART_EndTxTransfer
                0x08006666       0x32 CMakeFiles/ui.elf.dir/Drivers/STM32H7xx_HAL_Driver/Src/stm32h7xx_hal_uart.c.obj
 .text.UART_EndRxTransfer
                0x08006698       0x58 CMakeFiles/ui.elf.dir/Drivers/STM32H7xx_HAL_Driver/Src/stm32h7xx_hal_uart.c.obj
 .text.HAL_UART_Transmit_DMA
                0x080066f0       0x9c CMakeFiles/ui.elf.dir/Drivers/STM32H7xx_HAL_Driver/Src/stm32h7xx_hal_uart.c.obj
                0x080066f0                HAL_UART_Transmit_DMA
 .text.UART_DMATransmitCplt
                0x0800678c       0x46 CMakeFiles/ui.elf.dir/Drivers/STM32H7xx_HAL_Driver/Src/stm32h7xx_hal_uart.c.obj
 .text.UART_EndTransmit_IT
                0x080067d2       0x24 CMakeFiles/ui.elf.dir/Drivers/STM32H7xx_HAL_Driver/Src/stm32h7xx_hal_uart.c.obj
 .text.HAL_UART_TxHalfCpltCallback
                0x080067f6        0x2 CMakeFiles/ui.elf.dir/Drivers/STM32H7xx_HAL_Driver/Src/stm32h7xx_hal_uart.c.obj
                0x080067f6                HAL_UART_TxHalfCpltCallback
 .text.UART_DMATxHalfCplt
                0x080067f8        0xa CMakeFiles/ui.elf.dir/Drivers/STM32H7xx_HAL_Driver/Src/stm32h7xx_hal_uart.c.obj
 .text.HAL_UART_RxCpltCallback
                0x08006802        0x2 CMakeFiles/ui.elf.dir/Drivers/STM32H7xx_HAL_Driver/Src/stm32h7xx_hal_uart.c.obj
                0x08006802                HAL_UART_RxCpltCallback
 .text.HAL_UART_RxHalfCpltCallback
                0x08006804        0x2 CMakeFiles/ui.elf.dir/Drivers/STM32H7xx_HAL_Driver/Src/stm32h7xx_hal_uart.c.obj
                0x08006804                HAL_UART_RxHalfCpltCallback
 .text.HAL_UART_ErrorCallback
                0x08006806        0x2 CMakeFiles/ui.elf.dir/Drivers/STM32H7xx_HAL_Driver/Src/stm32h7xx_hal_uart.c.obj
                0x08006806                HAL_UART_ErrorCallback
 .text.UART_DMAError
                0x08006808       0x58 CMakeFiles/ui.elf.dir/Drivers/STM32H7xx_HAL_Driver/Src/stm32h7xx_hal_uart.c.obj
 .text.UART_DMAAbortOnError
                0x08006860       0x10 CMakeFiles/ui.elf.dir/Drivers/STM32H7xx_HAL_Driver/Src/stm32h7xx_hal_uart.c.obj
 .text.HAL_UART_IRQHandler
                0x08006870      0x3d0 CMakeFiles/ui.elf.dir/Drivers/STM32H7xx_HAL_Driver/Src/stm32h7xx_hal_uart.c.obj
                0x08006870                HAL_UART_IRQHandler
 .text.UART_DMARxHalfCplt
                0x08006c40       0x20 CMakeFiles/ui.elf.dir/Drivers/STM32H7xx_HAL_Driver/Src/stm32h7xx_hal_uart.c.obj
 .text.UART_DMAReceiveCplt
                0x08006c60       0x90 CMakeFiles/ui.elf.dir/Drivers/STM32H7xx_HAL_Driver/Src/stm32h7xx_hal_uart.c.obj
 .text.UART_SetConfig
                0x08006cf0      0x5f4 CMakeFiles/ui.elf.dir/Drivers/STM32H7xx_HAL_Driver/Src/stm32h7xx_hal_uart.c.obj
                0x08006cf0                UART_SetConfig
 .text.UART_AdvFeatureConfig
                0x080072e4       0xca CMakeFiles/ui.elf.dir/Drivers/STM32H7xx_HAL_Driver/Src/stm32h7xx_hal_uart.c.obj
                0x080072e4                UART_AdvFeatureConfig
 .text.UART_WaitOnFlagUntilTimeout
                0x080073ae       0xa6 CMakeFiles/ui.elf.dir/Drivers/STM32H7xx_HAL_Driver/Src/stm32h7xx_hal_uart.c.obj
                0x080073ae                UART_WaitOnFlagUntilTimeout
 .text.UART_CheckIdleState
                0x08007454       0xca CMakeFiles/ui.elf.dir/Drivers/STM32H7xx_HAL_Driver/Src/stm32h7xx_hal_uart.c.obj
                0x08007454                UART_CheckIdleState
 .text.HAL_UART_Init
                0x0800751e       0x66 CMakeFiles/ui.elf.dir/Drivers/STM32H7xx_HAL_Driver/Src/stm32h7xx_hal_uart.c.obj
                0x0800751e                HAL_UART_Init
 .text.UART_Start_Receive_DMA
                0x08007584       0xb0 CMakeFiles/ui.elf.dir/Drivers/STM32H7xx_HAL_Driver/Src/stm32h7xx_hal_uart.c.obj
                0x08007584                UART_Start_Receive_DMA
 .text.UARTEx_SetNbDataToProcess
                0x08007634       0x4c CMakeFiles/ui.elf.dir/Drivers/STM32H7xx_HAL_Driver/Src/stm32h7xx_hal_uart_ex.c.obj
 .text.HAL_UARTEx_WakeupCallback
                0x08007680        0x2 CMakeFiles/ui.elf.dir/Drivers/STM32H7xx_HAL_Driver/Src/stm32h7xx_hal_uart_ex.c.obj
                0x08007680                HAL_UARTEx_WakeupCallback
 .text.HAL_UARTEx_RxFifoFullCallback
                0x08007682        0x2 CMakeFiles/ui.elf.dir/Drivers/STM32H7xx_HAL_Driver/Src/stm32h7xx_hal_uart_ex.c.obj
                0x08007682                HAL_UARTEx_RxFifoFullCallback
 .text.HAL_UARTEx_TxFifoEmptyCallback
                0x08007684        0x2 CMakeFiles/ui.elf.dir/Drivers/STM32H7xx_HAL_Driver/Src/stm32h7xx_hal_uart_ex.c.obj
                0x08007684                HAL_UARTEx_TxFifoEmptyCallback
 .text.HAL_UARTEx_DisableFifoMode
                0x08007686       0x3e CMakeFiles/ui.elf.dir/Drivers/STM32H7xx_HAL_Driver/Src/stm32h7xx_hal_uart_ex.c.obj
                0x08007686                HAL_UARTEx_DisableFifoMode
 .text.HAL_UARTEx_SetTxFifoThreshold
                0x080076c4       0x4a CMakeFiles/ui.elf.dir/Drivers/STM32H7xx_HAL_Driver/Src/stm32h7xx_hal_uart_ex.c.obj
                0x080076c4                HAL_UARTEx_SetTxFifoThreshold
 .text.HAL_UARTEx_SetRxFifoThreshold
                0x0800770e       0x4a CMakeFiles/ui.elf.dir/Drivers/STM32H7xx_HAL_Driver/Src/stm32h7xx_hal_uart_ex.c.obj
                0x0800770e                HAL_UARTEx_SetRxFifoThreshold
 .text.HAL_UARTEx_ReceiveToIdle_DMA
                0x08007758       0x50 CMakeFiles/ui.elf.dir/Drivers/STM32H7xx_HAL_Driver/Src/stm32h7xx_hal_uart_ex.c.obj
                0x08007758                HAL_UARTEx_ReceiveToIdle_DMA
 .text.u8g2_DrawHXBMP
                0x080077a8       0x8c CMakeFiles/ui.elf.dir/U8g2/u8g2_bitmap.c.obj
                0x080077a8                u8g2_DrawHXBMP
 .text.u8g2_DrawXBMP
                0x08007834       0x54 CMakeFiles/ui.elf.dir/U8g2/u8g2_bitmap.c.obj
                0x08007834                u8g2_DrawXBMP
 .text.u8g2_DrawBox
                0x08007888       0x4a CMakeFiles/ui.elf.dir/U8g2/u8g2_box.c.obj
                0x08007888                u8g2_DrawBox
 .text.u8g2_DrawFrame
                0x080078d2       0x94 CMakeFiles/ui.elf.dir/U8g2/u8g2_box.c.obj
                0x080078d2                u8g2_DrawFrame
 .text.u8g2_DrawRBox
                0x08007966       0xf6 CMakeFiles/ui.elf.dir/U8g2/u8g2_box.c.obj
                0x08007966                u8g2_DrawRBox
 .text.u8g2_DrawRFrame
                0x08007a5c      0x114 CMakeFiles/ui.elf.dir/U8g2/u8g2_box.c.obj
                0x08007a5c                u8g2_DrawRFrame
 .text.u8g2_send_tile_row
                0x08007b70       0x20 CMakeFiles/ui.elf.dir/U8g2/u8g2_buffer.c.obj
 .text.u8g2_send_buffer
                0x08007b90       0x3a CMakeFiles/ui.elf.dir/U8g2/u8g2_buffer.c.obj
 .text.u8g2_ClearBuffer
                0x08007bca       0x1a CMakeFiles/ui.elf.dir/U8g2/u8g2_buffer.c.obj
                0x08007bca                u8g2_ClearBuffer
 .text.u8g2_SendBuffer
                0x08007be4       0x10 CMakeFiles/ui.elf.dir/U8g2/u8g2_buffer.c.obj
                0x08007be4                u8g2_SendBuffer
 .text.u8g2_draw_circle_section
                0x08007bf4       0xb4 CMakeFiles/ui.elf.dir/U8g2/u8g2_circle.c.obj
 .text.u8g2_draw_circle
                0x08007ca8       0x7e CMakeFiles/ui.elf.dir/U8g2/u8g2_circle.c.obj
 .text.u8g2_draw_disc_section
                0x08007d26       0xc6 CMakeFiles/ui.elf.dir/U8g2/u8g2_circle.c.obj
 .text.u8g2_draw_disc
                0x08007dec       0x7e CMakeFiles/ui.elf.dir/U8g2/u8g2_circle.c.obj
 .text.u8g2_DrawCircle
                0x08007e6a       0x48 CMakeFiles/ui.elf.dir/U8g2/u8g2_circle.c.obj
                0x08007e6a                u8g2_DrawCircle
 .text.u8g2_DrawDisc
                0x08007eb2       0x48 CMakeFiles/ui.elf.dir/U8g2/u8g2_circle.c.obj
                0x08007eb2                u8g2_DrawDisc
 *fill*         0x08007efa        0x2 
 .text.u8g2_m_16_8_f
                0x08007efc        0xc CMakeFiles/ui.elf.dir/U8g2/u8g2_d_memory.c.obj
                0x08007efc                u8g2_m_16_8_f
 .text.u8g2_Setup_ssd1306_128x64_noname_f
                0x08007f08       0x3c CMakeFiles/ui.elf.dir/U8g2/u8g2_d_setup.c.obj
                0x08007f08                u8g2_Setup_ssd1306_128x64_noname_f
 .text.u8g2_font_get_byte
                0x08007f44        0x4 CMakeFiles/ui.elf.dir/U8g2/u8g2_font.c.obj
 .text.u8g2_font_get_word
                0x08007f48        0xe CMakeFiles/ui.elf.dir/U8g2/u8g2_font.c.obj
 .text.u8g2_font_calc_vref_font
                0x08007f56        0x4 CMakeFiles/ui.elf.dir/U8g2/u8g2_font.c.obj
                0x08007f56                u8g2_font_calc_vref_font
 .text.u8g2_read_font_info
                0x08007f5a       0xd0 CMakeFiles/ui.elf.dir/U8g2/u8g2_font.c.obj
                0x08007f5a                u8g2_read_font_info
 .text.u8g2_font_decode_get_unsigned_bits
                0x0800802a       0x4c CMakeFiles/ui.elf.dir/U8g2/u8g2_font.c.obj
                0x0800802a                u8g2_font_decode_get_unsigned_bits
 .text.u8g2_font_setup_decode
                0x08008076       0x40 CMakeFiles/ui.elf.dir/U8g2/u8g2_font.c.obj
 .text.u8g2_font_decode_get_signed_bits
                0x080080b6       0x16 CMakeFiles/ui.elf.dir/U8g2/u8g2_font.c.obj
                0x080080b6                u8g2_font_decode_get_signed_bits
 .text.u8g2_add_vector_y
                0x080080cc       0x22 CMakeFiles/ui.elf.dir/U8g2/u8g2_font.c.obj
                0x080080cc                u8g2_add_vector_y
 .text.u8g2_add_vector_x
                0x080080ee       0x22 CMakeFiles/ui.elf.dir/U8g2/u8g2_font.c.obj
                0x080080ee                u8g2_add_vector_x
 .text.u8g2_font_decode_len
                0x08008110       0xc8 CMakeFiles/ui.elf.dir/U8g2/u8g2_font.c.obj
                0x08008110                u8g2_font_decode_len
 .text.u8g2_font_decode_glyph
                0x080081d8      0x14e CMakeFiles/ui.elf.dir/U8g2/u8g2_font.c.obj
                0x080081d8                u8g2_font_decode_glyph
 .text.u8g2_font_get_glyph_data
                0x08008326       0x74 CMakeFiles/ui.elf.dir/U8g2/u8g2_font.c.obj
                0x08008326                u8g2_font_get_glyph_data
 .text.u8g2_font_draw_glyph
                0x0800839a       0x24 CMakeFiles/ui.elf.dir/U8g2/u8g2_font.c.obj
 .text.u8g2_GetGlyphWidth
                0x080083be       0x3e CMakeFiles/ui.elf.dir/U8g2/u8g2_font.c.obj
                0x080083be                u8g2_GetGlyphWidth
 .text.u8g2_string_width
                0x080083fc       0x7a CMakeFiles/ui.elf.dir/U8g2/u8g2_font.c.obj
 .text.u8g2_DrawGlyph
                0x08008476       0x4e CMakeFiles/ui.elf.dir/U8g2/u8g2_font.c.obj
                0x08008476                u8g2_DrawGlyph
 .text.u8g2_draw_string
                0x080084c4       0x7c CMakeFiles/ui.elf.dir/U8g2/u8g2_font.c.obj
 .text.u8g2_DrawStr
                0x08008540       0x10 CMakeFiles/ui.elf.dir/U8g2/u8g2_font.c.obj
                0x08008540                u8g2_DrawStr
 .text.u8g2_UpdateRefHeight
                0x08008550       0x62 CMakeFiles/ui.elf.dir/U8g2/u8g2_font.c.obj
                0x08008550                u8g2_UpdateRefHeight
 *fill*         0x080085b2        0x2 
 .text.u8g2_SetFontPosBaseline
                0x080085b4        0xc CMakeFiles/ui.elf.dir/U8g2/u8g2_font.c.obj
                0x080085b4                u8g2_SetFontPosBaseline
 .text.u8g2_SetFont
                0x080085c0       0x1c CMakeFiles/ui.elf.dir/U8g2/u8g2_font.c.obj
                0x080085c0                u8g2_SetFont
 .text.u8g2_GetStrWidth
                0x080085dc       0x10 CMakeFiles/ui.elf.dir/U8g2/u8g2_font.c.obj
                0x080085dc                u8g2_GetStrWidth
 .text.u8g2_SetFontDirection
                0x080085ec        0x6 CMakeFiles/ui.elf.dir/U8g2/u8g2_font.c.obj
                0x080085ec                u8g2_SetFontDirection
 .text.u8g2_clip_intersection2
                0x080085f2       0x4c CMakeFiles/ui.elf.dir/U8g2/u8g2_hvline.c.obj
 .text.u8g2_draw_hv_line_2dir
                0x0800863e       0x18 CMakeFiles/ui.elf.dir/U8g2/u8g2_hvline.c.obj
                0x0800863e                u8g2_draw_hv_line_2dir
 .text.u8g2_DrawHVLine
                0x08008656       0xca CMakeFiles/ui.elf.dir/U8g2/u8g2_hvline.c.obj
                0x08008656                u8g2_DrawHVLine
 .text.u8g2_DrawHLine
                0x08008720       0x10 CMakeFiles/ui.elf.dir/U8g2/u8g2_hvline.c.obj
                0x08008720                u8g2_DrawHLine
 .text.u8g2_DrawVLine
                0x08008730       0x10 CMakeFiles/ui.elf.dir/U8g2/u8g2_hvline.c.obj
                0x08008730                u8g2_DrawVLine
 .text.u8g2_DrawPixel
                0x08008740       0x36 CMakeFiles/ui.elf.dir/U8g2/u8g2_hvline.c.obj
                0x08008740                u8g2_DrawPixel
 .text.u8g2_SetDrawColor
                0x08008776       0x10 CMakeFiles/ui.elf.dir/U8g2/u8g2_hvline.c.obj
                0x08008776                u8g2_SetDrawColor
 .text.u8g2_is_intersection_decision_tree
                0x08008786       0x2c CMakeFiles/ui.elf.dir/U8g2/u8g2_intersection.c.obj
                0x08008786                u8g2_is_intersection_decision_tree
 .text.u8g2_IsIntersection
                0x080087b2       0x2c CMakeFiles/ui.elf.dir/U8g2/u8g2_intersection.c.obj
                0x080087b2                u8g2_IsIntersection
 .text.u8g2_DrawLine
                0x080087de       0xce CMakeFiles/ui.elf.dir/U8g2/u8g2_line.c.obj
                0x080087de                u8g2_DrawLine
 .text.u8g2_ll_hvline_vertical_top_lsb
                0x080088ac       0xa6 CMakeFiles/ui.elf.dir/U8g2/u8g2_ll_hvline.c.obj
                0x080088ac                u8g2_ll_hvline_vertical_top_lsb
 .text.u8g2_update_dimension_common
                0x08008952       0x50 CMakeFiles/ui.elf.dir/U8g2/u8g2_setup.c.obj
 .text.u8g2_update_dimension_r0
                0x080089a2        0x8 CMakeFiles/ui.elf.dir/U8g2/u8g2_setup.c.obj
                0x080089a2                u8g2_update_dimension_r0
 .text.u8g2_apply_clip_window
                0x080089aa       0x70 CMakeFiles/ui.elf.dir/U8g2/u8g2_setup.c.obj
 .text.u8g2_update_page_win_r0
                0x08008a1a       0x26 CMakeFiles/ui.elf.dir/U8g2/u8g2_setup.c.obj
                0x08008a1a                u8g2_update_page_win_r0
 .text.u8g2_draw_l90_r0
                0x08008a40       0x12 CMakeFiles/ui.elf.dir/U8g2/u8g2_setup.c.obj
                0x08008a40                u8g2_draw_l90_r0
 .text.u8g2_SetMaxClipWindow
                0x08008a52       0x20 CMakeFiles/ui.elf.dir/U8g2/u8g2_setup.c.obj
                0x08008a52                u8g2_SetMaxClipWindow
 .text.u8g2_SetupBuffer
                0x08008a72       0x40 CMakeFiles/ui.elf.dir/U8g2/u8g2_setup.c.obj
                0x08008a72                u8g2_SetupBuffer
 .text.u8x8_ascii_next
                0x08008ab2       0x12 CMakeFiles/ui.elf.dir/U8g2/u8x8_8x8.c.obj
                0x08008ab2                u8x8_ascii_next
 .text.u8x8_utf8_init
                0x08008ac4        0x8 CMakeFiles/ui.elf.dir/U8g2/u8x8_8x8.c.obj
                0x08008ac4                u8x8_utf8_init
 .text.u8x8_byte_SetDC
                0x08008acc        0xe CMakeFiles/ui.elf.dir/U8g2/u8x8_byte.c.obj
                0x08008acc                u8x8_byte_SetDC
 .text.u8x8_byte_SendBytes
                0x08008ada        0xe CMakeFiles/ui.elf.dir/U8g2/u8x8_byte.c.obj
                0x08008ada                u8x8_byte_SendBytes
 .text.u8x8_byte_SendByte
                0x08008ae8       0x18 CMakeFiles/ui.elf.dir/U8g2/u8x8_byte.c.obj
                0x08008ae8                u8x8_byte_SendByte
 .text.u8x8_cad_SendCmd
                0x08008b00        0xe CMakeFiles/ui.elf.dir/U8g2/u8x8_cad.c.obj
                0x08008b00                u8x8_cad_SendCmd
 .text.u8x8_cad_SendArg
                0x08008b0e        0xe CMakeFiles/ui.elf.dir/U8g2/u8x8_cad.c.obj
                0x08008b0e                u8x8_cad_SendArg
 .text.u8x8_cad_SendData
                0x08008b1c        0xe CMakeFiles/ui.elf.dir/U8g2/u8x8_cad.c.obj
                0x08008b1c                u8x8_cad_SendData
 .text.u8x8_cad_StartTransfer
                0x08008b2a        0xe CMakeFiles/ui.elf.dir/U8g2/u8x8_cad.c.obj
                0x08008b2a                u8x8_cad_StartTransfer
 .text.u8x8_cad_EndTransfer
                0x08008b38        0xe CMakeFiles/ui.elf.dir/U8g2/u8x8_cad.c.obj
                0x08008b38                u8x8_cad_EndTransfer
 .text.u8x8_cad_SendSequence
                0x08008b46       0x72 CMakeFiles/ui.elf.dir/U8g2/u8x8_cad.c.obj
                0x08008b46                u8x8_cad_SendSequence
 .text.u8x8_cad_001
                0x08008bb8       0x5e CMakeFiles/ui.elf.dir/U8g2/u8x8_cad.c.obj
                0x08008bb8                u8x8_cad_001
 *fill*         0x08008c16        0x2 
 .text.u8x8_d_ssd1306_sh1106_generic
                0x08008c18       0xe4 CMakeFiles/ui.elf.dir/U8g2/u8x8_d_ssd1306_128x64_noname.c.obj
 .text.u8x8_d_ssd1306_128x64_noname
                0x08008cfc       0x40 CMakeFiles/ui.elf.dir/U8g2/u8x8_d_ssd1306_128x64_noname.c.obj
                0x08008cfc                u8x8_d_ssd1306_128x64_noname
 .text.u8x8_d_helper_display_setup_memory
                0x08008d3c        0xa CMakeFiles/ui.elf.dir/U8g2/u8x8_display.c.obj
                0x08008d3c                u8x8_d_helper_display_setup_memory
 .text.u8x8_d_helper_display_init
                0x08008d46       0x62 CMakeFiles/ui.elf.dir/U8g2/u8x8_display.c.obj
                0x08008d46                u8x8_d_helper_display_init
 .text.u8x8_DrawTile
                0x08008da8       0x22 CMakeFiles/ui.elf.dir/U8g2/u8x8_display.c.obj
                0x08008da8                u8x8_DrawTile
 .text.u8x8_SetupMemory
                0x08008dca        0xe CMakeFiles/ui.elf.dir/U8g2/u8x8_display.c.obj
                0x08008dca                u8x8_SetupMemory
 .text.u8x8_InitDisplay
                0x08008dd8        0xe CMakeFiles/ui.elf.dir/U8g2/u8x8_display.c.obj
                0x08008dd8                u8x8_InitDisplay
 .text.u8x8_SetPowerSave
                0x08008de6        0xe CMakeFiles/ui.elf.dir/U8g2/u8x8_display.c.obj
                0x08008de6                u8x8_SetPowerSave
 .text.u8x8_SetContrast
                0x08008df4        0xe CMakeFiles/ui.elf.dir/U8g2/u8x8_display.c.obj
                0x08008df4                u8x8_SetContrast
 .text.u8x8_RefreshDisplay
                0x08008e02        0xe CMakeFiles/ui.elf.dir/U8g2/u8x8_display.c.obj
                0x08008e02                u8x8_RefreshDisplay
 .text.u8x8_gpio_call
                0x08008e10        0xa CMakeFiles/ui.elf.dir/U8g2/u8x8_gpio.c.obj
                0x08008e10                u8x8_gpio_call
 .text.u8x8_dummy_cb
                0x08008e1a        0x4 CMakeFiles/ui.elf.dir/U8g2/u8x8_setup.c.obj
                0x08008e1a                u8x8_dummy_cb
 *fill*         0x08008e1e        0x2 
 .text.u8x8_SetupDefaults
                0x08008e20       0x28 CMakeFiles/ui.elf.dir/U8g2/u8x8_setup.c.obj
                0x08008e20                u8x8_SetupDefaults
 .text.u8x8_Setup
                0x08008e48       0x20 CMakeFiles/ui.elf.dir/U8g2/u8x8_setup.c.obj
                0x08008e48                u8x8_Setup
 .text.read_button_GPIO
                0x08008e68       0x38 CMakeFiles/ui.elf.dir/myApp/bsp_key.c.obj
                0x08008e68                read_button_GPIO
 .text.button_callback
                0x08008ea0        0xe CMakeFiles/ui.elf.dir/myApp/bsp_key.c.obj
                0x08008ea0                button_callback
 *fill*         0x08008eae        0x2 
 .text.mybutton_init
                0x08008eb0       0xb4 CMakeFiles/ui.elf.dir/myApp/bsp_key.c.obj
                0x08008eb0                mybutton_init
 .text.MY_LOG   0x08008f64       0x50 CMakeFiles/ui.elf.dir/myApp/bsp_uart.c.obj
                0x08008f64                MY_LOG
 .text.HAL_UART_TxCpltCallback
                0x08008fb4       0x1c CMakeFiles/ui.elf.dir/myApp/bsp_uart.c.obj
                0x08008fb4                HAL_UART_TxCpltCallback
 .text.HAL_UART1_RX_Callback
                0x08008fd0       0x9c CMakeFiles/ui.elf.dir/myApp/bsp_uart.c.obj
                0x08008fd0                HAL_UART1_RX_Callback
 .text.HAL_UARTEx_RxEventCallback
                0x0800906c       0x3c CMakeFiles/ui.elf.dir/myApp/bsp_uart.c.obj
                0x0800906c                HAL_UARTEx_RxEventCallback
 .text.task_uart_proc
                0x080090a8       0x9c CMakeFiles/ui.elf.dir/myApp/bsp_uart.c.obj
                0x080090a8                task_uart_proc
 .text.myUart_init
                0x08009144       0xd0 CMakeFiles/ui.elf.dir/myApp/bsp_uart.c.obj
                0x08009144                myUart_init
 .text.loop     0x08009214       0x20 CMakeFiles/ui.elf.dir/myApp/loop.c.obj
                0x08009214                loop
 .text.os_200hz_task
                0x08009234        0x8 CMakeFiles/ui.elf.dir/myApp/loop.c.obj
                0x08009234                os_200hz_task
 .text.scheduler_init
                0x0800923c        0xc CMakeFiles/ui.elf.dir/myApp/scheduler.c.obj
                0x0800923c                scheduler_init
 .text.scheduler_run
                0x08009248       0x4c CMakeFiles/ui.elf.dir/myApp/scheduler.c.obj
                0x08009248                scheduler_run
 .text.button_handler
                0x08009294      0x22e CMakeFiles/ui.elf.dir/myDrivers/myButton.c.obj
 .text.button_init
                0x080094c2       0x38 CMakeFiles/ui.elf.dir/myDrivers/myButton.c.obj
                0x080094c2                button_init
 .text.button_attach
                0x080094fa        0xa CMakeFiles/ui.elf.dir/myDrivers/myButton.c.obj
                0x080094fa                button_attach
 .text.button_start
                0x08009504       0x24 CMakeFiles/ui.elf.dir/myDrivers/myButton.c.obj
                0x08009504                button_start
 .text.button_ticks
                0x08009528       0x1c CMakeFiles/ui.elf.dir/myDrivers/myButton.c.obj
                0x08009528                button_ticks
 .text.myGpio_init
                0x08009544       0x2c CMakeFiles/ui.elf.dir/myDrivers/myGpio.c.obj
                0x08009544                myGpio_init
 .text.gpio_control_work
                0x08009570       0xbc CMakeFiles/ui.elf.dir/myDrivers/myGpio.c.obj
                0x08009570                gpio_control_work
 .text.led_setup
                0x0800962c       0x14 CMakeFiles/ui.elf.dir/myDrivers/myGpio.c.obj
                0x0800962c                led_setup
 .text.task_led_proc
                0x08009640       0x10 CMakeFiles/ui.elf.dir/myDrivers/myGpio.c.obj
                0x08009640                task_led_proc
 .text.ringbuffer_init
                0x08009650       0x18 CMakeFiles/ui.elf.dir/myDrivers/myRingBuffer.c.obj
                0x08009650                ringbuffer_init
 .text.ringbuffer_is_full
                0x08009668        0xc CMakeFiles/ui.elf.dir/myDrivers/myRingBuffer.c.obj
                0x08009668                ringbuffer_is_full
 .text.ringbuffer_is_empty
                0x08009674        0xa CMakeFiles/ui.elf.dir/myDrivers/myRingBuffer.c.obj
                0x08009674                ringbuffer_is_empty
 *fill*         0x0800967e        0x2 
 .text.ringbuffer_write
                0x08009680       0x50 CMakeFiles/ui.elf.dir/myDrivers/myRingBuffer.c.obj
                0x08009680                ringbuffer_write
 .text.ringbuffer_read
                0x080096d0       0x54 CMakeFiles/ui.elf.dir/myDrivers/myRingBuffer.c.obj
                0x080096d0                ringbuffer_read
 .text.Parse_Intenger
                0x08009724       0x5e CMakeFiles/ui.elf.dir/myDrivers/myStreamParser.c.obj
 .text.CompareString
                0x08009782       0x50 CMakeFiles/ui.elf.dir/myDrivers/myStreamParser.c.obj
 *fill*         0x080097d2        0x2 
 .text.Parse_Float
                0x080097d4       0xa4 CMakeFiles/ui.elf.dir/myDrivers/myStreamParser.c.obj
 .text.SParser_Init
                0x08009878       0x68 CMakeFiles/ui.elf.dir/myDrivers/myStreamParser.c.obj
                0x08009878                SParser_Init
 .text.SParser_Parse
                0x080098e0      0x128 CMakeFiles/ui.elf.dir/myDrivers/myStreamParser.c.obj
                0x080098e0                SParser_Parse
 .text.HAL_TIM_PeriodElapsedCallback
                0x08009a08       0x30 CMakeFiles/ui.elf.dir/myDrivers/myTimeIR.c.obj
                0x08009a08                HAL_TIM_PeriodElapsedCallback
 .text.myTimeIR_init
                0x08009a38       0x10 CMakeFiles/ui.elf.dir/myDrivers/myTimeIR.c.obj
                0x08009a38                myTimeIR_init
 .text.myitoa   0x08009a48       0x24 CMakeFiles/ui.elf.dir/myGui/menu.c.obj
                0x08009a48                myitoa
 .text.ftoa     0x08009a6c       0x28 CMakeFiles/ui.elf.dir/myGui/menu.c.obj
                0x08009a6c                ftoa
 .text.check_box_v_init
                0x08009a94        0xc CMakeFiles/ui.elf.dir/myGui/menu.c.obj
                0x08009a94                check_box_v_init
 .text.check_box_m_init
                0x08009aa0        0xc CMakeFiles/ui.elf.dir/myGui/menu.c.obj
                0x08009aa0                check_box_m_init
 .text.check_box_s_init
                0x08009aac        0xc CMakeFiles/ui.elf.dir/myGui/menu.c.obj
                0x08009aac                check_box_s_init
 .text.check_box_m_select
                0x08009ab8       0x14 CMakeFiles/ui.elf.dir/myGui/menu.c.obj
                0x08009ab8                check_box_m_select
 .text.check_box_s_select
                0x08009acc       0x10 CMakeFiles/ui.elf.dir/myGui/menu.c.obj
                0x08009acc                check_box_s_select
 .text.window_value_init
                0x08009adc       0x54 CMakeFiles/ui.elf.dir/myGui/menu.c.obj
                0x08009adc                window_value_init
 .text.confirm_window_select_button
                0x08009b30       0x24 CMakeFiles/ui.elf.dir/myGui/menu.c.obj
                0x08009b30                confirm_window_select_button
 .text.tile_param_init
                0x08009b54       0x3c CMakeFiles/ui.elf.dir/myGui/menu.c.obj
                0x08009b54                tile_param_init
 .text.sleep_param_init
                0x08009b90       0x40 CMakeFiles/ui.elf.dir/myGui/menu.c.obj
                0x08009b90                sleep_param_init
 .text.knob_param_init
                0x08009bd0       0x10 CMakeFiles/ui.elf.dir/myGui/menu.c.obj
                0x08009bd0                knob_param_init
 .text.krf_param_init
                0x08009be0       0x10 CMakeFiles/ui.elf.dir/myGui/menu.c.obj
                0x08009be0                krf_param_init
 .text.kpf_param_init
                0x08009bf0       0x10 CMakeFiles/ui.elf.dir/myGui/menu.c.obj
                0x08009bf0                kpf_param_init
 .text.volt_param_init
                0x08009c00       0x18 CMakeFiles/ui.elf.dir/myGui/menu.c.obj
                0x08009c00                volt_param_init
 .text.setting_param_init
                0x08009c18       0x18 CMakeFiles/ui.elf.dir/myGui/menu.c.obj
                0x08009c18                setting_param_init
 .text.window_param_init
                0x08009c30       0x2c CMakeFiles/ui.elf.dir/myGui/menu.c.obj
                0x08009c30                window_param_init
 .text.confirm_windos_param_init
                0x08009c5c       0x2c CMakeFiles/ui.elf.dir/myGui/menu.c.obj
                0x08009c5c                confirm_windos_param_init
 .text.layer_init_in
                0x08009c88       0x6c CMakeFiles/ui.elf.dir/myGui/menu.c.obj
                0x08009c88                layer_init_in
 .text.layer_init_out
                0x08009cf4       0x5c CMakeFiles/ui.elf.dir/myGui/menu.c.obj
                0x08009cf4                layer_init_out
 .text.animation
                0x08009d50       0xa0 CMakeFiles/ui.elf.dir/myGui/menu.c.obj
                0x08009d50                animation
 .text.fade     0x08009df0      0x168 CMakeFiles/ui.elf.dir/myGui/menu.c.obj
                0x08009df0                fade
 .text.tile_show
                0x08009f58      0x21c CMakeFiles/ui.elf.dir/myGui/menu.c.obj
                0x08009f58                tile_show
 .text.list_draw_value
                0x0800a174       0x2c CMakeFiles/ui.elf.dir/myGui/menu.c.obj
                0x0800a174                list_draw_value
 .text.list_draw_check_box_frame
                0x0800a1a0       0x2c CMakeFiles/ui.elf.dir/myGui/menu.c.obj
                0x0800a1a0                list_draw_check_box_frame
 .text.list_draw_check_box_dot
                0x0800a1cc       0x28 CMakeFiles/ui.elf.dir/myGui/menu.c.obj
                0x0800a1cc                list_draw_check_box_dot
 .text.list_draw_krf
                0x0800a1f4       0x54 CMakeFiles/ui.elf.dir/myGui/menu.c.obj
                0x0800a1f4                list_draw_krf
 .text.list_draw_kpf
                0x0800a248       0x54 CMakeFiles/ui.elf.dir/myGui/menu.c.obj
                0x0800a248                list_draw_kpf
 .text.list_draw_text_and_check_box
                0x0800a29c       0xc0 CMakeFiles/ui.elf.dir/myGui/menu.c.obj
                0x0800a29c                list_draw_text_and_check_box
 .text.list_show
                0x0800a35c      0x2a0 CMakeFiles/ui.elf.dir/myGui/menu.c.obj
                0x0800a35c                list_show
 *fill*         0x0800a5fc        0x4 
 .text.volt_show
                0x0800a600      0x1c4 CMakeFiles/ui.elf.dir/myGui/menu.c.obj
                0x0800a600                volt_show
 .text.window_show
                0x0800a7c4      0x1cc CMakeFiles/ui.elf.dir/myGui/menu.c.obj
                0x0800a7c4                window_show
 .text.confirm_window_show
                0x0800a990      0x1d8 CMakeFiles/ui.elf.dir/myGui/menu.c.obj
                0x0800a990                confirm_window_show
 .text.tile_rotate_switch
                0x0800ab68       0xe4 CMakeFiles/ui.elf.dir/myGui/menu.c.obj
                0x0800ab68                tile_rotate_switch
 .text.list_rotate_switch
                0x0800ac4c      0x1ac CMakeFiles/ui.elf.dir/myGui/menu.c.obj
                0x0800ac4c                list_rotate_switch
 .text.sleep_proc
                0x0800adf8       0x5c CMakeFiles/ui.elf.dir/myGui/menu.c.obj
                0x0800adf8                sleep_proc
 .text.main_proc
                0x0800ae54       0xbc CMakeFiles/ui.elf.dir/myGui/menu.c.obj
                0x0800ae54                main_proc
 .text.editor_proc
                0x0800af10       0x78 CMakeFiles/ui.elf.dir/myGui/menu.c.obj
                0x0800af10                editor_proc
 .text.knob_proc
                0x0800af88       0xa4 CMakeFiles/ui.elf.dir/myGui/menu.c.obj
                0x0800af88                knob_proc
 .text.krf_proc
                0x0800b02c       0x9c CMakeFiles/ui.elf.dir/myGui/menu.c.obj
                0x0800b02c                krf_proc
 .text.kpf_proc
                0x0800b0c8      0x238 CMakeFiles/ui.elf.dir/myGui/menu.c.obj
                0x0800b0c8                kpf_proc
 .text.serial_proc
                0x0800b300       0x68 CMakeFiles/ui.elf.dir/myGui/menu.c.obj
                0x0800b300                serial_proc
 .text.volt_proc
                0x0800b368       0x40 CMakeFiles/ui.elf.dir/myGui/menu.c.obj
                0x0800b368                volt_proc
 .text.setting_proc
                0x0800b3a8      0x214 CMakeFiles/ui.elf.dir/myGui/menu.c.obj
                0x0800b3a8                setting_proc
 .text.about_proc
                0x0800b5bc       0x68 CMakeFiles/ui.elf.dir/myGui/menu.c.obj
                0x0800b5bc                about_proc
 .text.ui_param_init
                0x0800b624       0x5c CMakeFiles/ui.elf.dir/myGui/menu.c.obj
                0x0800b624                ui_param_init
 .text.ui_init  0x0800b680       0x98 CMakeFiles/ui.elf.dir/myGui/menu.c.obj
                0x0800b680                ui_init
 .text.eeprom_notify_change
                0x0800b718        0xc CMakeFiles/ui.elf.dir/myGui/menu.c.obj
                0x0800b718                eeprom_notify_change
 .text.window_proc
                0x0800b724       0xa4 CMakeFiles/ui.elf.dir/myGui/menu.c.obj
                0x0800b724                window_proc
 .text.confirm_window_proc
                0x0800b7c8       0x90 CMakeFiles/ui.elf.dir/myGui/menu.c.obj
                0x0800b7c8                confirm_window_proc
 .text.ui_proc  0x0800b858       0xac CMakeFiles/ui.elf.dir/myGui/menu.c.obj
                0x0800b858                ui_proc
 .text.u8g2_init
                0x0800b904       0x38 CMakeFiles/ui.elf.dir/myGui/menu.c.obj
                0x0800b904                u8g2_init
 .text.gui_btn_send_signal
                0x0800b93c       0xf8 CMakeFiles/ui.elf.dir/myGui/menu.c.obj
                0x0800b93c                gui_btn_send_signal
 .text.task_gui_proc
                0x0800ba34        0x8 CMakeFiles/ui.elf.dir/myGui/menu.c.obj
                0x0800ba34                task_gui_proc
 .text.myGui_init
                0x0800ba3c       0x1c CMakeFiles/ui.elf.dir/myGui/menu.c.obj
                0x0800ba3c                myGui_init
 .text.u8x8_byte_4wire_hw_spi
                0x0800ba58       0x8c CMakeFiles/ui.elf.dir/myGui/u8g2_oled.c.obj
                0x0800ba58                u8x8_byte_4wire_hw_spi
 .text.u8x8_stm32_gpio_and_delay
                0x0800bae4       0x34 CMakeFiles/ui.elf.dir/myGui/u8g2_oled.c.obj
                0x0800bae4                u8x8_stm32_gpio_and_delay
 .text.u8g2Init
                0x0800bb18       0x3c CMakeFiles/ui.elf.dir/myGui/u8g2_oled.c.obj
                0x0800bb18                u8g2Init
 .text.__udivmoddi4
                0x0800bb54      0x2f8 C:/Software/Clion/Arm_GNU/14EFD8~1.2RE/bin/../lib/gcc/arm-none-eabi/14.2.1/thumb/v7e-m/nofp\libgcc.a(_udivmoddi4.o)
                0x0800bb54                __udivmoddi4
 .text.stdio_exit_handler
                0x0800be4c       0x18 C:/Software/Clion/Arm_GNU/14EFD8~1.2RE/bin/../lib/gcc/arm-none-eabi/14.2.1/thumb/v7e-m/nofp\libg.a(libc_a-findfp.o)
 .text.cleanup_stdio
                0x0800be64       0x40 C:/Software/Clion/Arm_GNU/14EFD8~1.2RE/bin/../lib/gcc/arm-none-eabi/14.2.1/thumb/v7e-m/nofp\libg.a(libc_a-findfp.o)
 .text.global_stdio_init.part.0
                0x0800bea4       0xf0 C:/Software/Clion/Arm_GNU/14EFD8~1.2RE/bin/../lib/gcc/arm-none-eabi/14.2.1/thumb/v7e-m/nofp\libg.a(libc_a-findfp.o)
 .text.__sinit  0x0800bf94       0x3c C:/Software/Clion/Arm_GNU/14EFD8~1.2RE/bin/../lib/gcc/arm-none-eabi/14.2.1/thumb/v7e-m/nofp\libg.a(libc_a-findfp.o)
                0x0800bf94                __sinit
 .text.__sfp_lock_acquire
                0x0800bfd0        0xc C:/Software/Clion/Arm_GNU/14EFD8~1.2RE/bin/../lib/gcc/arm-none-eabi/14.2.1/thumb/v7e-m/nofp\libg.a(libc_a-findfp.o)
                0x0800bfd0                __sfp_lock_acquire
 .text.__sfp_lock_release
                0x0800bfdc        0xc C:/Software/Clion/Arm_GNU/14EFD8~1.2RE/bin/../lib/gcc/arm-none-eabi/14.2.1/thumb/v7e-m/nofp\libg.a(libc_a-findfp.o)
                0x0800bfdc                __sfp_lock_release
 .text._fwalk_sglue
                0x0800bfe8       0x44 C:/Software/Clion/Arm_GNU/14EFD8~1.2RE/bin/../lib/gcc/arm-none-eabi/14.2.1/thumb/v7e-m/nofp\libg.a(libc_a-fwalk.o)
                0x0800bfe8                _fwalk_sglue
 .text.sprintf  0x0800c02c       0x44 C:/Software/Clion/Arm_GNU/14EFD8~1.2RE/bin/../lib/gcc/arm-none-eabi/14.2.1/thumb/v7e-m/nofp\libg.a(libc_a-sprintf.o)
                0x0800c02c                sprintf
 .text.__sread  0x0800c070       0x24 C:/Software/Clion/Arm_GNU/14EFD8~1.2RE/bin/../lib/gcc/arm-none-eabi/14.2.1/thumb/v7e-m/nofp\libg.a(libc_a-stdio.o)
                0x0800c070                __sread
 .text.__swrite
                0x0800c094       0x40 C:/Software/Clion/Arm_GNU/14EFD8~1.2RE/bin/../lib/gcc/arm-none-eabi/14.2.1/thumb/v7e-m/nofp\libg.a(libc_a-stdio.o)
                0x0800c094                __swrite
 .text.__sseek  0x0800c0d4       0x24 C:/Software/Clion/Arm_GNU/14EFD8~1.2RE/bin/../lib/gcc/arm-none-eabi/14.2.1/thumb/v7e-m/nofp\libg.a(libc_a-stdio.o)
                0x0800c0d4                __sseek
 .text.__sclose
                0x0800c0f8        0x8 C:/Software/Clion/Arm_GNU/14EFD8~1.2RE/bin/../lib/gcc/arm-none-eabi/14.2.1/thumb/v7e-m/nofp\libg.a(libc_a-stdio.o)
                0x0800c0f8                __sclose
 .text.vsnprintf
                0x0800c100       0x78 C:/Software/Clion/Arm_GNU/14EFD8~1.2RE/bin/../lib/gcc/arm-none-eabi/14.2.1/thumb/v7e-m/nofp\libg.a(libc_a-vsnprintf.o)
                0x0800c100                vsnprintf
 .text.memset   0x0800c178       0x9c C:/Software/Clion/Arm_GNU/14EFD8~1.2RE/bin/../lib/gcc/arm-none-eabi/14.2.1/thumb/v7e-m/nofp\libg.a(libc_a-memset.o)
                0x0800c178                memset
 .text._close_r
                0x0800c214       0x24 C:/Software/Clion/Arm_GNU/14EFD8~1.2RE/bin/../lib/gcc/arm-none-eabi/14.2.1/thumb/v7e-m/nofp\libg.a(libc_a-closer.o)
                0x0800c214                _close_r
 .text._lseek_r
                0x0800c238       0x2c C:/Software/Clion/Arm_GNU/14EFD8~1.2RE/bin/../lib/gcc/arm-none-eabi/14.2.1/thumb/v7e-m/nofp\libg.a(libc_a-lseekr.o)
                0x0800c238                _lseek_r
 .text._read_r  0x0800c264       0x2c C:/Software/Clion/Arm_GNU/14EFD8~1.2RE/bin/../lib/gcc/arm-none-eabi/14.2.1/thumb/v7e-m/nofp\libg.a(libc_a-readr.o)
                0x0800c264                _read_r
 .text._write_r
                0x0800c290       0x2c C:/Software/Clion/Arm_GNU/14EFD8~1.2RE/bin/../lib/gcc/arm-none-eabi/14.2.1/thumb/v7e-m/nofp\libg.a(libc_a-writer.o)
                0x0800c290                _write_r
 .text.__errno  0x0800c2bc        0xc C:/Software/Clion/Arm_GNU/14EFD8~1.2RE/bin/../lib/gcc/arm-none-eabi/14.2.1/thumb/v7e-m/nofp\libg.a(libc_a-errno.o)
                0x0800c2bc                __errno
 .text.__libc_init_array
                0x0800c2c8       0x50 C:/Software/Clion/Arm_GNU/14EFD8~1.2RE/bin/../lib/gcc/arm-none-eabi/14.2.1/thumb/v7e-m/nofp\libg.a(libc_a-init.o)
                0x0800c2c8                __libc_init_array
 .text.__retarget_lock_init_recursive
                0x0800c318        0x4 C:/Software/Clion/Arm_GNU/14EFD8~1.2RE/bin/../lib/gcc/arm-none-eabi/14.2.1/thumb/v7e-m/nofp\libg.a(libc_a-lock.o)
                0x0800c318                __retarget_lock_init_recursive
 .text.__retarget_lock_close_recursive
                0x0800c31c        0x4 C:/Software/Clion/Arm_GNU/14EFD8~1.2RE/bin/../lib/gcc/arm-none-eabi/14.2.1/thumb/v7e-m/nofp\libg.a(libc_a-lock.o)
                0x0800c31c                __retarget_lock_close_recursive
 .text.__retarget_lock_acquire_recursive
                0x0800c320        0x4 C:/Software/Clion/Arm_GNU/14EFD8~1.2RE/bin/../lib/gcc/arm-none-eabi/14.2.1/thumb/v7e-m/nofp\libg.a(libc_a-lock.o)
                0x0800c320                __retarget_lock_acquire_recursive
 .text.__retarget_lock_release_recursive
                0x0800c324        0x4 C:/Software/Clion/Arm_GNU/14EFD8~1.2RE/bin/../lib/gcc/arm-none-eabi/14.2.1/thumb/v7e-m/nofp\libg.a(libc_a-lock.o)
                0x0800c324                __retarget_lock_release_recursive
 .text.strcpy   0x0800c328       0xbc C:/Software/Clion/Arm_GNU/14EFD8~1.2RE/bin/../lib/gcc/arm-none-eabi/14.2.1/thumb/v7e-m/nofp\libg.a(libc_a-strcpy.o)
                0x0800c328                strcpy
 .text.startup.register_fini
                0x0800c3e4       0x14 C:/Software/Clion/Arm_GNU/14EFD8~1.2RE/bin/../lib/gcc/arm-none-eabi/14.2.1/thumb/v7e-m/nofp\libg.a(libc_a-__call_atexit.o)
 .text.atexit   0x0800c3f8        0xc C:/Software/Clion/Arm_GNU/14EFD8~1.2RE/bin/../lib/gcc/arm-none-eabi/14.2.1/thumb/v7e-m/nofp\libg.a(libc_a-atexit.o)
                0x0800c3f8                atexit
 .text._malloc_trim_r
                0x0800c404       0xb8 C:/Software/Clion/Arm_GNU/14EFD8~1.2RE/bin/../lib/gcc/arm-none-eabi/14.2.1/thumb/v7e-m/nofp\libg.a(libc_a-freer.o)
                0x0800c404                _malloc_trim_r
 .text._free_r  0x0800c4bc      0x1f0 C:/Software/Clion/Arm_GNU/14EFD8~1.2RE/bin/../lib/gcc/arm-none-eabi/14.2.1/thumb/v7e-m/nofp\libg.a(libc_a-freer.o)
                0x0800c4bc                _free_r
 .text._malloc_r
                0x0800c6ac      0x598 C:/Software/Clion/Arm_GNU/14EFD8~1.2RE/bin/../lib/gcc/arm-none-eabi/14.2.1/thumb/v7e-m/nofp\libg.a(libc_a-mallocr.o)
                0x0800c6ac                _malloc_r
 .text.__malloc_lock
                0x0800cc44        0xc C:/Software/Clion/Arm_GNU/14EFD8~1.2RE/bin/../lib/gcc/arm-none-eabi/14.2.1/thumb/v7e-m/nofp\libg.a(libc_a-mlock.o)
                0x0800cc44                __malloc_lock
 .text.__malloc_unlock
                0x0800cc50        0xc C:/Software/Clion/Arm_GNU/14EFD8~1.2RE/bin/../lib/gcc/arm-none-eabi/14.2.1/thumb/v7e-m/nofp\libg.a(libc_a-mlock.o)
                0x0800cc50                __malloc_unlock
 .text._svfprintf_r
                0x0800cc5c     0x2210 C:/Software/Clion/Arm_GNU/14EFD8~1.2RE/bin/../lib/gcc/arm-none-eabi/14.2.1/thumb/v7e-m/nofp\libg.a(libc_a-svfprintf.o)
                0x0800cc5c                _svfprintf_r
 .text.__ssprint_r
                0x0800ee6c       0x58 C:/Software/Clion/Arm_GNU/14EFD8~1.2RE/bin/../lib/gcc/arm-none-eabi/14.2.1/thumb/v7e-m/nofp\libg.a(libc_a-ssprint_r.o)
                0x0800ee6c                __ssprint_r
 .text._fclose_r
                0x0800eec4       0xc0 C:/Software/Clion/Arm_GNU/14EFD8~1.2RE/bin/../lib/gcc/arm-none-eabi/14.2.1/thumb/v7e-m/nofp\libg.a(libc_a-fclose.o)
                0x0800eec4                _fclose_r
 .text.__sflush_r
                0x0800ef84      0x124 C:/Software/Clion/Arm_GNU/14EFD8~1.2RE/bin/../lib/gcc/arm-none-eabi/14.2.1/thumb/v7e-m/nofp\libg.a(libc_a-fflush.o)
                0x0800ef84                __sflush_r
 .text._fflush_r
                0x0800f0a8       0x54 C:/Software/Clion/Arm_GNU/14EFD8~1.2RE/bin/../lib/gcc/arm-none-eabi/14.2.1/thumb/v7e-m/nofp\libg.a(libc_a-fflush.o)
                0x0800f0a8                _fflush_r
 .text.strncpy  0x0800f0fc       0x68 C:/Software/Clion/Arm_GNU/14EFD8~1.2RE/bin/../lib/gcc/arm-none-eabi/14.2.1/thumb/v7e-m/nofp\libg.a(libc_a-strncpy.o)
                0x0800f0fc                strncpy
 .text.__locale_mb_cur_max
                0x0800f164        0xc C:/Software/Clion/Arm_GNU/14EFD8~1.2RE/bin/../lib/gcc/arm-none-eabi/14.2.1/thumb/v7e-m/nofp\libg.a(libc_a-locale.o)
                0x0800f164                __locale_mb_cur_max
 .text._localeconv_r
                0x0800f170        0x8 C:/Software/Clion/Arm_GNU/14EFD8~1.2RE/bin/../lib/gcc/arm-none-eabi/14.2.1/thumb/v7e-m/nofp\libg.a(libc_a-localeconv.o)
                0x0800f170                _localeconv_r
 .text._sbrk_r  0x0800f178       0x24 C:/Software/Clion/Arm_GNU/14EFD8~1.2RE/bin/../lib/gcc/arm-none-eabi/14.2.1/thumb/v7e-m/nofp\libg.a(libc_a-sbrkr.o)
                0x0800f178                _sbrk_r
 .text.__libc_fini_array
                0x0800f19c       0x28 C:/Software/Clion/Arm_GNU/14EFD8~1.2RE/bin/../lib/gcc/arm-none-eabi/14.2.1/thumb/v7e-m/nofp\libg.a(libc_a-fini.o)
                0x0800f19c                __libc_fini_array
 .text.sysconf  0x0800f1c4       0x1c C:/Software/Clion/Arm_GNU/14EFD8~1.2RE/bin/../lib/gcc/arm-none-eabi/14.2.1/thumb/v7e-m/nofp\libg.a(libc_a-sysconf.o)
                0x0800f1c4                sysconf
 .text.frexp    0x0800f1e0       0x6c C:/Software/Clion/Arm_GNU/14EFD8~1.2RE/bin/../lib/gcc/arm-none-eabi/14.2.1/thumb/v7e-m/nofp\libg.a(libm_a-s_frexp.o)
                0x0800f1e0                frexp
 .text.__register_exitproc
                0x0800f24c       0x80 C:/Software/Clion/Arm_GNU/14EFD8~1.2RE/bin/../lib/gcc/arm-none-eabi/14.2.1/thumb/v7e-m/nofp\libg.a(libc_a-__atexit.o)
                0x0800f24c                __register_exitproc
 .text.quorem   0x0800f2cc      0x12c C:/Software/Clion/Arm_GNU/14EFD8~1.2RE/bin/../lib/gcc/arm-none-eabi/14.2.1/thumb/v7e-m/nofp\libg.a(libc_a-dtoa.o)
 .text._dtoa_r  0x0800f3f8     0x1044 C:/Software/Clion/Arm_GNU/14EFD8~1.2RE/bin/../lib/gcc/arm-none-eabi/14.2.1/thumb/v7e-m/nofp\libg.a(libc_a-dtoa.o)
                0x0800f3f8                _dtoa_r
 .text.__ascii_mbtowc
                0x0801043c       0x2c C:/Software/Clion/Arm_GNU/14EFD8~1.2RE/bin/../lib/gcc/arm-none-eabi/14.2.1/thumb/v7e-m/nofp\libg.a(libc_a-mbtowc_r.o)
                0x0801043c                __ascii_mbtowc
 .text._Balloc  0x08010468       0x4c C:/Software/Clion/Arm_GNU/14EFD8~1.2RE/bin/../lib/gcc/arm-none-eabi/14.2.1/thumb/v7e-m/nofp\libg.a(libc_a-mprec.o)
                0x08010468                _Balloc
 .text._Bfree   0x080104b4       0x14 C:/Software/Clion/Arm_GNU/14EFD8~1.2RE/bin/../lib/gcc/arm-none-eabi/14.2.1/thumb/v7e-m/nofp\libg.a(libc_a-mprec.o)
                0x080104b4                _Bfree
 .text.__multadd
                0x080104c8       0xa0 C:/Software/Clion/Arm_GNU/14EFD8~1.2RE/bin/../lib/gcc/arm-none-eabi/14.2.1/thumb/v7e-m/nofp\libg.a(libc_a-mprec.o)
                0x080104c8                __multadd
 .text.__hi0bits
                0x08010568       0x54 C:/Software/Clion/Arm_GNU/14EFD8~1.2RE/bin/../lib/gcc/arm-none-eabi/14.2.1/thumb/v7e-m/nofp\libg.a(libc_a-mprec.o)
                0x08010568                __hi0bits
 .text.__lo0bits
                0x080105bc       0x80 C:/Software/Clion/Arm_GNU/14EFD8~1.2RE/bin/../lib/gcc/arm-none-eabi/14.2.1/thumb/v7e-m/nofp\libg.a(libc_a-mprec.o)
                0x080105bc                __lo0bits
 .text.__i2b    0x0801063c       0x5c C:/Software/Clion/Arm_GNU/14EFD8~1.2RE/bin/../lib/gcc/arm-none-eabi/14.2.1/thumb/v7e-m/nofp\libg.a(libc_a-mprec.o)
                0x0801063c                __i2b
 .text.__multiply
                0x08010698      0x16c C:/Software/Clion/Arm_GNU/14EFD8~1.2RE/bin/../lib/gcc/arm-none-eabi/14.2.1/thumb/v7e-m/nofp\libg.a(libc_a-mprec.o)
                0x08010698                __multiply
 .text.__pow5mult
                0x08010804       0xc0 C:/Software/Clion/Arm_GNU/14EFD8~1.2RE/bin/../lib/gcc/arm-none-eabi/14.2.1/thumb/v7e-m/nofp\libg.a(libc_a-mprec.o)
                0x08010804                __pow5mult
 .text.__lshift
                0x080108c4       0xe8 C:/Software/Clion/Arm_GNU/14EFD8~1.2RE/bin/../lib/gcc/arm-none-eabi/14.2.1/thumb/v7e-m/nofp\libg.a(libc_a-mprec.o)
                0x080108c4                __lshift
 .text.__mcmp   0x080109ac       0x40 C:/Software/Clion/Arm_GNU/14EFD8~1.2RE/bin/../lib/gcc/arm-none-eabi/14.2.1/thumb/v7e-m/nofp\libg.a(libc_a-mprec.o)
                0x080109ac                __mcmp
 .text.__mdiff  0x080109ec      0x174 C:/Software/Clion/Arm_GNU/14EFD8~1.2RE/bin/../lib/gcc/arm-none-eabi/14.2.1/thumb/v7e-m/nofp\libg.a(libc_a-mprec.o)
                0x080109ec                __mdiff
 .text.__d2b    0x08010b60       0xb8 C:/Software/Clion/Arm_GNU/14EFD8~1.2RE/bin/../lib/gcc/arm-none-eabi/14.2.1/thumb/v7e-m/nofp\libg.a(libc_a-mprec.o)
                0x08010b60                __d2b
 .text.__ascii_wctomb
                0x08010c18       0x1c C:/Software/Clion/Arm_GNU/14EFD8~1.2RE/bin/../lib/gcc/arm-none-eabi/14.2.1/thumb/v7e-m/nofp\libg.a(libc_a-wctomb_r.o)
                0x08010c18                __ascii_wctomb
 .text._wcrtomb_r
                0x08010c34       0x4c C:/Software/Clion/Arm_GNU/14EFD8~1.2RE/bin/../lib/gcc/arm-none-eabi/14.2.1/thumb/v7e-m/nofp\libg.a(libc_a-wcrtomb.o)
                0x08010c34                _wcrtomb_r
 .text._wcsrtombs_r
                0x08010c80       0x1c C:/Software/Clion/Arm_GNU/14EFD8~1.2RE/bin/../lib/gcc/arm-none-eabi/14.2.1/thumb/v7e-m/nofp\libg.a(libc_a-wcsrtombs.o)
                0x08010c80                _wcsrtombs_r
 .text.__ssputs_r
                0x08010c9c       0xc0 C:/Software/Clion/Arm_GNU/14EFD8~1.2RE/bin/../lib/gcc/arm-none-eabi/14.2.1/thumb/v7e-m/nofp\libg.a(libc_a-ssputs_r.o)
                0x08010c9c                __ssputs_r
 .text.memmove  0x08010d5c       0xf8 C:/Software/Clion/Arm_GNU/14EFD8~1.2RE/bin/../lib/gcc/arm-none-eabi/14.2.1/thumb/v7e-m/nofp\libg.a(libc_a-memmove.o)
                0x08010d5c                memmove
 .text.__assert_func
                0x08010e54       0x40 C:/Software/Clion/Arm_GNU/14EFD8~1.2RE/bin/../lib/gcc/arm-none-eabi/14.2.1/thumb/v7e-m/nofp\libg.a(libc_a-assert.o)
                0x08010e54                __assert_func
 .text._calloc_r
                0x08010e94       0x6c C:/Software/Clion/Arm_GNU/14EFD8~1.2RE/bin/../lib/gcc/arm-none-eabi/14.2.1/thumb/v7e-m/nofp\libg.a(libc_a-callocr.o)
                0x08010e94                _calloc_r
 .text._realloc_r
                0x08010f00      0x348 C:/Software/Clion/Arm_GNU/14EFD8~1.2RE/bin/../lib/gcc/arm-none-eabi/14.2.1/thumb/v7e-m/nofp\libg.a(libc_a-reallocr.o)
                0x08010f00                _realloc_r
 .text._wcsnrtombs_l
                0x08011248       0xec C:/Software/Clion/Arm_GNU/14EFD8~1.2RE/bin/../lib/gcc/arm-none-eabi/14.2.1/thumb/v7e-m/nofp\libg.a(libc_a-wcsnrtombs.o)
                0x08011248                _wcsnrtombs_l
 .text._wcsnrtombs_r
                0x08011334       0x24 C:/Software/Clion/Arm_GNU/14EFD8~1.2RE/bin/../lib/gcc/arm-none-eabi/14.2.1/thumb/v7e-m/nofp\libg.a(libc_a-wcsnrtombs.o)
                0x08011334                _wcsnrtombs_r
 .text.fiprintf
                0x08011358       0x28 C:/Software/Clion/Arm_GNU/14EFD8~1.2RE/bin/../lib/gcc/arm-none-eabi/14.2.1/thumb/v7e-m/nofp\libg.a(libc_a-fiprintf.o)
                0x08011358                fiprintf
 .text._vfiprintf_r
                0x08011380     0x1278 C:/Software/Clion/Arm_GNU/14EFD8~1.2RE/bin/../lib/gcc/arm-none-eabi/14.2.1/thumb/v7e-m/nofp\libg.a(libc_a-vfiprintf.o)
                0x08011380                _vfiprintf_r
 .text.__sbprintf
                0x080125f8       0x84 C:/Software/Clion/Arm_GNU/14EFD8~1.2RE/bin/../lib/gcc/arm-none-eabi/14.2.1/thumb/v7e-m/nofp\libg.a(libc_a-vfiprintf.o)
 .text.__sprint_r
                0x0801267c       0x20 C:/Software/Clion/Arm_GNU/14EFD8~1.2RE/bin/../lib/gcc/arm-none-eabi/14.2.1/thumb/v7e-m/nofp\libg.a(libc_a-sprint_r.o)
                0x0801267c                __sprint_r
 .text.__sfvwrite_r
                0x0801269c      0x2d8 C:/Software/Clion/Arm_GNU/14EFD8~1.2RE/bin/../lib/gcc/arm-none-eabi/14.2.1/thumb/v7e-m/nofp\libg.a(libc_a-fvwrite.o)
                0x0801269c                __sfvwrite_r
 .text.__swsetup_r
                0x08012974       0xfc C:/Software/Clion/Arm_GNU/14EFD8~1.2RE/bin/../lib/gcc/arm-none-eabi/14.2.1/thumb/v7e-m/nofp\libg.a(libc_a-wsetup.o)
                0x08012974                __swsetup_r
 .text.abort    0x08012a70       0x10 C:/Software/Clion/Arm_GNU/14EFD8~1.2RE/bin/../lib/gcc/arm-none-eabi/14.2.1/thumb/v7e-m/nofp\libg.a(libc_a-abort.o)
                0x08012a70                abort
 .text.__smakebuf_r
                0x08012a80       0xd0 C:/Software/Clion/Arm_GNU/14EFD8~1.2RE/bin/../lib/gcc/arm-none-eabi/14.2.1/thumb/v7e-m/nofp\libg.a(libc_a-makebuf.o)
                0x08012a80                __smakebuf_r
 .text.raise    0x08012b50       0x58 C:/Software/Clion/Arm_GNU/14EFD8~1.2RE/bin/../lib/gcc/arm-none-eabi/14.2.1/thumb/v7e-m/nofp\libg.a(libc_a-signal.o)
                0x08012b50                raise
 .text._fstat_r